W/PackageManager(  414): Not granting permission android.permission.DEVICE_POWER to package com.android.deskclock (protectionLevel=2 flags=0xc8be45)
E/NetdConnector(  414): NDC Command {5 firewall disable} took too long (693ms)
I/ActivityManager(  414): Config changes=200 {1.0 ?mcc?mnc en_US ldltr sw384dp w384dp h567dp 320dpi nrml port -touch qwerty/v/v -nav/h s.4}
W/RecognitionManagerService(  414): no available voice recognition services found for user 0
W/InputMethodManagerService(  414): Ignoring setImeWindowStatus of uid 1000 token: null
W/ResourceType(  414): Failure getting entry for 0x7f060000 (t=5 e=0) in package 0 (error -75)
I/ActivityManager(  414): Start proc com.android.inputmethod.latin for service com.android.inputmethod.latin/.LatinIME: pid=593 uid=10029 gids={50029, 1028, 1015}
V/InputMethodManagerService(  414): Adding window token: android.os.Binder@b1fb1b28
D/dalvikvm(  501): GC_CONCURRENT freed 19K, 3% free 4907K/5008K, paused 21ms+20ms, total 137ms
D/dalvikvm(  501): WAIT_FOR_CONCURRENT_GC blocked 117ms
W/GpsLocationProvider(  414): Could not open GPS configuration file /etc/gps.conf
W/LocationManagerService(  414): no network location provider found
E/FlpHardwareProvider(  414): Error hw_get_module 'flp': -2
E/FlpHardwareProvider(  414): Error hw_get_module 'flp': -2
E/LocationManagerService(  414): no geocoder provider found
E/LocationManagerService(  414): No FusedProvider found.
E/LocationManagerService(  414): no geofence provider found
I/CommonTimeManagementService(  414): No common time service detected on this platform.  Common time services will be unavailable.
I/ActivityManager(  414): Start proc com.android.phone for added application com.android.phone: pid=606 uid=1001 gids={41001, 3002, 3001, 3003, 1028, 1015}
I/InputReader(  414): Reconfiguring input devices.  changes=0x00000020
I/InputReader(  414): Reconfiguring input devices.  changes=0x00000010
I/ActivityManager(  414): START u0 {act=android.intent.action.MAIN cat=[android.intent.category.HOME] flg=0x10000000 cmp=com.android.launcher/com.android.launcher2.Launcher} from pid 0
V/PhoneStatusBar/NavigationBarView(  501): touchEnabled:false
I/ActivityManager(  414): Start proc com.android.launcher for activity com.android.launcher/com.android.launcher2.Launcher: pid=619 uid=10008 gids={50008}
I/SystemServer(  414): Enabled StrictMode for system server main thread.
I/Choreographer(  414): Skipped 449 frames!  The application may be doing too much work on its main thread.
D/dalvikvm(  414): GC_CONCURRENT freed 530K, 10% free 5494K/6096K, paused 16ms+30ms, total 579ms
D/dalvikvm(  414): WAIT_FOR_CONCURRENT_GC blocked 140ms
V/KeyguardServiceDelegate(  414): *** Keyguard connected (yay!)
W/InputMethodManagerService(  414): Focus gain on non-focused client android.view.inputmethod.InputMethodManager$1@b1f7acc0 (uid=1000 pid=414)
D/dalvikvm(  414): WAIT_FOR_CONCURRENT_GC blocked 92ms
D/dalvikvm(  414): WAIT_FOR_CONCURRENT_GC blocked 26ms
E/BluetoothAdapter(  501): Bluetooth binder is null
E/BluetoothAdapter(  501): Bluetooth binder is null
D/dalvikvm(  501): GC_CONCURRENT freed 67K, 3% free 5423K/5556K, paused 42ms+9ms, total 354ms
I/LatinIME(  593): Hardware accelerated drawing: true
E/BluetoothAdapter(  501): Bluetooth binder is null
E/BluetoothAdapter(  501): Bluetooth binder is null
W/ResourceType(  414): Failure getting entry for 0x7f060000 (t=5 e=0) in package 0 (error -75)
I/MediaFocusControl(  414):   Remote Control   registerMediaButtonIntent() for PendingIntent{b1f5a7d0: PendingIntentRecord{b1e0cf00 android broadcastIntent}}
V/BackupManagerService(  414): Connected to transport ComponentInfo{android/com.android.internal.backup.LocalTransportService}
V/BackupManagerService(  414): Registering transport android/com.android.internal.backup.LocalTransportService::android/com.android.internal.backup.LocalTransport = com.android.internal.backup.LocalTransport@b2013590
I/ActivityManager(  414): Start proc com.android.smspush for service com.android.smspush/.WapPushManager: pid=646 uid=10068 gids={50068}
W/InputAttributes(  593): No editor info for this field. Bug?
I/PackageManager(  414):   Action: "android.intent.action.SENDTO"
I/PackageManager(  414):   Category: "android.intent.category.DEFAULT"
I/PackageManager(  414):   Scheme: "sms"
I/PackageManager(  414): Adding preferred activity ComponentInfo{com.android.mms/com.android.mms.ui.ComposeMessageActivity} for user 0 :
I/PackageManager(  414):   Action: "android.intent.action.SENDTO"
I/PackageManager(  414):   Category: "android.intent.category.DEFAULT"
I/PackageManager(  414):   Scheme: "smsto"
I/PackageManager(  414): Adding preferred activity ComponentInfo{com.android.mms/com.android.mms.ui.ComposeMessageActivity} for user 0 :
I/PackageManager(  414):   Action: "android.intent.action.SENDTO"
I/PackageManager(  414):   Category: "android.intent.category.DEFAULT"
I/PackageManager(  414):   Scheme: "mms"
I/PackageManager(  414): Adding preferred activity ComponentInfo{com.android.mms/com.android.mms.ui.ComposeMessageActivity} for user 0 :
D/dalvikvm(  593): GC_CONCURRENT freed 213K, 9% free 3090K/3368K, paused 4ms+3ms, total 386ms
I/ResourceUtils(  593): Found default value: resource=keypress_vibration_durations build=[HARDWARE=goldfish MODEL=AOSP on ARM Emulator BRAND=Android MANUFACTURER=unknown] default=-1
I/ResourceUtils(  593): Found default value: resource=keypress_volumes build=[HARDWARE=goldfish MODEL=AOSP on ARM Emulator BRAND=Android MANUFACTURER=unknown] default=-1.0f
D/dalvikvm(  606): GC_CONCURRENT freed 171K, 8% free 3116K/3352K, paused 3ms+2ms, total 343ms
I/PackageManager(  414):   Action: "android.intent.action.SENDTO"
I/PackageManager(  414):   Category: "android.intent.category.DEFAULT"
I/PackageManager(  414):   Scheme: "mmsto"
I/PackageManager(  414): Adding preferred activity ComponentInfo{com.android.mms/com.android.mms.ui.ComposeMessageActivity} for user 0 :
I/LatinIME:LogUtils(  593): Dictionary info: dictionary = userunigram.en_US.dict ; version = ? ; date = ?
D/dalvikvm(  414): GC_CONCURRENT freed 495K, 10% free 5626K/6196K, paused 13ms+35ms, total 507ms
I/LatinIME:LogUtils(  593): Dictionary info: dictionary = main:en ; version = 42 ; date = 1381226429
D/dalvikvm(  619): GC_CONCURRENT freed 200K, 8% free 3181K/3448K, paused 5ms+11ms, total 130ms
I/ActivityManager(  414): Start proc com.android.printspooler for service com.android.printspooler/.PrintSpoolerService: pid=664 uid=10039 gids={50039}
I/ActivityManager(  414): Start proc android.process.acore for content provider com.android.providers.userdictionary/.UserDictionaryProvider: pid=685 uid=10002 gids={50002, 3003, 1028, 1015}
E/BluetoothAdapter(  606): Bluetooth binder is null
D/PhoneStatusBar(  501): disable: < expand icons alerts ticker system_info back home recent clock search >
I/PrintSpoolerService(  664): No existing print spooler state.
E/BluetoothAdapter(  606): Bluetooth binder is null
D/dalvikvm(  619): GC_CONCURRENT freed 54K, 4% free 3519K/3640K, paused 34ms+92ms, total 168ms
D/CallNotifier(  606): CallNotifier: mSignalInfoToneGenerator created when toneplay
E/BluetoothAdapter(  606): Bluetooth binder is null
D/dalvikvm(  501): GC_CONCURRENT freed 118K, 3% free 6109K/6296K, paused 5ms+3ms, total 201ms
D/dalvikvm(  501): WAIT_FOR_CONCURRENT_GC blocked 183ms
D/MobileDataStateTracker(  414): fota: Broadcast received: android.intent.action.ANY_DATA_STATE apnType=fota
D/MobileDataStateTracker(  414): fota: Received state=DISCONNECTED, old=DISCONNECTED, reason=radioTurnedOff
D/MobileDataStateTracker(  414): ia: Broadcast received: android.intent.action.ANY_DATA_STATE apnType=ia
D/MobileDataStateTracker(  414): ia: Received state=DISCONNECTED, old=DISCONNECTED, reason=radioTurnedOff
D/MobileDataStateTracker(  414): supl: Broadcast received: android.intent.action.ANY_DATA_STATE apnType=supl
D/MobileDataStateTracker(  414): supl: Received state=DISCONNECTED, old=DISCONNECTED, reason=radioTurnedOff
D/MobileDataStateTracker(  414): hipri: Broadcast received: android.intent.action.ANY_DATA_STATE apnType=hipri
D/MobileDataStateTracker(  414): hipri: Received state=DISCONNECTED, old=DISCONNECTED, reason=radioTurnedOff
D/MobileDataStateTracker(  414): ims: Broadcast received: android.intent.action.ANY_DATA_STATE apnType=ims
D/MobileDataStateTracker(  414): ims: Received state=DISCONNECTED, old=DISCONNECTED, reason=radioTurnedOff
D/MobileDataStateTracker(  414): default: Broadcast received: android.intent.action.ANY_DATA_STATE apnType=default
D/MobileDataStateTracker(  414): default: Received state=DISCONNECTED, old=DISCONNECTED, reason=radioTurnedOff
E/BluetoothAdapter(  501): Bluetooth binder is null
D/MobileDataStateTracker(  414): mms: Broadcast received: android.intent.action.ANY_DATA_STATE apnType=mms
D/MobileDataStateTracker(  414): mms: Received state=DISCONNECTED, old=DISCONNECTED, reason=radioTurnedOff
D/MobileDataStateTracker(  414): cbs: Broadcast received: android.intent.action.ANY_DATA_STATE apnType=cbs
D/MobileDataStateTracker(  414): cbs: Received state=DISCONNECTED, old=DISCONNECTED, reason=radioTurnedOff
D/dalvikvm(  685): GC_CONCURRENT freed 265K, 10% free 3138K/3472K, paused 4ms+17ms, total 129ms
D/PhoneStatusBar(  501): heads up is disabled
D/dalvikvm(  414): GC_CONCURRENT freed 561K, 10% free 5695K/6296K, paused 6ms+42ms, total 372ms
I/LatinIME:LogUtils(  593): Dictionary info: dictionary = PersonalizationPredictionDictio ; version = ? ; date = 1463057704
I/LatinIME:LogUtils(  593): Dictionary info: dictionary = UserHistoryDictionary.en_US.dic ; version = ? ; date = 1463293285
D/PhoneStatusBar(  501): mSettingsPanelGravity = 55
I/LatinIME:LogUtils(  593): Dictionary info: dictionary = personalization.en_US.dict ; version = ? ; date = 1463057704
I/Choreographer(  501): Skipped 372 frames!  The application may be doing too much work on its main thread.
V/KeyguardTouchDelegate(  501): Connected to keyguard
D/dalvikvm(  619): GC_CONCURRENT freed 184K, 7% free 3827K/4076K, paused 64ms+3ms, total 243ms
D/dalvikvm(  619): GC_FOR_ALLOC freed 153K, 10% free 3978K/4376K, paused 61ms, total 67ms
D/        (  501): HostConnection::get() New Host Connection established 0xb8b349b8, tid 501
W/EGL_emulation(  501): eglSurfaceAttrib not implemented
D/OpenGLRenderer(  501): Enabling debug mode 0
W/EGL_emulation(  501): eglSurfaceAttrib not implemented
D/PhoneStatusBar(  501): disable: < expand icons alerts ticker system_info back home RECENT* clock SEARCH* >
V/KeyguardHostView(  501): Initial transport state: 1, pbstate=0
D/dalvikvm(  501): GC_CONCURRENT freed 396K, 7% free 6757K/7220K, paused 5ms+4ms, total 99ms
D/dalvikvm(  501): WAIT_FOR_CONCURRENT_GC blocked 43ms
D/dalvikvm(  501): GC_CONCURRENT freed 306K, 5% free 7616K/7992K, paused 27ms+5ms, total 93ms
D/dalvikvm(  414): GC_CONCURRENT freed 540K, 10% free 5846K/6460K, paused 64ms+64ms, total 351ms
D/dalvikvm(  414): WAIT_FOR_CONCURRENT_GC blocked 20ms
I/Choreographer(  619): Skipped 72 frames!  The application may be doing too much work on its main thread.
D/TelephonyDebugService(  606): TelephonyDebugService()
D/dalvikvm(  606): GC_CONCURRENT freed 315K, 11% free 3229K/3612K, paused 4ms+2ms, total 186ms
D/dalvikvm(  414): GC_FOR_ALLOC freed 437K, 13% free 5823K/6660K, paused 153ms, total 154ms
W/WindowManager(  414): Window freeze timeout expired.
W/WindowManager(  414): Force clearing orientation change: Window{b2031f60 u0 NavigationBar}
W/WindowManager(  414): Force clearing orientation change: Window{b1f05518 u0 StatusBar}
D/MobileDataStateTracker(  414): fota: Broadcast received: android.intent.action.ANY_DATA_STATE apnType=fota
D/        (  619): HostConnection::get() New Host Connection established 0xb8a0d668, tid 619
D/MccTable(  606): updateMccMncConfiguration: mcc=310, mnc=260
D/MccTable(  606): getLocaleFromMcc to en_us mcc=310
D/MccTable(  606): getLocaleForLanguageCountry: skipping already persisted
D/MccTable(  606): getLocaleForLanguageCountry: X locale=null
D/MccTable(  606): WIFI_COUNTRY_CODE set to us
D/MobileDataStateTracker(  414): fota: Received state=DISCONNECTED, old=DISCONNECTED, reason=radioTurnedOff
D/MobileDataStateTracker(  414): ia: Broadcast received: android.intent.action.ANY_DATA_STATE apnType=ia
D/MobileDataStateTracker(  414): ia: Received state=DISCONNECTED, old=DISCONNECTED, reason=radioTurnedOff
D/MobileDataStateTracker(  414): supl: Broadcast received: android.intent.action.ANY_DATA_STATE apnType=supl
D/MobileDataStateTracker(  414): supl: Received state=DISCONNECTED, old=DISCONNECTED, reason=radioTurnedOff
D/MobileDataStateTracker(  414): hipri: Broadcast received: android.intent.action.ANY_DATA_STATE apnType=hipri
D/MobileDataStateTracker(  414): hipri: Received state=DISCONNECTED, old=DISCONNECTED, reason=radioTurnedOff
D/MobileDataStateTracker(  414): ims: Broadcast received: android.intent.action.ANY_DATA_STATE apnType=ims
D/MobileDataStateTracker(  414): ims: Received state=DISCONNECTED, old=DISCONNECTED, reason=radioTurnedOff
D/MobileDataStateTracker(  414): default: Broadcast received: android.intent.action.ANY_DATA_STATE apnType=default
D/MobileDataStateTracker(  414): default: Received state=DISCONNECTED, old=DISCONNECTED, reason=radioTurnedOff
D/MobileDataStateTracker(  414): mms: Broadcast received: android.intent.action.ANY_DATA_STATE apnType=mms
D/        (   56): HostConnection::get() New Host Connection established 0xb894e738, tid 444
D/MobileDataStateTracker(  414): mms: Received state=DISCONNECTED, old=DISCONNECTED, reason=radioTurnedOff
D/MobileDataStateTracker(  414): cbs: Broadcast received: android.intent.action.ANY_DATA_STATE apnType=cbs
W/EGL_emulation(  619): eglSurfaceAttrib not implemented
D/MobileDataStateTracker(  414): cbs: Received state=DISCONNECTED, old=DISCONNECTED, reason=radioTurnedOff
D/OpenGLRenderer(  619): Enabling debug mode 0
D/dalvikvm(  414): GC_FOR_ALLOC freed 452K, 13% free 5809K/6660K, paused 84ms, total 86ms
D/MobileDataStateTracker(  414): fota: Broadcast received: android.intent.action.ANY_DATA_STATE apnType=fota
D/MobileDataStateTracker(  414): fota: Received state=DISCONNECTED, old=DISCONNECTED, reason=dataDetached
D/MobileDataStateTracker(  414): ia: Broadcast received: android.intent.action.ANY_DATA_STATE apnType=ia
D/MobileDataStateTracker(  414): ia: Received state=DISCONNECTED, old=DISCONNECTED, reason=dataDetached
D/MobileDataStateTracker(  414): supl: Broadcast received: android.intent.action.ANY_DATA_STATE apnType=supl
D/MobileDataStateTracker(  414): supl: Received state=DISCONNECTED, old=DISCONNECTED, reason=dataDetached
D/MobileDataStateTracker(  414): hipri: Broadcast received: android.intent.action.ANY_DATA_STATE apnType=hipri
D/MobileDataStateTracker(  414): hipri: Received state=DISCONNECTED, old=DISCONNECTED, reason=dataDetached
I/Choreographer(  619): Skipped 36 frames!  The application may be doing too much work on its main thread.
D/dalvikvm(  414): GC_FOR_ALLOC freed 191K, 13% free 5810K/6660K, paused 105ms, total 109ms
I/dalvikvm-heap(  414): Grow heap (frag case) to 5.858MB for 121330-byte allocation
D/dalvikvm(  414): GC_FOR_ALLOC freed 79K, 14% free 5849K/6780K, paused 116ms, total 117ms
D/MobileDataStateTracker(  414): ims: Broadcast received: android.intent.action.ANY_DATA_STATE apnType=ims
D/MobileDataStateTracker(  414): ims: Received state=DISCONNECTED, old=DISCONNECTED, reason=dataDetached
D/MobileDataStateTracker(  414): default: Broadcast received: android.intent.action.ANY_DATA_STATE apnType=default
D/MobileDataStateTracker(  414): default: Received state=DISCONNECTED, old=DISCONNECTED, reason=dataDetached
D/MobileDataStateTracker(  414): mms: Broadcast received: android.intent.action.ANY_DATA_STATE apnType=mms
D/MobileDataStateTracker(  414): mms: Received state=DISCONNECTED, old=DISCONNECTED, reason=dataDetached
D/MobileDataStateTracker(  414): cbs: Broadcast received: android.intent.action.ANY_DATA_STATE apnType=cbs
D/MobileDataStateTracker(  414): cbs: Received state=DISCONNECTED, old=DISCONNECTED, reason=dataDetached
D/MobileDataStateTracker(  414): fota: Broadcast received: android.intent.action.ANY_DATA_STATE apnType=fota
D/MobileDataStateTracker(  414): fota: Received state=DISCONNECTED, old=DISCONNECTED, reason=roamingOff
D/MobileDataStateTracker(  414): ia: Broadcast received: android.intent.action.ANY_DATA_STATE apnType=ia
D/MobileDataStateTracker(  414): ia: Received state=DISCONNECTED, old=DISCONNECTED, reason=roamingOff
D/MobileDataStateTracker(  414): supl: Broadcast received: android.intent.action.ANY_DATA_STATE apnType=supl
I/ActivityManager(  414): Displayed com.android.launcher/com.android.launcher2.Launcher: +11s348ms
D/MobileDataStateTracker(  414): supl: Received state=DISCONNECTED, old=DISCONNECTED, reason=roamingOff
D/MobileDataStateTracker(  414): hipri: Broadcast received: android.intent.action.ANY_DATA_STATE apnType=hipri
D/MobileDataStateTracker(  414): hipri: Received state=DISCONNECTED, old=DISCONNECTED, reason=roamingOff
D/MobileDataStateTracker(  414): ims: Broadcast received: android.intent.action.ANY_DATA_STATE apnType=ims
D/MobileDataStateTracker(  414): ims: Received state=DISCONNECTED, old=DISCONNECTED, reason=roamingOff
D/MobileDataStateTracker(  414): default: Broadcast received: android.intent.action.ANY_DATA_STATE apnType=default
D/MobileDataStateTracker(  414): default: Received state=DISCONNECTED, old=DISCONNECTED, reason=roamingOff
D/MobileDataStateTracker(  414): mms: Broadcast received: android.intent.action.ANY_DATA_STATE apnType=mms
D/MobileDataStateTracker(  414): mms: Received state=DISCONNECTED, old=DISCONNECTED, reason=roamingOff
D/MobileDataStateTracker(  414): cbs: Broadcast received: android.intent.action.ANY_DATA_STATE apnType=cbs
I/Choreographer(  619): Skipped 34 frames!  The application may be doing too much work on its main thread.
D/dalvikvm(  619): GC_CONCURRENT freed 248K, 10% free 4144K/4556K, paused 30ms+5ms, total 112ms
D/MobileDataStateTracker(  414): cbs: Received state=DISCONNECTED, old=DISCONNECTED, reason=roamingOff
D/MobileDataStateTracker(  414): fota: Broadcast received: android.intent.action.ANY_DATA_STATE apnType=fota
D/MobileDataStateTracker(  414): fota: Received state=DISCONNECTED, old=DISCONNECTED, reason=roamingOff
D/MobileDataStateTracker(  414): ia: Broadcast received: android.intent.action.ANY_DATA_STATE apnType=ia
D/MobileDataStateTracker(  414): ia: Received state=DISCONNECTED, old=DISCONNECTED, reason=roamingOff
D/MobileDataStateTracker(  414): supl: Broadcast received: android.intent.action.ANY_DATA_STATE apnType=supl
D/MobileDataStateTracker(  414): supl: Received state=DISCONNECTED, old=DISCONNECTED, reason=roamingOff
D/MobileDataStateTracker(  414): hipri: Broadcast received: android.intent.action.ANY_DATA_STATE apnType=hipri
I/FusedLocation(  414): engine stopped (com.android.location.fused)
I/FusedLocation(  414): engine started (com.android.location.fused)
D/MobileDataStateTracker(  414): hipri: Received state=DISCONNECTED, old=DISCONNECTED, reason=roamingOff
D/MobileDataStateTracker(  414): ims: Broadcast received: android.intent.action.ANY_DATA_STATE apnType=ims
D/MobileDataStateTracker(  414): ims: Received state=DISCONNECTED, old=DISCONNECTED, reason=roamingOff
D/MobileDataStateTracker(  414): default: Broadcast received: android.intent.action.ANY_DATA_STATE apnType=default
D/MobileDataStateTracker(  414): default: Received state=DISCONNECTED, old=DISCONNECTED, reason=roamingOff
D/MobileDataStateTracker(  414): mms: Broadcast received: android.intent.action.ANY_DATA_STATE apnType=mms
D/MobileDataStateTracker(  414): mms: Received state=DISCONNECTED, old=DISCONNECTED, reason=roamingOff
D/MobileDataStateTracker(  414): cbs: Broadcast received: android.intent.action.ANY_DATA_STATE apnType=cbs
I/FusedLocation(  414): engine started (com.android.location.fused)
D/MobileDataStateTracker(  414): cbs: Received state=DISCONNECTED, old=DISCONNECTED, reason=roamingOff
I/Choreographer(  501): Skipped 317 frames!  The application may be doing too much work on its main thread.
I/WifiService(  414): WifiService trying to set country code to us with persist set to true
V/KeyguardHostView(  501): music state changed: 0
W/EGL_emulation(  501): eglSurfaceAttrib not implemented
D/dalvikvm(  414): GC_FOR_ALLOC freed 418K, 15% free 5812K/6780K, paused 75ms, total 76ms
I/dalvikvm-heap(  414): Grow heap (frag case) to 5.918MB for 181990-byte allocation
D/dalvikvm(  414): GC_FOR_ALLOC freed 118K, 16% free 5871K/6960K, paused 69ms, total 69ms
D/MobileDataStateTracker(  414): fota: Broadcast received: android.intent.action.ANY_DATA_STATE apnType=fota
D/MobileDataStateTracker(  414): fota: Received state=DISCONNECTED, old=DISCONNECTED, reason=dataAttached
D/MobileDataStateTracker(  414): ia: Broadcast received: android.intent.action.ANY_DATA_STATE apnType=ia
D/MobileDataStateTracker(  414): ia: Received state=DISCONNECTED, old=DISCONNECTED, reason=dataAttached
D/MobileDataStateTracker(  414): supl: Broadcast received: android.intent.action.ANY_DATA_STATE apnType=supl
D/MobileDataStateTracker(  414): supl: Received state=DISCONNECTED, old=DISCONNECTED, reason=dataAttached
D/MobileDataStateTracker(  414): hipri: Broadcast received: android.intent.action.ANY_DATA_STATE apnType=hipri
D/MobileDataStateTracker(  414): hipri: Received state=DISCONNECTED, old=DISCONNECTED, reason=dataAttached
D/dalvikvm(  501): GC_FOR_ALLOC freed 1494K, 18% free 7562K/9124K, paused 118ms, total 147ms
D/MobileDataStateTracker(  414): ims: Broadcast received: android.intent.action.ANY_DATA_STATE apnType=ims
D/MobileDataStateTracker(  414): ims: Received state=DISCONNECTED, old=DISCONNECTED, reason=dataAttached
D/MobileDataStateTracker(  414): mms: Broadcast received: android.intent.action.ANY_DATA_STATE apnType=mms
D/MobileDataStateTracker(  414): mms: Received state=DISCONNECTED, old=DISCONNECTED, reason=dataAttached
D/MobileDataStateTracker(  414): cbs: Broadcast received: android.intent.action.ANY_DATA_STATE apnType=cbs
D/MobileDataStateTracker(  414): cbs: Received state=DISCONNECTED, old=DISCONNECTED, reason=dataAttached
D/MobileDataStateTracker(  414): fota: Broadcast received: android.intent.action.ANY_DATA_STATE apnType=fota
D/MobileDataStateTracker(  414): fota: Received state=DISCONNECTED, old=DISCONNECTED, reason=dataAttached
D/MobileDataStateTracker(  414): ia: Broadcast received: android.intent.action.ANY_DATA_STATE apnType=ia
D/MobileDataStateTracker(  414): ia: Received state=DISCONNECTED, old=DISCONNECTED, reason=dataAttached
D/MobileDataStateTracker(  414): supl: Broadcast received: android.intent.action.ANY_DATA_STATE apnType=supl
I/dalvikvm-heap(  501): Grow heap (frag case) to 10.375MB for 3072016-byte allocation
D/MobileDataStateTracker(  414): supl: Received state=DISCONNECTED, old=DISCONNECTED, reason=dataAttached
D/MobileDataStateTracker(  414): hipri: Broadcast received: android.intent.action.ANY_DATA_STATE apnType=hipri
D/MobileDataStateTracker(  414): hipri: Received state=DISCONNECTED, old=DISCONNECTED, reason=dataAttached
D/dalvikvm(  501): GC_CONCURRENT freed 8K, 13% free 10554K/12128K, paused 5ms+4ms, total 228ms
D/MccTable(  606): updateMccMncConfiguration: mcc=310, mnc=260
D/MccTable(  606): getLocaleFromMcc to en_us mcc=310
D/MccTable(  606): getLocaleForLanguageCountry: skipping already persisted
D/MccTable(  606): getLocaleForLanguageCountry: X locale=null
D/MccTable(  606): updateMccMncConfiguration updateConfig config={1.0 310mcc260mnc ?locale ?layoutDir ?swdp ?wdp ?hdp ?density ?lsize ?long ?orien ?uimode ?night ?touch ?keyb/?/? ?nav/?}
I/ActivityManager(  414): Config changes=3 {1.0 310mcc260mnc en_US ldltr sw384dp w384dp h567dp 320dpi nrml port -touch qwerty/v/v -nav/h s.5}
D/PermissionCache(   56): checking android.permission.READ_FRAME_BUFFER for uid=1000 => granted (7894 us)
E/gralloc_goldfish(   56): gralloc_alloc: Mismatched usage flags: 768 x 1280, usage b33
W/GraphicBufferAllocator(   56): alloc(768, 1280, 1, 00000b33, ...) failed -22 (Invalid argument)
E/        (   56): GraphicBufferAlloc::createGraphicBuffer(w=768, h=1280) failed (Invalid argument), handle=0x0
E/BufferQueue(   56): [ScreenshotSurface] dequeueBuffer: SurfaceComposer::createGraphicBuffer failed
D/dalvikvm(  606): GC_CONCURRENT freed 312K, 11% free 3334K/3712K, paused 4ms+3ms, total 271ms
D/MobileDataStateTracker(  414): ims: Broadcast received: android.intent.action.ANY_DATA_STATE apnType=ims
D/MobileDataStateTracker(  414): ims: Received state=DISCONNECTED, old=DISCONNECTED, reason=dataAttached
D/MobileDataStateTracker(  414): mms: Broadcast received: android.intent.action.ANY_DATA_STATE apnType=mms
D/MobileDataStateTracker(  414): mms: Received state=DISCONNECTED, old=DISCONNECTED, reason=dataAttached
D/MobileDataStateTracker(  414): cbs: Broadcast received: android.intent.action.ANY_DATA_STATE apnType=cbs
W/WindowManager(  414): Window freeze timeout expired.
W/WindowManager(  414): Force clearing orientation change: Window{b2031f60 u0 NavigationBar}
W/WindowManager(  414): Force clearing orientation change: Window{b1f05518 u0 StatusBar}
W/WindowManager(  414): Force clearing orientation change: Window{b1f7a6e8 u0 Keyguard}
W/WindowManager(  414): Force clearing orientation change: Window{b2017570 u0 com.android.launcher/com.android.launcher2.Launcher}
W/WindowManager(  414): Force clearing orientation change: Window{b1f27488 u0 com.android.systemui.ImageWallpaper}
D/MobileDataStateTracker(  414): cbs: Received state=DISCONNECTED, old=DISCONNECTED, reason=dataAttached
D/MccTable(  606): updateMccMncConfiguration: mcc=310, mnc=260
D/MccTable(  606): getLocaleFromMcc to en_us mcc=310
D/MccTable(  606): getLocaleForLanguageCountry: skipping already persisted
D/MccTable(  606): getLocaleForLanguageCountry: X locale=null
D/MccTable(  606): updateMccMncConfiguration updateConfig config={1.0 310mcc260mnc ?locale ?layoutDir ?swdp ?wdp ?hdp ?density ?lsize ?long ?orien ?uimode ?night ?touch ?keyb/?/? ?nav/?}
D/dalvikvm(  501): GC_FOR_ALLOC freed 3003K, 18% free 7559K/9124K, paused 203ms, total 208ms
I/dalvikvm-heap(  501): Grow heap (frag case) to 10.373MB for 3072016-byte allocation
D/dalvikvm(  501): GC_FOR_ALLOC freed <1K, 13% free 10559K/12128K, paused 176ms, total 176ms
D/dalvikvm(  501): GC_CONCURRENT freed 0K, 13% free 10559K/12128K, paused 28ms+24ms, total 149ms
D/dalvikvm(  606): GC_CONCURRENT freed 316K, 10% free 3478K/3860K, paused 4ms+11ms, total 122ms
D/dalvikvm(  414): GC_CONCURRENT freed 878K, 18% free 5738K/6924K, paused 3ms+46ms, total 182ms
D/dalvikvm(  414): WAIT_FOR_CONCURRENT_GC blocked 133ms
D/dalvikvm(  414): WAIT_FOR_CONCURRENT_GC blocked 13ms
D/MobileDataStateTracker(  414): fota: Broadcast received: android.intent.action.ANY_DATA_STATE apnType=fota
D/MobileDataStateTracker(  414): fota: Received state=DISCONNECTED, old=DISCONNECTED, reason=simLoaded
D/MobileDataStateTracker(  414): ia: Broadcast received: android.intent.action.ANY_DATA_STATE apnType=ia
D/MobileDataStateTracker(  414): ia: Received state=DISCONNECTED, old=DISCONNECTED, reason=simLoaded
D/MobileDataStateTracker(  414): supl: Broadcast received: android.intent.action.ANY_DATA_STATE apnType=supl
D/MobileDataStateTracker(  414): supl: Received state=DISCONNECTED, old=DISCONNECTED, reason=simLoaded
D/MobileDataStateTracker(  414): hipri: Broadcast received: android.intent.action.ANY_DATA_STATE apnType=hipri
D/MobileDataStateTracker(  414): hipri: Received state=DISCONNECTED, old=DISCONNECTED, reason=simLoaded
D/MobileDataStateTracker(  414): ims: Broadcast received: android.intent.action.ANY_DATA_STATE apnType=ims
D/MobileDataStateTracker(  414): ims: Received state=DISCONNECTED, old=DISCONNECTED, reason=simLoaded
D/MobileDataStateTracker(  414): mms: Broadcast received: android.intent.action.ANY_DATA_STATE apnType=mms
D/MobileDataStateTracker(  414): mms: Received state=DISCONNECTED, old=DISCONNECTED, reason=simLoaded
D/MobileDataStateTracker(  414): cbs: Broadcast received: android.intent.action.ANY_DATA_STATE apnType=cbs
D/MobileDataStateTracker(  414): cbs: Received state=DISCONNECTED, old=DISCONNECTED, reason=simLoaded
D/MobileDataStateTracker(  414): default: Broadcast received: android.intent.action.ANY_DATA_STATE apnType=default
D/MobileDataStateTracker(  414): default: Received state=CONNECTING, old=DISCONNECTED, reason=simLoaded
D/MobileDataStateTracker(  414): default: setDetailed state, old =IDLE and new state=CONNECTING
D/MobileDataStateTracker(  414): fota: Broadcast received: android.intent.action.ANY_DATA_STATE apnType=fota
D/MobileDataStateTracker(  414): fota: Received state=DISCONNECTED, old=DISCONNECTED, reason=simLoaded
D/MobileDataStateTracker(  414): ia: Broadcast received: android.intent.action.ANY_DATA_STATE apnType=ia
D/MobileDataStateTracker(  414): ia: Received state=DISCONNECTED, old=DISCONNECTED, reason=simLoaded
D/MobileDataStateTracker(  414): supl: Broadcast received: android.intent.action.ANY_DATA_STATE apnType=supl
D/dalvikvm(  606): GC_CONCURRENT freed 493K, 14% free 3473K/4032K, paused 7ms+17ms, total 233ms
D/MobileDataStateTracker(  414): supl: Received state=DISCONNECTED, old=DISCONNECTED, reason=simLoaded
D/MobileDataStateTracker(  414): hipri: Broadcast received: android.intent.action.ANY_DATA_STATE apnType=hipri
D/MobileDataStateTracker(  414): hipri: Received state=DISCONNECTED, old=DISCONNECTED, reason=simLoaded
D/MobileDataStateTracker(  414): ims: Broadcast received: android.intent.action.ANY_DATA_STATE apnType=ims
D/MobileDataStateTracker(  414): ims: Received state=DISCONNECTED, old=DISCONNECTED, reason=simLoaded
D/MobileDataStateTracker(  414): mms: Broadcast received: android.intent.action.ANY_DATA_STATE apnType=mms
D/MobileDataStateTracker(  414): mms: Received state=DISCONNECTED, old=DISCONNECTED, reason=simLoaded
D/MobileDataStateTracker(  414): cbs: Broadcast received: android.intent.action.ANY_DATA_STATE apnType=cbs
D/MobileDataStateTracker(  414): cbs: Received state=DISCONNECTED, old=DISCONNECTED, reason=simLoaded
D/MobileDataStateTracker(  414): default: Broadcast received: android.intent.action.ANY_DATA_STATE apnType=default
D/MobileDataStateTracker(  414): default: Received state=CONNECTED, old=CONNECTING, reason=connected
D/MobileDataStateTracker(  414): default: setDetailed state, old =CONNECTING and new state=CONNECTED
D/ConnectivityService(  414): ConnectivityChange for mobile: CONNECTED/CONNECTED
D/ConnectivityService(  414): ConnectivityChange checkMobileProvisioning for TYPE_MOBILE or ProvisioningNetwork
D/ConnectivityService(  414): checkMobileProvisioning: E suggestedTimeOutMs=60000
D/ConnectivityService(  414): setProvNotificationVisible: E visible=false networkType=5 extraInfo=null url=null
D/ConnectivityService(  414): checkMobileProvisioning: params={ url=http://clients3.google.com/generate_204 mTimeOutMs=60000 mCb=com.android.server.ConnectivityService$5@b202e260}
D/ConnectivityService(  414): checkMobileProvisioning: X
D/Nat464Xlat(  414): requiresClat: netType=0, hasIPv4Address=true
D/dalvikvm(  414): GC_CONCURRENT freed 541K, 16% free 5827K/6924K, paused 13ms+10ms, total 114ms
D/dalvikvm(  414): WAIT_FOR_CONCURRENT_GC blocked 57ms
D/MobileDataStateTracker(  414): default: setPolicyDataEnable(enabled=true)
I/Choreographer(  501): Skipped 346 frames!  The application may be doing too much work on its main thread.
W/View    (  501): requestLayout() improperly called by android.widget.TextClock{b2262e90 V.ED.... ......ID 172,0-464,213 #7f0a0047 app:id/clock_view} during layout: running second layout pass
W/View    (  501): requestLayout() improperly called by android.widget.TextClock{b2298ea0 V.ED.... ......ID 249,0-387,38 #7f0a004c app:id/date_view} during layout: running second layout pass
W/ProcessCpuTracker(  414): Skipping unknown process pid 739
D/MobileDataStateTracker(  414): default: isProvisioningNetwork: retVal=false
D/ConnectivityService(  414): [CheckMp] isMobileOk: isDefaultProvisioning=false
V/KeyguardServiceDelegate(  414): **** SHOWN CALLED ****
W/WindowManager(  414): App freeze timeout expired.
W/WindowManager(  414): Force clearing freeze: AppWindowToken{b200b8b0 token=Token{b2009bf0 ActivityRecord{b2009978 u0 com.android.launcher/com.android.launcher2.Launcher t1}}}
I/WindowManager(  414): Screen frozen for +5s94ms due to AppWindowToken{b200b8b0 token=Token{b2009bf0 ActivityRecord{b2009978 u0 com.android.launcher/com.android.launcher2.Launcher t1}}}
I/SurfaceFlinger(   56): Boot is finished (75535 ms)
E/NetdConnector(  414): NDC Command {12 bandwidth setiquota eth0 9223372036854775807} took too long (1978ms)
D/MobileDataStateTracker(  414): default: setPolicyDataEnable(enabled=true)
D/PhoneStatusBar(  501): mSettingsPanelGravity = 55
V/KeyguardHostView(  501): Initial transport state: 1, pbstate=0
D/Tethering(  414): MasterInitialState.processMessage what=3
D/CaptivePortalTracker(  414): NoActiveNetworkState{ when=-4ms what=1 obj=NetworkInfo: type: mobile[UMTS], state: CONNECTED/CONNECTED, reason: connected, extra: epc.tmobile.com, roaming: false, failover: false, isAvailable: true, isConnectedToProvisioningNetwork: false target=com.android.internal.util.StateMachine$SmHandler }
D/CaptivePortalTracker(  414): NoActiveNetworkState not a wifi connectivity change, ignore
D/dalvikvm(  414): GC_CONCURRENT freed 799K, 18% free 5739K/6924K, paused 15ms+16ms, total 178ms
D/dalvikvm(  501): GC_CONCURRENT freed 4058K, 33% free 8548K/12672K, paused 4ms+13ms, total 118ms
D/dalvikvm(  501): WAIT_FOR_CONCURRENT_GC blocked 62ms
V/KeyguardHostView(  501): music state changed: 0
D/dalvikvm(  414): GC_CONCURRENT freed 570K, 17% free 5805K/6924K, paused 4ms+6ms, total 77ms
D/dalvikvm(  414): WAIT_FOR_CONCURRENT_GC blocked 46ms
D/dalvikvm(  501): GC_FOR_ALLOC freed 1290K, 34% free 8458K/12672K, paused 60ms, total 63ms
I/dalvikvm-heap(  501): Grow heap (frag case) to 11.250MB for 3072016-byte allocation
D/dalvikvm(  501): GC_CONCURRENT freed 8K, 27% free 11450K/15676K, paused 14ms+15ms, total 81ms
I/Choreographer(  501): Skipped 204 frames!  The application may be doing too much work on its main thread.
W/View    (  501): requestLayout() improperly called by android.widget.TextClock{b2241dd0 V.ED.... ......ID 172,0-464,213 #7f0a0047 app:id/clock_view} during layout: running second layout pass
W/View    (  501): requestLayout() improperly called by android.widget.TextClock{b2242f78 V.ED.... ......ID 249,0-387,38 #7f0a004c app:id/date_view} during layout: running second layout pass
D/PhoneStatusBar(  501): disable: < expand icons alerts ticker system_info BACK* HOME* RECENT CLOCK* SEARCH >
D/dalvikvm(  414): GC_CONCURRENT freed 668K, 17% free 5780K/6924K, paused 4ms+16ms, total 167ms
V/KeyguardHostView(  501): Initial transport state: 1, pbstate=0
D/MobileDataStateTracker(  414): hipri: isProvisioningNetwork: retVal=false
D/ConnectivityService(  414): [CheckMp] isMobileOk: isHipriProvisioning=false
D/ConnectivityService(  414): [CheckMp] isMobileOk: start hipri url=http://clients3.google.com/generate_204
V/KeyguardHostView(  501): music state changed: 0
D/ConnectivityService(  414): startUsingNetworkFeature reconnecting to 0: enableHIPRI
D/ConnectivityService(  414): startUsingNetworkFeature X: return APN_REQUEST_STARTED
E/ConnectivityService(  414): startUsingNetworkFeature took too long: 341ms
D/ConnectivityService(  414): [CheckMp] isMobileOk: hipri started
D/ConnectivityService(  414): [CheckMp] isMobileOk: not connected ni=NetworkInfo: type: mobile_hipri[UMTS], state: DISCONNECTED/IDLE, reason: (unspecified), extra: (none), roaming: false, failover: false, isAvailable: true, isConnectedToProvisioningNetwork: false
D/MobileDataStateTracker(  414): hipri: Broadcast received: android.intent.action.ANY_DATA_STATE apnType=hipri
D/dalvikvm(  501): GC_CONCURRENT freed 1826K, 26% free 11699K/15676K, paused 4ms+7ms, total 186ms
D/MobileDataStateTracker(  414): hipri: Received state=CONNECTING, old=DISCONNECTED, reason=dataEnabled
D/MobileDataStateTracker(  414): hipri: setDetailed state, old =IDLE and new state=CONNECTING
D/MobileDataStateTracker(  414): fota: Broadcast received: android.intent.action.ANY_DATA_STATE apnType=fota
D/MobileDataStateTracker(  414): fota: Received state=DISCONNECTED, old=DISCONNECTED, reason=dataEnabled
D/MobileDataStateTracker(  414): ia: Broadcast received: android.intent.action.ANY_DATA_STATE apnType=ia
D/MobileDataStateTracker(  414): ia: Received state=DISCONNECTED, old=DISCONNECTED, reason=dataEnabled
D/MobileDataStateTracker(  414): supl: Broadcast received: android.intent.action.ANY_DATA_STATE apnType=supl
D/MobileDataStateTracker(  414): supl: Received state=DISCONNECTED, old=DISCONNECTED, reason=dataEnabled
D/MobileDataStateTracker(  414): ims: Broadcast received: android.intent.action.ANY_DATA_STATE apnType=ims
D/MobileDataStateTracker(  414): ims: Received state=DISCONNECTED, old=DISCONNECTED, reason=dataEnabled
D/MobileDataStateTracker(  414): mms: Broadcast received: android.intent.action.ANY_DATA_STATE apnType=mms
D/MobileDataStateTracker(  414): mms: Received state=DISCONNECTED, old=DISCONNECTED, reason=dataEnabled
D/MobileDataStateTracker(  414): cbs: Broadcast received: android.intent.action.ANY_DATA_STATE apnType=cbs
D/MobileDataStateTracker(  414): cbs: Received state=DISCONNECTED, old=DISCONNECTED, reason=dataEnabled
D/dalvikvm(  414): GC_CONCURRENT freed 696K, 17% free 5807K/6924K, paused 3ms+6ms, total 292ms
D/dalvikvm(  414): WAIT_FOR_CONCURRENT_GC blocked 41ms
D/dalvikvm(  414): WAIT_FOR_CONCURRENT_GC blocked 31ms
D/MobileDataStateTracker(  414): hipri: Broadcast received: android.intent.action.ANY_DATA_STATE apnType=hipri
D/MobileDataStateTracker(  414): hipri: Received state=CONNECTED, old=CONNECTING, reason=dataEnabled
D/MobileDataStateTracker(  414): hipri: setDetailed state, old =CONNECTING and new state=CONNECTED
D/ConnectivityService(  414): ConnectivityChange for mobile_hipri: CONNECTED/CONNECTED
D/dalvikvm(  414): WAIT_FOR_CONCURRENT_GC blocked 84ms
E/ConnectivityService(  414): Exception trying to add a route: java.lang.IllegalStateException: command '18 interface fwmark exempt add 10.0.2.2/32' failed with '400 18 Failed to add exemption rule (File exists)'
D/dalvikvm(  414): GC_FOR_ALLOC freed 300K, 16% free 5854K/6924K, paused 58ms, total 59ms
I/dalvikvm-heap(  414): Grow heap (frag case) to 5.940MB for 162818-byte allocation
I/Choreographer(  501): Skipped 87 frames!  The application may be doing too much work on its main thread.
D/dalvikvm(  414): GC_FOR_ALLOC freed 107K, 17% free 5905K/7084K, paused 76ms, total 76ms
E/ConnectivityService(  414): Exception trying to add a route: java.lang.IllegalStateException: command '20 interface fwmark exempt add 10.0.2.3/32' failed with '400 20 Failed to add exemption rule (File exists)'
E/ConnectivityService(  414): Exception trying to add a route: java.lang.IllegalStateException: command '22 interface fwmark exempt add 10.0.2.2/32' failed with '400 22 Failed to add exemption rule (File exists)'
W/View    (  501): requestLayout() improperly called by android.widget.TextClock{b2245e80 V.ED.... ......ID 172,0-464,213 #7f0a0047 app:id/clock_view} during layout: running second layout pass
W/View    (  501): requestLayout() improperly called by android.widget.TextClock{b22f6f98 V.ED.... ......ID 249,0-387,38 #7f0a004c app:id/date_view} during layout: running second layout pass
E/ConnectivityService(  414): Exception trying to add a route: java.lang.IllegalStateException: command '24 interface fwmark exempt add 10.0.2.4/32' failed with '400 24 Failed to add exemption rule (File exists)'
E/ConnectivityService(  414): Exception trying to add a route: java.lang.IllegalStateException: command '26 interface fwmark exempt add 10.0.2.2/32' failed with '400 26 Failed to add exemption rule (File exists)'
E/ConnectivityService(  414): Exception trying to add a route: java.lang.IllegalStateException: command '28 interface fwmark exempt add 10.0.2.5/32' failed with '400 28 Failed to add exemption rule (File exists)'
D/dalvikvm(  414): GC_EXPLICIT freed 67K, 17% free 5903K/7084K, paused 4ms+11ms, total 280ms
E/SecondaryTablController(   53): ip route add failed: /system/bin/ip route add 10.0.2.2/32 via 0.0.0.0 dev eth0 table 60
W/FrameworkListener(   53): Handler 'interface' error (No such device)
E/ConnectivityService(  414): Exception trying to add a route: java.lang.IllegalStateException: command '29 interface route add eth0 secondary 10.0.2.2 32 0.0.0.0' failed with '400 29 ip route modification failed (No such device)'
E/SecondaryTablController(   53): ip route add failed: /system/bin/ip route add 0.0.0.0/0 via 10.0.2.2 dev eth0 table 60
W/FrameworkListener(   53): Handler 'interface' error (No such device)
E/ConnectivityService(  414): Exception trying to add a route: java.lang.IllegalStateException: command '30 interface route add eth0 secondary 0.0.0.0 0 10.0.2.2' failed with '400 30 ip route modification failed (No such device)'
D/Nat464Xlat(  414): requiresClat: netType=5, hasIPv4Address=true
D/MobileDataStateTracker(  414): default: setPolicyDataEnable(enabled=true)
W/NetworkPolicy(  414): shared quota unsupported; generating rule for each iface
D/MobileDataStateTracker(  414): hipri: isProvisioningNetwork: retVal=false
D/ConnectivityService(  414): [CheckMp] isMobileOk: isProvisioningNetwork is false, continue
W/ProcessCpuTracker(  414): Skipping unknown process pid 773
E/NetdConnector(  414): NDC Command {32 bandwidth removeiquota eth0} took too long (858ms)
D/ConnectivityService(  414): [CheckMp] isMobileOk: addresses=clients3.google.com/74.125.130.102,clients3.google.com/74.125.130.138,clients3.google.com/74.125.130.101,clients3.google.com/74.125.130.139,clients3.google.com/74.125.130.113,clients3.google.com/74.125.130.100
D/ConnectivityService(  414): [CheckMp] isMobileOk: linkHasIpv4=true linkHasIpv6=false
D/Launcher.Model(  619): Reload apps on config change. curr_mcc:310 prevmcc:0
I/Choreographer(  619): Skipped 646 frames!  The application may be doing too much work on its main thread.
D/dalvikvm(  619): GC_CONCURRENT freed 238K, 7% free 4361K/4664K, paused 33ms+36ms, total 243ms
W/EGL_emulation(  619): eglSurfaceAttrib not implemented
I/ActivityManager(  414): Start proc com.android.externalstorage for broadcast com.android.externalstorage/.MountReceiver: pid=796 uid=10006 gids={50006, 1028, 1015, 1023}
D/dalvikvm(   57): GC_EXPLICIT freed 37K, 4% free 2904K/3008K, paused 2ms+3ms, total 58ms
D/dalvikvm(   57): GC_EXPLICIT freed <1K, 4% free 2904K/3008K, paused 2ms+3ms, total 64ms
D/dalvikvm(   57): GC_EXPLICIT freed <1K, 4% free 2904K/3008K, paused 3ms+2ms, total 54ms
D/Tethering(  414): MasterInitialState.processMessage what=3
D/CaptivePortalTracker(  414): NoActiveNetworkState{ when=-1ms what=1 obj=NetworkInfo: type: mobile_hipri[UMTS], state: CONNECTED/CONNECTED, reason: dataEnabled, extra: epc.tmobile.com, roaming: false, failover: false, isAvailable: true, isConnectedToProvisioningNetwork: false target=com.android.internal.util.StateMachine$SmHandler }
D/CaptivePortalTracker(  414): NoActiveNetworkState not a wifi connectivity change, ignore
D/ExternalStorage(  796): After updating volumes, found 1 active roots
E/NetdConnector(  414): NDC Command {33 bandwidth setiquota eth0 9223372036854775807} took too long (2177ms)
E/NetdConnector(  414): NDC Command {34 interface route add eth0 default 10.0.2.2 32 0.0.0.0} took too long (1824ms)
D/dalvikvm(  619): GC_FOR_ALLOC freed 167K, 8% free 4532K/4912K, paused 83ms, total 94ms
D/dalvikvm(  619): GC_FOR_ALLOC freed 168K, 9% free 4674K/5112K, paused 78ms, total 91ms
E/NetdConnector(  414): NDC Command {35 bandwidth removeiquota eth0} took too long (728ms)
E/NetdConnector(  414): NDC Command {36 interface fwmark exempt add 10.0.2.2/32} took too long (782ms)
D/dalvikvm(  619): GC_FOR_ALLOC freed 164K, 9% free 4856K/5312K, paused 62ms, total 75ms
E/ConnectivityService(  414): Exception trying to add a route: java.lang.IllegalStateException: command '36 interface fwmark exempt add 10.0.2.2/32' failed with '400 36 Failed to add exemption rule (File exists)'
D/dalvikvm(  619): GC_FOR_ALLOC freed 243K, 10% free 5040K/5552K, paused 59ms, total 63ms
I/Launcher.Model(  619): not binding apps: no Launcher activity
E/NetdConnector(  414): NDC Command {37 bandwidth setiquota eth0 9223372036854775807} took too long (1555ms)
D/MobileDataStateTracker(  414): default: setPolicyDataEnable(enabled=true)
E/NetdConnector(  414): NDC Command {38 interface route add eth0 default 74.125.130.139 32 10.0.2.2} took too long (1296ms)
E/ConnectivityService(  414): Exception trying to add a route: java.lang.IllegalStateException: command '40 interface fwmark exempt add 74.125.130.139/32' failed with '400 40 Failed to add exemption rule (File exists)'
D/ConnectivityService(  414): requestRouteToHostAddress ok=false
D/ConnectivityService(  414): [CheckMp] isMobileOk: could not establish route to hostAddr=clients3.google.com/74.125.130.139
D/dalvikvm(  606): GC_CONCURRENT freed 395K, 15% free 3462K/4032K, paused 5ms+3ms, total 33ms
D/GpsLocationProvider(  414): NTP server returned: 1463568657107 (Wed May 18 06:50:57 EDT 2016) reference: 78106 certainty: 207 system time offset: -35121
I/ContactLocale(  685): AddressBook Labels [en_US]: [, A, B, C, D, E, F, G, H, I, J, K, L, M, N, O, P, Q, R, S, T, U, V, W, X, Y, Z, , , , , , , , , , , , , , , , , , , , , , , , , , , , , , , , , , , , , , , , , , , , , , , , , , , , , , , , , , , , , , , , , , , , , , , , , , , , , , , , , , , , , , , , , , , , , , , , , , , , , , , , , , , , , , , , , , , , , , , , , , , , , , , , , , , , , , , , , , , , , , , , , , , , , , , , , , , , , , , , , , , , , , , , , , , , , , , , , , , , , , #, ]
D/ExternalStorage(  796): After updating volumes, found 1 active roots
D/MediaScannerReceiver(  534): action: android.intent.action.MEDIA_MOUNTED path: /storage/sdcard
I/ActivityManager(  414): Start proc com.android.settings for broadcast com.android.settings/.widget.SettingsAppWidgetProvider: pid=839 uid=1000 gids={41000, 1028, 1015, 3002, 3001, 3003}
D/dalvikvm(  534): GC_CONCURRENT freed 207K, 9% free 3094K/3368K, paused 5ms+3ms, total 115ms
V/MediaScanner(  534): pruneDeadThumbnailFiles... android.database.sqlite.SQLiteCursor@b1d65290
V/MediaScanner(  534): /pruneDeadThumbnailFiles... android.database.sqlite.SQLiteCursor@b1d65290
E/BluetoothAdapter(  839): Bluetooth binder is null
I/ActivityManager(  414): Start proc com.android.music for broadcast com.android.music/.MediaButtonIntentReceiver: pid=854 uid=10032 gids={50032, 3003, 1028, 1015}
I/dalvikvm(  854): CheckJNI enabled: not enabling JNI app bug workarounds.
I/MediaFocusControl(  414):   Remote Control   registerMediaButtonIntent() for PendingIntent{b1f50390: PendingIntentRecord{b2096d08 com.android.music broadcastIntent}}
V/KeyguardHostView(  501): hide transport, gen:2
V/KeyguardHostView(  501): update widget: transport state changed
E/BluetoothAdapter(  839): Bluetooth binder is null
V/KeyguardHostView(  501): hide transport, gen:3
I/ActivityManager(  414): Start proc com.android.dialer for broadcast com.android.dialer/.calllog.CallLogReceiver: pid=868 uid=10004 gids={50004, 3003, 1028, 1015}
D/ExtensionsFactory(  868): No custom extensions.
E/BluetoothAdapter(  414): Bluetooth binder is null
E/BluetoothAdapter(  414): Bluetooth binder is null
V/WiredAccessoryManager(  414): init()
I/PowerManagerService(  414): Boot animation finished.
I/RecoverySystem(  414): No recovery log file
I/ActivityManager(  414): Start proc com.android.providers.calendar for broadcast com.android.providers.calendar/.CalendarReceiver: pid=890 uid=10001 gids={50001, 3003, 1028, 1015}
I/BootReceiver(  414): Copying audit failures to DropBox
I/BootReceiver(  414): Checking for fsck errors
D/dalvikvm(  414): GC_CONCURRENT freed 745K, 17% free 5841K/7024K, paused 23ms+23ms, total 260ms
D/dalvikvm(  414): WAIT_FOR_CONCURRENT_GC blocked 155ms
E/ConnectivityService(  414): Exception trying to add a route: java.lang.IllegalStateException: command '42 interface fwmark exempt add 10.0.2.2/32' failed with '400 42 Failed to add exemption rule (File exists)'
E/NetdConnector(  414): NDC Command {43 interface route add eth0 default 74.125.130.113 32 10.0.2.2} took too long (708ms)
E/ConnectivityService(  414): Exception trying to add a route: java.lang.IllegalStateException: command '44 interface fwmark exempt add 74.125.130.113/32' failed with '400 44 Failed to add exemption rule (File exists)'
D/ConnectivityService(  414): requestRouteToHostAddress ok=false
D/ConnectivityService(  414): [CheckMp] isMobileOk: could not establish route to hostAddr=clients3.google.com/74.125.130.113
I/CalendarProvider2(  890): Created com.android.providers.calendar.CalendarAlarmManager@b1d29428(com.android.providers.calendar.CalendarProvider2@b1d20648)
I/ActivityManager(  414): Delay finish: com.android.providers.downloads/.DownloadReceiver
I/ActivityManager(  414): Resuming delayed broadcast
I/ActivityManager(  414): Delay finish: com.android.providers.media/.MediaScannerReceiver
D/dalvikvm(  534): GC_CONCURRENT freed 287K, 10% free 3205K/3556K, paused 5ms+4ms, total 45ms
I/CalendarProvider2(  890): Sending notification intent: Intent { act=android.intent.action.PROVIDER_CHANGED dat=content://com.android.calendar }
W/ContentResolver(  890): Failed to get type for: content://com.android.calendar (Unknown URL content://com.android.calendar)
I/ActivityManager(  414): Resuming delayed broadcast
I/ActivityManager(  414): Start proc com.android.mms for broadcast com.android.mms/.transaction.MmsSystemEventReceiver: pid=934 uid=10009 gids={50009, 3003, 1028, 1015}
D/CountryDetector(  414): The first listener is added
V/MmsConfig(  934): mnc/mcc: 310260
V/MmsConfig(  934): tag: bool value: enabledMMS - true
V/MmsConfig(  934): tag: int value: maxMessageSize - 307200
V/MmsConfig(  934): tag: int value: maxImageHeight - 480
V/MmsConfig(  934): tag: int value: maxImageWidth - 640
