I/DEBUG   (  148): Revision: '0'
I/DEBUG   (  148): pid: 23476, tid: 23476, name: UNKNOWN  >>> UNKNOWN <<<
I/DEBUG   (  148): signal 11 (SIGSEGV), code 2 (SEGV_ACCERR), fault addr b76b5006
I/DEBUG   (  148): 
I/DEBUG   (  148): memory map around fault addr b76b5006:
I/DEBUG   (  148):     (no map below)
I/DEBUG   (  148):     (no map for address)
I/DEBUG   (  148):     (no map above)
F/CRASH_LOGGER(23481): SIGSEGV : sample3-0-137960.dex 
E/dalvikvm(23483): ERROR: Bad magic number (0xe0 ad 75 28)
F/CRASH_LOGGER(23488): SIGSEGV : sample3-137960-275921.dex 
W/dalvikvm(23490): WARNING: Odd length: expected 0, got 551843
F/libc    (23490): Fatal signal 11 (SIGSEGV) at 0xb7728006 (code=2), thread 23490 (dexdump)
I/DEBUG   (  148): *** *** *** *** *** *** *** *** *** *** *** *** *** *** *** ***
I/DEBUG   (  148): Build fingerprint: 'generic/vbox86p/vbox86p:4.4.4/KTU84P/eng.buildbot.20151118.000452:userdebug/test-keys'
I/DEBUG   (  148): Revision: '0'
I/DEBUG   (  148): pid: 23490, tid: 23490, name: UNKNOWN  >>> UNKNOWN <<<
I/DEBUG   (  148): signal 11 (SIGSEGV), code 2 (SEGV_ACCERR), fault addr b7728006
I/DEBUG   (  148): 
I/DEBUG   (  148): memory map around fault addr b7728006:
I/DEBUG   (  148):     (no map below)
I/DEBUG   (  148):     (no map for address)
I/DEBUG   (  148):     (no map above)
F/CRASH_LOGGER(23495): SIGSEGV : sample3-137960-275921.dex_repaired.dex 
W/dalvikvm(23497): WARNING: Odd length: expected 0, got 551843
F/libc    (23497): Fatal signal 11 (SIGSEGV) at 0xb76da006 (code=2), thread 23497 (dexdump)
I/DEBUG   (  148): *** *** *** *** *** *** *** *** *** *** *** *** *** *** *** ***
I/DEBUG   (  148): Build fingerprint: 'generic/vbox86p/vbox86p:4.4.4/KTU84P/eng.buildbot.20151118.000452:userdebug/test-keys'
I/DEBUG   (  148): Revision: '0'
I/DEBUG   (  148): pid: 23497, tid: 23497, name: UNKNOWN  >>> UNKNOWN <<<
I/DEBUG   (  148): signal 11 (SIGSEGV), code 2 (SEGV_ACCERR), fault addr b76da006
I/DEBUG   (  148): 
I/DEBUG   (  148): memory map around fault addr b76da006:
I/DEBUG   (  148):     (no map below)
I/DEBUG   (  148):     (no map for address)
I/DEBUG   (  148):     (no map above)
F/CRASH_LOGGER(23502): SIGSEGV : sample3-137960-275921.dex_repaired.dex_repaired.dex 
W/dalvikvm(23504): WARNING: Odd length: expected 0, got 551843
F/libc    (23504): Fatal signal 11 (SIGSEGV) at 0xb778e006 (code=2), thread 23504 (dexdump)
I/DEBUG   (  148): *** *** *** *** *** *** *** *** *** *** *** *** *** *** *** ***
I/DEBUG   (  148): Build fingerprint: 'generic/vbox86p/vbox86p:4.4.4/KTU84P/eng.buildbot.20151118.000452:userdebug/test-keys'
I/DEBUG   (  148): Revision: '0'
I/DEBUG   (  148): pid: 23504, tid: 23504, name: UNKNOWN  >>> UNKNOWN <<<
I/DEBUG   (  148): signal 11 (SIGSEGV), code 2 (SEGV_ACCERR), fault addr b778e006
I/DEBUG   (  148): 
I/DEBUG   (  148): memory map around fault addr b778e006:
I/DEBUG   (  148):     (no map below)
I/DEBUG   (  148):     (no map for address)
I/DEBUG   (  148):     (no map above)
F/CRASH_LOGGER(23509): SIGSEGV : sample3-137960-275921.dex_repaired.dex_repaired.dex_repaired.dex 
W/dalvikvm(23511): WARNING: Odd length: expected 0, got 551843
F/libc    (23511): Fatal signal 11 (SIGSEGV) at 0xb7758006 (code=2), thread 23511 (dexdump)
I/DEBUG   (  148): *** *** *** *** *** *** *** *** *** *** *** *** *** *** *** ***
I/DEBUG   (  148): Build fingerprint: 'generic/vbox86p/vbox86p:4.4.4/KTU84P/eng.buildbot.20151118.000452:userdebug/test-keys'
I/DEBUG   (  148): Revision: '0'
I/DEBUG   (  148): pid: 23511, tid: 23511, name: UNKNOWN  >>> UNKNOWN <<<
I/DEBUG   (  148): signal 11 (SIGSEGV), code 2 (SEGV_ACCERR), fault addr b7758006
I/DEBUG   (  148): 
I/DEBUG   (  148): memory map around fault addr b7758006:
I/DEBUG   (  148):     (no map below)
I/DEBUG   (  148):     (no map for address)
I/DEBUG   (  148):     (no map above)
F/CRASH_LOGGER(23516): SIGSEGV : sample3-137960-275921.dex_repaired.dex_repaired.dex_repaired.dex_repaired.dex 
W/dalvikvm(23518): WARNING: Odd length: expected 0, got 551843
F/libc    (23518): Fatal signal 11 (SIGSEGV) at 0xb76cb006 (code=2), thread 23518 (dexdump)
I/DEBUG   (  148): *** *** *** *** *** *** *** *** *** *** *** *** *** *** *** ***
I/DEBUG   (  148): Build fingerprint: 'generic/vbox86p/vbox86p:4.4.4/KTU84P/eng.buildbot.20151118.000452:userdebug/test-keys'
I/DEBUG   (  148): Revision: '0'
I/DEBUG   (  148): pid: 23518, tid: 23518, name: UNKNOWN  >>> UNKNOWN <<<
I/DEBUG   (  148): signal 11 (SIGSEGV), code 2 (SEGV_ACCERR), fault addr b76cb006
I/DEBUG   (  148): 
I/DEBUG   (  148): memory map around fault addr b76cb006:
I/DEBUG   (  148):     (no map below)
I/DEBUG   (  148):     (no map for address)
I/DEBUG   (  148):     (no map above)
F/CRASH_LOGGER(23523): SIGSEGV : sample3-275921-413881.dex 
W/dalvikvm(23525): WARNING: Odd length: expected 0, got 551843
F/libc    (23525): Fatal signal 11 (SIGSEGV) at 0xb7773006 (code=2), thread 23525 (dexdump)
I/DEBUG   (  148): *** *** *** *** *** *** *** *** *** *** *** *** *** *** *** ***
I/DEBUG   (  148): Build fingerprint: 'generic/vbox86p/vbox86p:4.4.4/KTU84P/eng.buildbot.20151118.000452:userdebug/test-keys'
I/DEBUG   (  148): Revision: '0'
I/DEBUG   (  148): pid: 23525, tid: 23525, name: UNKNOWN  >>> UNKNOWN <<<
I/DEBUG   (  148): signal 11 (SIGSEGV), code 2 (SEGV_ACCERR), fault addr b7773006
I/DEBUG   (  148): 
I/DEBUG   (  148): memory map around fault addr b7773006:
I/DEBUG   (  148):     (no map below)
I/DEBUG   (  148):     (no map for address)
I/DEBUG   (  148):     (no map above)
F/CRASH_LOGGER(23530): SIGSEGV : sample3-275921-413881.dex_repaired.dex 
W/dalvikvm(23532): WARNING: Odd length: expected 0, got 551843
F/libc    (23532): Fatal signal 11 (SIGSEGV) at 0xb76a6006 (code=2), thread 23532 (dexdump)
I/DEBUG   (  148): *** *** *** *** *** *** *** *** *** *** *** *** *** *** *** ***
I/DEBUG   (  148): Build fingerprint: 'generic/vbox86p/vbox86p:4.4.4/KTU84P/eng.buildbot.20151118.000452:userdebug/test-keys'
I/DEBUG   (  148): Revision: '0'
I/DEBUG   (  148): pid: 23532, tid: 23532, name: UNKNOWN  >>> UNKNOWN <<<
I/DEBUG   (  148): signal 11 (SIGSEGV), code 2 (SEGV_ACCERR), fault addr b76a6006
I/DEBUG   (  148): 
I/DEBUG   (  148): memory map around fault addr b76a6006:
I/DEBUG   (  148):     (no map below)
I/DEBUG   (  148):     (no map for address)
I/DEBUG   (  148):     (no map above)
F/CRASH_LOGGER(23537): SIGSEGV : sample3-275921-413881.dex_repaired.dex_repaired.dex 
W/dalvikvm(23539): WARNING: Odd length: expected 0, got 551843
F/libc    (23539): Fatal signal 11 (SIGSEGV) at 0xb7693006 (code=2), thread 23539 (dexdump)
I/DEBUG   (  148): *** *** *** *** *** *** *** *** *** *** *** *** *** *** *** ***
I/DEBUG   (  148): Build fingerprint: 'generic/vbox86p/vbox86p:4.4.4/KTU84P/eng.buildbot.20151118.000452:userdebug/test-keys'
I/DEBUG   (  148): Revision: '0'
I/DEBUG   (  148): pid: 23539, tid: 23539, name: UNKNOWN  >>> UNKNOWN <<<
I/DEBUG   (  148): signal 11 (SIGSEGV), code 2 (SEGV_ACCERR), fault addr b7693006
I/DEBUG   (  148): 
I/DEBUG   (  148): memory map around fault addr b7693006:
I/DEBUG   (  148):     (no map below)
I/DEBUG   (  148):     (no map for address)
I/DEBUG   (  148):     (no map above)
F/CRASH_LOGGER(23544): SIGSEGV : sample3-275921-413881.dex_repaired.dex_repaired.dex_repaired.dex 
W/dalvikvm(23546): WARNING: Odd length: expected 0, got 551843
F/libc    (23546): Fatal signal 11 (SIGSEGV) at 0xb76ba006 (code=2), thread 23546 (dexdump)
I/DEBUG   (  148): *** *** *** *** *** *** *** *** *** *** *** *** *** *** *** ***
I/DEBUG   (  148): Build fingerprint: 'generic/vbox86p/vbox86p:4.4.4/KTU84P/eng.buildbot.20151118.000452:userdebug/test-keys'
I/DEBUG   (  148): Revision: '0'
I/DEBUG   (  148): pid: 23546, tid: 23546, name: UNKNOWN  >>> UNKNOWN <<<
I/DEBUG   (  148): signal 11 (SIGSEGV), code 2 (SEGV_ACCERR), fault addr b76ba006
I/DEBUG   (  148): 
I/DEBUG   (  148): memory map around fault addr b76ba006:
I/DEBUG   (  148):     (no map below)
I/DEBUG   (  148):     (no map for address)
I/DEBUG   (  148):     (no map above)
F/CRASH_LOGGER(23551): SIGSEGV : sample3-275921-413881.dex_repaired.dex_repaired.dex_repaired.dex_repaired.dex 
W/dalvikvm(23553): WARNING: Odd length: expected 0, got 551843
F/libc    (23553): Fatal signal 11 (SIGSEGV) at 0xb7771006 (code=2), thread 23553 (dexdump)
I/DEBUG   (  148): *** *** *** *** *** *** *** *** *** *** *** *** *** *** *** ***
I/DEBUG   (  148): Build fingerprint: 'generic/vbox86p/vbox86p:4.4.4/KTU84P/eng.buildbot.20151118.000452:userdebug/test-keys'
I/DEBUG   (  148): Revision: '0'
I/DEBUG   (  148): pid: 23553, tid: 23553, name: UNKNOWN  >>> UNKNOWN <<<
I/DEBUG   (  148): signal 11 (SIGSEGV), code 2 (SEGV_ACCERR), fault addr b7771006
I/DEBUG   (  148): 
I/DEBUG   (  148): memory map around fault addr b7771006:
I/DEBUG   (  148):     (no map below)
I/DEBUG   (  148):     (no map for address)
I/DEBUG   (  148):     (no map above)
F/CRASH_LOGGER(23558): SIGSEGV : sample3-413881-551843.dex 
W/dalvikvm(23560): WARNING: Odd length: expected 0, got 551843
F/libc    (23560): Fatal signal 11 (SIGSEGV) at 0xb771d006 (code=2), thread 23560 (dexdump)
I/DEBUG   (  148): *** *** *** *** *** *** *** *** *** *** *** *** *** *** *** ***
I/DEBUG   (  148): Build fingerprint: 'generic/vbox86p/vbox86p:4.4.4/KTU84P/eng.buildbot.20151118.000452:userdebug/test-keys'
I/DEBUG   (  148): Revision: '0'
I/DEBUG   (  148): pid: 23560, tid: 23560, name: UNKNOWN  >>> UNKNOWN <<<
I/DEBUG   (  148): signal 11 (SIGSEGV), code 2 (SEGV_ACCERR), fault addr b771d006
I/DEBUG   (  148): 
I/DEBUG   (  148): memory map around fault addr b771d006:
I/DEBUG   (  148):     (no map below)
I/DEBUG   (  148):     (no map for address)
I/DEBUG   (  148):     (no map above)
F/CRASH_LOGGER(23565): SIGSEGV : sample3-413881-551843.dex_repaired.dex 
W/dalvikvm(23567): WARNING: Odd length: expected 0, got 551843
F/libc    (23567): Fatal signal 11 (SIGSEGV) at 0xb778a006 (code=2), thread 23567 (dexdump)
I/DEBUG   (  148): *** *** *** *** *** *** *** *** *** *** *** *** *** *** *** ***
I/DEBUG   (  148): Build fingerprint: 'generic/vbox86p/vbox86p:4.4.4/KTU84P/eng.buildbot.20151118.000452:userdebug/test-keys'
I/DEBUG   (  148): Revision: '0'
I/DEBUG   (  148): pid: 23567, tid: 23567, name: UNKNOWN  >>> UNKNOWN <<<
I/DEBUG   (  148): signal 11 (SIGSEGV), code 2 (SEGV_ACCERR), fault addr b778a006
I/DEBUG   (  148): 
I/DEBUG   (  148): memory map around fault addr b778a006:
I/DEBUG   (  148):     (no map below)
I/DEBUG   (  148):     (no map for address)
I/DEBUG   (  148):     (no map above)
F/CRASH_LOGGER(23572): SIGSEGV : sample3-413881-551843.dex_repaired.dex_repaired.dex 
W/dalvikvm(23574): WARNING: Odd length: expected 0, got 551843
F/libc    (23574): Fatal signal 11 (SIGSEGV) at 0xb7749006 (code=2), thread 23574 (dexdump)
I/DEBUG   (  148): *** *** *** *** *** *** *** *** *** *** *** *** *** *** *** ***
I/DEBUG   (  148): Build fingerprint: 'generic/vbox86p/vbox86p:4.4.4/KTU84P/eng.buildbot.20151118.000452:userdebug/test-keys'
I/DEBUG   (  148): Revision: '0'
I/DEBUG   (  148): pid: 23574, tid: 23574, name: UNKNOWN  >>> UNKNOWN <<<
I/DEBUG   (  148): signal 11 (SIGSEGV), code 2 (SEGV_ACCERR), fault addr b7749006
I/DEBUG   (  148): 
I/DEBUG   (  148): memory map around fault addr b7749006:
I/DEBUG   (  148):     (no map below)
I/DEBUG   (  148):     (no map for address)
I/DEBUG   (  148):     (no map above)
F/CRASH_LOGGER(23579): SIGSEGV : sample3-413881-551843.dex_repaired.dex_repaired.dex_repaired.dex 
W/dalvikvm(23581): WARNING: Odd length: expected 0, got 551843
F/libc    (23581): Fatal signal 11 (SIGSEGV) at 0xb7764006 (code=2), thread 23581 (dexdump)
I/DEBUG   (  148): *** *** *** *** *** *** *** *** *** *** *** *** *** *** *** ***
I/DEBUG   (  148): Build fingerprint: 'generic/vbox86p/vbox86p:4.4.4/KTU84P/eng.buildbot.20151118.000452:userdebug/test-keys'
I/DEBUG   (  148): Revision: '0'
I/DEBUG   (  148): pid: 23581, tid: 23581, name: UNKNOWN  >>> UNKNOWN <<<
I/DEBUG   (  148): signal 11 (SIGSEGV), code 2 (SEGV_ACCERR), fault addr b7764006
I/DEBUG   (  148): 
I/DEBUG   (  148): memory map around fault addr b7764006:
I/DEBUG   (  148):     (no map below)
I/DEBUG   (  148):     (no map for address)
I/DEBUG   (  148):     (no map above)
F/CRASH_LOGGER(23586): SIGSEGV : sample3-413881-551843.dex_repaired.dex_repaired.dex_repaired.dex_repaired.dex 
W/dalvikvm(23588): WARNING: Odd length: expected 0, got 551843
F/libc    (23588): Fatal signal 11 (SIGSEGV) at 0xb7706006 (code=2), thread 23588 (dexdump)
I/DEBUG   (  148): *** *** *** *** *** *** *** *** *** *** *** *** *** *** *** ***
I/DEBUG   (  148): Build fingerprint: 'generic/vbox86p/vbox86p:4.4.4/KTU84P/eng.buildbot.20151118.000452:userdebug/test-keys'
I/DEBUG   (  148): Revision: '0'
I/DEBUG   (  148): pid: 23588, tid: 23588, name: UNKNOWN  >>> UNKNOWN <<<
I/DEBUG   (  148): signal 11 (SIGSEGV), code 2 (SEGV_ACCERR), fault addr b7706006
I/DEBUG   (  148): 
I/DEBUG   (  148): memory map around fault addr b7706006:
I/DEBUG   (  148):     (no map below)
I/DEBUG   (  148):     (no map for address)
I/DEBUG   (  148):     (no map above)
F/CRASH_LOGGER(23593): SIGSEGV : sample4-0-137960.dex 
E/dalvikvm(23595): ERROR: Bad magic number (0xe0 ad 75 28)
F/CRASH_LOGGER(23600): SIGSEGV : sample4-137960-275921.dex 
W/dalvikvm(23602): WARNING: Odd length: expected 0, got 551843
F/libc    (23602): Fatal signal 11 (SIGSEGV) at 0xb7743006 (code=2), thread 23602 (dexdump)
I/DEBUG   (  148): *** *** *** *** *** *** *** *** *** *** *** *** *** *** *** ***
I/DEBUG   (  148): Build fingerprint: 'generic/vbox86p/vbox86p:4.4.4/KTU84P/eng.buildbot.20151118.000452:userdebug/test-keys'
I/DEBUG   (  148): Revision: '0'
I/DEBUG   (  148): pid: 23602, tid: 23602, name: UNKNOWN  >>> UNKNOWN <<<
I/DEBUG   (  148): signal 11 (SIGSEGV), code 2 (SEGV_ACCERR), fault addr b7743006
I/DEBUG   (  148): 
I/DEBUG   (  148): memory map around fault addr b7743006:
I/DEBUG   (  148):     (no map below)
I/DEBUG   (  148):     (no map for address)
I/DEBUG   (  148):     (no map above)
F/CRASH_LOGGER(23607): SIGSEGV : sample4-137960-275921.dex_repaired.dex 
W/dalvikvm(23609): WARNING: Odd length: expected 0, got 551843
F/libc    (23609): Fatal signal 11 (SIGSEGV) at 0xb7783006 (code=2), thread 23609 (dexdump)
I/DEBUG   (  148): *** *** *** *** *** *** *** *** *** *** *** *** *** *** *** ***
I/DEBUG   (  148): Build fingerprint: 'generic/vbox86p/vbox86p:4.4.4/KTU84P/eng.buildbot.20151118.000452:userdebug/test-keys'
I/DEBUG   (  148): Revision: '0'
I/DEBUG   (  148): pid: 23609, tid: 23609, name: UNKNOWN  >>> UNKNOWN <<<
I/DEBUG   (  148): signal 11 (SIGSEGV), code 2 (SEGV_ACCERR), fault addr b7783006
I/DEBUG   (  148): 
I/DEBUG   (  148): memory map around fault addr b7783006:
I/DEBUG   (  148):     (no map below)
I/DEBUG   (  148):     (no map for address)
I/DEBUG   (  148):     (no map above)
F/CRASH_LOGGER(23614): SIGSEGV : sample4-137960-275921.dex_repaired.dex_repaired.dex 
W/dalvikvm(23616): WARNING: Odd length: expected 0, got 551843
F/libc    (23616): Fatal signal 11 (SIGSEGV) at 0xb76d2006 (code=2), thread 23616 (dexdump)
I/DEBUG   (  148): *** *** *** *** *** *** *** *** *** *** *** *** *** *** *** ***
I/DEBUG   (  148): Build fingerprint: 'generic/vbox86p/vbox86p:4.4.4/KTU84P/eng.buildbot.20151118.000452:userdebug/test-keys'
I/DEBUG   (  148): Revision: '0'
I/DEBUG   (  148): pid: 23616, tid: 23616, name: UNKNOWN  >>> UNKNOWN <<<
I/DEBUG   (  148): signal 11 (SIGSEGV), code 2 (SEGV_ACCERR), fault addr b76d2006
I/DEBUG   (  148): 
I/DEBUG   (  148): memory map around fault addr b76d2006:
I/DEBUG   (  148):     (no map below)
I/DEBUG   (  148):     (no map for address)
I/DEBUG   (  148):     (no map above)
F/CRASH_LOGGER(23621): SIGSEGV : sample4-137960-275921.dex_repaired.dex_repaired.dex_repaired.dex 
W/dalvikvm(23623): WARNING: Odd length: expected 0, got 551843
F/libc    (23623): Fatal signal 11 (SIGSEGV) at 0xb76ed006 (code=2), thread 23623 (dexdump)
I/DEBUG   (  148): *** *** *** *** *** *** *** *** *** *** *** *** *** *** *** ***
I/DEBUG   (  148): Build fingerprint: 'generic/vbox86p/vbox86p:4.4.4/KTU84P/eng.buildbot.20151118.000452:userdebug/test-keys'
I/DEBUG   (  148): Revision: '0'
I/DEBUG   (  148): pid: 23623, tid: 23623, name: UNKNOWN  >>> UNKNOWN <<<
I/DEBUG   (  148): signal 11 (SIGSEGV), code 2 (SEGV_ACCERR), fault addr b76ed006
I/DEBUG   (  148): 
I/DEBUG   (  148): memory map around fault addr b76ed006:
I/DEBUG   (  148):     (no map below)
I/DEBUG   (  148):     (no map for address)
I/DEBUG   (  148):     (no map above)
F/CRASH_LOGGER(23628): SIGSEGV : sample4-137960-275921.dex_repaired.dex_repaired.dex_repaired.dex_repaired.dex 
W/dalvikvm(23630): WARNING: Odd length: expected 0, got 551843
F/libc    (23630): Fatal signal 11 (SIGSEGV) at 0xb7740006 (code=2), thread 23630 (dexdump)
I/DEBUG   (  148): *** *** *** *** *** *** *** *** *** *** *** *** *** *** *** ***
I/DEBUG   (  148): Build fingerprint: 'generic/vbox86p/vbox86p:4.4.4/KTU84P/eng.buildbot.20151118.000452:userdebug/test-keys'
I/DEBUG   (  148): Revision: '0'
I/DEBUG   (  148): pid: 23630, tid: 23630, name: UNKNOWN  >>> UNKNOWN <<<
I/DEBUG   (  148): signal 11 (SIGSEGV), code 2 (SEGV_ACCERR), fault addr b7740006
I/DEBUG   (  148): 
I/DEBUG   (  148): memory map around fault addr b7740006:
I/DEBUG   (  148):     (no map below)
I/DEBUG   (  148):     (no map for address)
I/DEBUG   (  148):     (no map above)
F/CRASH_LOGGER(23635): SIGSEGV : sample4-275921-413881.dex 
W/dalvikvm(23637): WARNING: Odd length: expected 0, got 551843
F/libc    (23637): Fatal signal 11 (SIGSEGV) at 0xb76fc006 (code=2), thread 23637 (dexdump)
I/DEBUG   (  148): *** *** *** *** *** *** *** *** *** *** *** *** *** *** *** ***
I/DEBUG   (  148): Build fingerprint: 'generic/vbox86p/vbox86p:4.4.4/KTU84P/eng.buildbot.20151118.000452:userdebug/test-keys'
I/DEBUG   (  148): Revision: '0'
I/DEBUG   (  148): pid: 23637, tid: 23637, name: UNKNOWN  >>> UNKNOWN <<<
I/DEBUG   (  148): signal 11 (SIGSEGV), code 2 (SEGV_ACCERR), fault addr b76fc006
I/DEBUG   (  148): 
I/DEBUG   (  148): memory map around fault addr b76fc006:
I/DEBUG   (  148):     (no map below)
I/DEBUG   (  148):     (no map for address)
I/DEBUG   (  148):     (no map above)
F/CRASH_LOGGER(23643): SIGSEGV : sample4-275921-413881.dex_repaired.dex 
W/dalvikvm(23645): WARNING: Odd length: expected 0, got 551843
F/libc    (23645): Fatal signal 11 (SIGSEGV) at 0xb76dd006 (code=2), thread 23645 (dexdump)
I/DEBUG   (  148): *** *** *** *** *** *** *** *** *** *** *** *** *** *** *** ***
I/DEBUG   (  148): Build fingerprint: 'generic/vbox86p/vbox86p:4.4.4/KTU84P/eng.buildbot.20151118.000452:userdebug/test-keys'
I/DEBUG   (  148): Revision: '0'
I/DEBUG   (  148): pid: 23645, tid: 23645, name: UNKNOWN  >>> UNKNOWN <<<
I/DEBUG   (  148): signal 11 (SIGSEGV), code 2 (SEGV_ACCERR), fault addr b76dd006
I/DEBUG   (  148): 
I/DEBUG   (  148): memory map around fault addr b76dd006:
I/DEBUG   (  148):     (no map below)
I/DEBUG   (  148):     (no map for address)
I/DEBUG   (  148):     (no map above)
F/CRASH_LOGGER(23650): SIGSEGV : sample4-275921-413881.dex_repaired.dex_repaired.dex 
W/dalvikvm(23652): WARNING: Odd length: expected 0, got 551843
F/libc    (23652): Fatal signal 11 (SIGSEGV) at 0xb7706006 (code=2), thread 23652 (dexdump)
I/DEBUG   (  148): *** *** *** *** *** *** *** *** *** *** *** *** *** *** *** ***
I/DEBUG   (  148): Build fingerprint: 'generic/vbox86p/vbox86p:4.4.4/KTU84P/eng.buildbot.20151118.000452:userdebug/test-keys'
I/DEBUG   (  148): Revision: '0'
I/DEBUG   (  148): pid: 23652, tid: 23652, name: UNKNOWN  >>> UNKNOWN <<<
I/DEBUG   (  148): signal 11 (SIGSEGV), code 2 (SEGV_ACCERR), fault addr b7706006
I/DEBUG   (  148): 
I/DEBUG   (  148): memory map around fault addr b7706006:
I/DEBUG   (  148):     (no map below)
I/DEBUG   (  148):     (no map for address)
I/DEBUG   (  148):     (no map above)
F/CRASH_LOGGER(23657): SIGSEGV : sample4-275921-413881.dex_repaired.dex_repaired.dex_repaired.dex 
W/dalvikvm(23659): WARNING: Odd length: expected 0, got 551843
F/libc    (23659): Fatal signal 11 (SIGSEGV) at 0xb7760006 (code=2), thread 23659 (dexdump)
I/DEBUG   (  148): *** *** *** *** *** *** *** *** *** *** *** *** *** *** *** ***
I/DEBUG   (  148): Build fingerprint: 'generic/vbox86p/vbox86p:4.4.4/KTU84P/eng.buildbot.20151118.000452:userdebug/test-keys'
I/DEBUG   (  148): Revision: '0'
I/DEBUG   (  148): pid: 23659, tid: 23659, name: UNKNOWN  >>> UNKNOWN <<<
I/DEBUG   (  148): signal 11 (SIGSEGV), code 2 (SEGV_ACCERR), fault addr b7760006
I/DEBUG   (  148): 
I/DEBUG   (  148): memory map around fault addr b7760006:
I/DEBUG   (  148):     (no map below)
I/DEBUG   (  148):     (no map for address)
I/DEBUG   (  148):     (no map above)
F/CRASH_LOGGER(23664): SIGSEGV : sample4-275921-413881.dex_repaired.dex_repaired.dex_repaired.dex_repaired.dex 
W/dalvikvm(23666): WARNING: Odd length: expected 0, got 551843
F/libc    (23666): Fatal signal 11 (SIGSEGV) at 0xb76d8006 (code=2), thread 23666 (dexdump)
I/DEBUG   (  148): *** *** *** *** *** *** *** *** *** *** *** *** *** *** *** ***
I/DEBUG   (  148): Build fingerprint: 'generic/vbox86p/vbox86p:4.4.4/KTU84P/eng.buildbot.20151118.000452:userdebug/test-keys'
I/DEBUG   (  148): Revision: '0'
I/DEBUG   (  148): pid: 23666, tid: 23666, name: UNKNOWN  >>> UNKNOWN <<<
I/DEBUG   (  148): signal 11 (SIGSEGV), code 2 (SEGV_ACCERR), fault addr b76d8006
I/DEBUG   (  148): 
I/DEBUG   (  148): memory map around fault addr b76d8006:
I/DEBUG   (  148):     (no map below)
I/DEBUG   (  148):     (no map for address)
I/DEBUG   (  148):     (no map above)
F/CRASH_LOGGER(23671): SIGSEGV : sample4-413881-551843.dex 
W/dalvikvm(23673): WARNING: Odd length: expected 0, got 551843
F/libc    (23673): Fatal signal 11 (SIGSEGV) at 0xb76a4006 (code=2), thread 23673 (dexdump)
I/DEBUG   (  148): *** *** *** *** *** *** *** *** *** *** *** *** *** *** *** ***
I/DEBUG   (  148): Build fingerprint: 'generic/vbox86p/vbox86p:4.4.4/KTU84P/eng.buildbot.20151118.000452:userdebug/test-keys'
I/DEBUG   (  148): Revision: '0'
I/DEBUG   (  148): pid: 23673, tid: 23673, name: UNKNOWN  >>> UNKNOWN <<<
I/DEBUG   (  148): signal 11 (SIGSEGV), code 2 (SEGV_ACCERR), fault addr b76a4006
I/DEBUG   (  148): 
I/DEBUG   (  148): memory map around fault addr b76a4006:
I/DEBUG   (  148):     (no map below)
I/DEBUG   (  148):     (no map for address)
I/DEBUG   (  148):     (no map above)
F/CRASH_LOGGER(23678): SIGSEGV : sample4-413881-551843.dex_repaired.dex 
W/dalvikvm(23680): WARNING: Odd length: expected 0, got 551843
F/libc    (23680): Fatal signal 11 (SIGSEGV) at 0xb7785006 (code=2), thread 23680 (dexdump)
I/DEBUG   (  148): *** *** *** *** *** *** *** *** *** *** *** *** *** *** *** ***
I/DEBUG   (  148): Build fingerprint: 'generic/vbox86p/vbox86p:4.4.4/KTU84P/eng.buildbot.20151118.000452:userdebug/test-keys'
I/DEBUG   (  148): Revision: '0'
I/DEBUG   (  148): pid: 23680, tid: 23680, name: UNKNOWN  >>> UNKNOWN <<<
I/DEBUG   (  148): signal 11 (SIGSEGV), code 2 (SEGV_ACCERR), fault addr b7785006
I/DEBUG   (  148): 
I/DEBUG   (  148): memory map around fault addr b7785006:
I/DEBUG   (  148):     (no map below)
I/DEBUG   (  148):     (no map for address)
I/DEBUG   (  148):     (no map above)
F/CRASH_LOGGER(23685): SIGSEGV : sample4-413881-551843.dex_repaired.dex_repaired.dex 
W/dalvikvm(23687): WARNING: Odd length: expected 0, got 551843
F/libc    (23687): Fatal signal 11 (SIGSEGV) at 0xb76d8006 (code=2), thread 23687 (dexdump)
I/DEBUG   (  148): *** *** *** *** *** *** *** *** *** *** *** *** *** *** *** ***
I/DEBUG   (  148): Build fingerprint: 'generic/vbox86p/vbox86p:4.4.4/KTU84P/eng.buildbot.20151118.000452:userdebug/test-keys'
I/DEBUG   (  148): Revision: '0'
I/DEBUG   (  148): pid: 23687, tid: 23687, name: UNKNOWN  >>> UNKNOWN <<<
I/DEBUG   (  148): signal 11 (SIGSEGV), code 2 (SEGV_ACCERR), fault addr b76d8006
I/DEBUG   (  148): 
I/DEBUG   (  148): memory map around fault addr b76d8006:
I/DEBUG   (  148):     (no map below)
I/DEBUG   (  148):     (no map for address)
I/DEBUG   (  148):     (no map above)
F/CRASH_LOGGER(23692): SIGSEGV : sample4-413881-551843.dex_repaired.dex_repaired.dex_repaired.dex 
W/dalvikvm(23694): WARNING: Odd length: expected 0, got 551843
F/libc    (23694): Fatal signal 11 (SIGSEGV) at 0xb76ee006 (code=2), thread 23694 (dexdump)
I/DEBUG   (  148): *** *** *** *** *** *** *** *** *** *** *** *** *** *** *** ***
I/DEBUG   (  148): Build fingerprint: 'generic/vbox86p/vbox86p:4.4.4/KTU84P/eng.buildbot.20151118.000452:userdebug/test-keys'
I/DEBUG   (  148): Revision: '0'
I/DEBUG   (  148): pid: 23694, tid: 23694, name: UNKNOWN  >>> UNKNOWN <<<
I/DEBUG   (  148): signal 11 (SIGSEGV), code 2 (SEGV_ACCERR), fault addr b76ee006
I/DEBUG   (  148): 
I/DEBUG   (  148): memory map around fault addr b76ee006:
I/DEBUG   (  148):     (no map below)
I/DEBUG   (  148):     (no map for address)
I/DEBUG   (  148):     (no map above)
F/CRASH_LOGGER(23699): SIGSEGV : sample4-413881-551843.dex_repaired.dex_repaired.dex_repaired.dex_repaired.dex 
W/dalvikvm(23701): WARNING: Odd length: expected 0, got 551843
F/libc    (23701): Fatal signal 11 (SIGSEGV) at 0xb76e6006 (code=2), thread 23701 (dexdump)
I/DEBUG   (  148): *** *** *** *** *** *** *** *** *** *** *** *** *** *** *** ***
I/DEBUG   (  148): Build fingerprint: 'generic/vbox86p/vbox86p:4.4.4/KTU84P/eng.buildbot.20151118.000452:userdebug/test-keys'
I/DEBUG   (  148): Revision: '0'
I/DEBUG   (  148): pid: 23701, tid: 23701, name: UNKNOWN  >>> UNKNOWN <<<
I/DEBUG   (  148): signal 11 (SIGSEGV), code 2 (SEGV_ACCERR), fault addr b76e6006
I/DEBUG   (  148): 
I/DEBUG   (  148): memory map around fault addr b76e6006:
I/DEBUG   (  148):     (no map below)
I/DEBUG   (  148):     (no map for address)
I/DEBUG   (  148):     (no map above)
