F/CRASH_LOGGER(22176): SIGSEGV : sample1-275921-413881.dex_repaired.dex_repaired.dex 
W/dalvikvm(22178): WARNING: Odd length: expected 0, got 551843
F/libc    (22178): Fatal signal 11 (SIGSEGV) at 0xb7772006 (code=2), thread 22178 (dexdump)
I/DEBUG   (  148): *** *** *** *** *** *** *** *** *** *** *** *** *** *** *** ***
I/DEBUG   (  148): Build fingerprint: 'generic/vbox86p/vbox86p:4.4.4/KTU84P/eng.buildbot.20151118.000452:userdebug/test-keys'
I/DEBUG   (  148): Revision: '0'
I/DEBUG   (  148): pid: 22178, tid: 22178, name: UNKNOWN  >>> UNKNOWN <<<
I/DEBUG   (  148): signal 11 (SIGSEGV), code 2 (SEGV_ACCERR), fault addr b7772006
I/DEBUG   (  148): 
I/DEBUG   (  148): memory map around fault addr b7772006:
I/DEBUG   (  148):     (no map below)
I/DEBUG   (  148):     (no map for address)
I/DEBUG   (  148):     (no map above)
F/CRASH_LOGGER(22183): SIGSEGV : sample1-275921-413881.dex_repaired.dex_repaired.dex_repaired.dex 
W/dalvikvm(22185): WARNING: Odd length: expected 0, got 551843
F/libc    (22185): Fatal signal 11 (SIGSEGV) at 0xb76ae006 (code=2), thread 22185 (dexdump)
I/DEBUG   (  148): *** *** *** *** *** *** *** *** *** *** *** *** *** *** *** ***
I/DEBUG   (  148): Build fingerprint: 'generic/vbox86p/vbox86p:4.4.4/KTU84P/eng.buildbot.20151118.000452:userdebug/test-keys'
I/DEBUG   (  148): Revision: '0'
I/DEBUG   (  148): pid: 22185, tid: 22185, name: UNKNOWN  >>> UNKNOWN <<<
I/DEBUG   (  148): signal 11 (SIGSEGV), code 2 (SEGV_ACCERR), fault addr b76ae006
I/DEBUG   (  148): 
I/DEBUG   (  148): memory map around fault addr b76ae006:
I/DEBUG   (  148):     (no map below)
I/DEBUG   (  148):     (no map for address)
I/DEBUG   (  148):     (no map above)
F/CRASH_LOGGER(22190): SIGSEGV : sample1-275921-413881.dex_repaired.dex_repaired.dex_repaired.dex_repaired.dex 
W/dalvikvm(22192): WARNING: Odd length: expected 0, got 551843
F/libc    (22192): Fatal signal 11 (SIGSEGV) at 0xb773f006 (code=2), thread 22192 (dexdump)
I/DEBUG   (  148): *** *** *** *** *** *** *** *** *** *** *** *** *** *** *** ***
I/DEBUG   (  148): Build fingerprint: 'generic/vbox86p/vbox86p:4.4.4/KTU84P/eng.buildbot.20151118.000452:userdebug/test-keys'
I/DEBUG   (  148): Revision: '0'
I/DEBUG   (  148): pid: 22192, tid: 22192, name: UNKNOWN  >>> UNKNOWN <<<
I/DEBUG   (  148): signal 11 (SIGSEGV), code 2 (SEGV_ACCERR), fault addr b773f006
I/DEBUG   (  148): 
I/DEBUG   (  148): memory map around fault addr b773f006:
I/DEBUG   (  148):     (no map below)
I/DEBUG   (  148):     (no map for address)
I/DEBUG   (  148):     (no map above)
F/CRASH_LOGGER(22197): SIGSEGV : sample1-413881-551843.dex 
W/dalvikvm(22199): WARNING: Odd length: expected 0, got 551843
F/libc    (22199): Fatal signal 11 (SIGSEGV) at 0xb7744006 (code=2), thread 22199 (dexdump)
I/DEBUG   (  148): *** *** *** *** *** *** *** *** *** *** *** *** *** *** *** ***
I/DEBUG   (  148): Build fingerprint: 'generic/vbox86p/vbox86p:4.4.4/KTU84P/eng.buildbot.20151118.000452:userdebug/test-keys'
I/DEBUG   (  148): Revision: '0'
I/DEBUG   (  148): pid: 22199, tid: 22199, name: UNKNOWN  >>> UNKNOWN <<<
I/DEBUG   (  148): signal 11 (SIGSEGV), code 2 (SEGV_ACCERR), fault addr b7744006
I/DEBUG   (  148): 
I/DEBUG   (  148): memory map around fault addr b7744006:
I/DEBUG   (  148):     (no map below)
I/DEBUG   (  148):     (no map for address)
I/DEBUG   (  148):     (no map above)
F/CRASH_LOGGER(22204): SIGSEGV : sample1-413881-551843.dex_repaired.dex 
W/dalvikvm(22206): WARNING: Odd length: expected 0, got 551843
F/libc    (22206): Fatal signal 11 (SIGSEGV) at 0xb7729006 (code=2), thread 22206 (dexdump)
I/DEBUG   (  148): *** *** *** *** *** *** *** *** *** *** *** *** *** *** *** ***
I/DEBUG   (  148): Build fingerprint: 'generic/vbox86p/vbox86p:4.4.4/KTU84P/eng.buildbot.20151118.000452:userdebug/test-keys'
I/DEBUG   (  148): Revision: '0'
I/DEBUG   (  148): pid: 22206, tid: 22206, name: UNKNOWN  >>> UNKNOWN <<<
I/DEBUG   (  148): signal 11 (SIGSEGV), code 2 (SEGV_ACCERR), fault addr b7729006
I/DEBUG   (  148): 
I/DEBUG   (  148): memory map around fault addr b7729006:
I/DEBUG   (  148):     (no map below)
I/DEBUG   (  148):     (no map for address)
I/DEBUG   (  148):     (no map above)
F/CRASH_LOGGER(22211): SIGSEGV : sample1-413881-551843.dex_repaired.dex_repaired.dex 
W/dalvikvm(22213): WARNING: Odd length: expected 0, got 551843
F/libc    (22213): Fatal signal 11 (SIGSEGV) at 0xb778e006 (code=2), thread 22213 (dexdump)
I/DEBUG   (  148): *** *** *** *** *** *** *** *** *** *** *** *** *** *** *** ***
I/DEBUG   (  148): Build fingerprint: 'generic/vbox86p/vbox86p:4.4.4/KTU84P/eng.buildbot.20151118.000452:userdebug/test-keys'
I/DEBUG   (  148): Revision: '0'
I/DEBUG   (  148): pid: 22213, tid: 22213, name: UNKNOWN  >>> UNKNOWN <<<
I/DEBUG   (  148): signal 11 (SIGSEGV), code 2 (SEGV_ACCERR), fault addr b778e006
I/DEBUG   (  148): 
I/DEBUG   (  148): memory map around fault addr b778e006:
I/DEBUG   (  148):     (no map below)
I/DEBUG   (  148):     (no map for address)
I/DEBUG   (  148):     (no map above)
F/CRASH_LOGGER(22218): SIGSEGV : sample1-413881-551843.dex_repaired.dex_repaired.dex_repaired.dex 
W/dalvikvm(22220): WARNING: Odd length: expected 0, got 551843
F/libc    (22220): Fatal signal 11 (SIGSEGV) at 0xb7748006 (code=2), thread 22220 (dexdump)
I/DEBUG   (  148): *** *** *** *** *** *** *** *** *** *** *** *** *** *** *** ***
I/DEBUG   (  148): Build fingerprint: 'generic/vbox86p/vbox86p:4.4.4/KTU84P/eng.buildbot.20151118.000452:userdebug/test-keys'
I/DEBUG   (  148): Revision: '0'
I/DEBUG   (  148): pid: 22220, tid: 22220, name: UNKNOWN  >>> UNKNOWN <<<
I/DEBUG   (  148): signal 11 (SIGSEGV), code 2 (SEGV_ACCERR), fault addr b7748006
I/DEBUG   (  148): 
I/DEBUG   (  148): memory map around fault addr b7748006:
I/DEBUG   (  148):     (no map below)
I/DEBUG   (  148):     (no map for address)
I/DEBUG   (  148):     (no map above)
F/CRASH_LOGGER(22225): SIGSEGV : sample1-413881-551843.dex_repaired.dex_repaired.dex_repaired.dex_repaired.dex 
W/dalvikvm(22227): WARNING: Odd length: expected 0, got 551843
F/libc    (22227): Fatal signal 11 (SIGSEGV) at 0xb76e4006 (code=2), thread 22227 (dexdump)
I/DEBUG   (  148): *** *** *** *** *** *** *** *** *** *** *** *** *** *** *** ***
I/DEBUG   (  148): Build fingerprint: 'generic/vbox86p/vbox86p:4.4.4/KTU84P/eng.buildbot.20151118.000452:userdebug/test-keys'
I/DEBUG   (  148): Revision: '0'
I/DEBUG   (  148): pid: 22227, tid: 22227, name: UNKNOWN  >>> UNKNOWN <<<
I/DEBUG   (  148): signal 11 (SIGSEGV), code 2 (SEGV_ACCERR), fault addr b76e4006
I/DEBUG   (  148): 
I/DEBUG   (  148): memory map around fault addr b76e4006:
I/DEBUG   (  148):     (no map below)
I/DEBUG   (  148):     (no map for address)
I/DEBUG   (  148):     (no map above)
F/CRASH_LOGGER(22232): SIGSEGV : sample2-0-137960.dex 
E/dalvikvm(22234): ERROR: Bad magic number (0xe0 ad 75 28)
F/CRASH_LOGGER(22239): SIGSEGV : sample2-137960-275921.dex 
W/dalvikvm(22241): WARNING: Odd length: expected 0, got 551843
F/libc    (22241): Fatal signal 11 (SIGSEGV) at 0xb7772006 (code=2), thread 22241 (dexdump)
I/DEBUG   (  148): *** *** *** *** *** *** *** *** *** *** *** *** *** *** *** ***
I/DEBUG   (  148): Build fingerprint: 'generic/vbox86p/vbox86p:4.4.4/KTU84P/eng.buildbot.20151118.000452:userdebug/test-keys'
I/DEBUG   (  148): Revision: '0'
I/DEBUG   (  148): pid: 22241, tid: 22241, name: UNKNOWN  >>> UNKNOWN <<<
I/DEBUG   (  148): signal 11 (SIGSEGV), code 2 (SEGV_ACCERR), fault addr b7772006
I/DEBUG   (  148): 
I/DEBUG   (  148): memory map around fault addr b7772006:
I/DEBUG   (  148):     (no map below)
I/DEBUG   (  148):     (no map for address)
I/DEBUG   (  148):     (no map above)
F/CRASH_LOGGER(22246): SIGSEGV : sample2-137960-275921.dex_repaired.dex 
W/dalvikvm(22248): WARNING: Odd length: expected 0, got 551843
F/libc    (22248): Fatal signal 11 (SIGSEGV) at 0xb7740006 (code=2), thread 22248 (dexdump)
I/DEBUG   (  148): *** *** *** *** *** *** *** *** *** *** *** *** *** *** *** ***
I/DEBUG   (  148): Build fingerprint: 'generic/vbox86p/vbox86p:4.4.4/KTU84P/eng.buildbot.20151118.000452:userdebug/test-keys'
I/DEBUG   (  148): Revision: '0'
I/DEBUG   (  148): pid: 22248, tid: 22248, name: UNKNOWN  >>> UNKNOWN <<<
I/DEBUG   (  148): signal 11 (SIGSEGV), code 2 (SEGV_ACCERR), fault addr b7740006
I/DEBUG   (  148): 
I/DEBUG   (  148): memory map around fault addr b7740006:
I/DEBUG   (  148):     (no map below)
I/DEBUG   (  148):     (no map for address)
I/DEBUG   (  148):     (no map above)
F/CRASH_LOGGER(22253): SIGSEGV : sample2-137960-275921.dex_repaired.dex_repaired.dex 
W/dalvikvm(22255): WARNING: Odd length: expected 0, got 551843
F/libc    (22255): Fatal signal 11 (SIGSEGV) at 0xb7776006 (code=2), thread 22255 (dexdump)
I/DEBUG   (  148): *** *** *** *** *** *** *** *** *** *** *** *** *** *** *** ***
I/DEBUG   (  148): Build fingerprint: 'generic/vbox86p/vbox86p:4.4.4/KTU84P/eng.buildbot.20151118.000452:userdebug/test-keys'
I/DEBUG   (  148): Revision: '0'
I/DEBUG   (  148): pid: 22255, tid: 22255, name: UNKNOWN  >>> UNKNOWN <<<
I/DEBUG   (  148): signal 11 (SIGSEGV), code 2 (SEGV_ACCERR), fault addr b7776006
I/DEBUG   (  148): 
I/DEBUG   (  148): memory map around fault addr b7776006:
I/DEBUG   (  148):     (no map below)
I/DEBUG   (  148):     (no map for address)
I/DEBUG   (  148):     (no map above)
F/CRASH_LOGGER(22260): SIGSEGV : sample2-137960-275921.dex_repaired.dex_repaired.dex_repaired.dex 
W/dalvikvm(22262): WARNING: Odd length: expected 0, got 551843
F/libc    (22262): Fatal signal 11 (SIGSEGV) at 0xb7722006 (code=2), thread 22262 (dexdump)
I/DEBUG   (  148): *** *** *** *** *** *** *** *** *** *** *** *** *** *** *** ***
I/DEBUG   (  148): Build fingerprint: 'generic/vbox86p/vbox86p:4.4.4/KTU84P/eng.buildbot.20151118.000452:userdebug/test-keys'
I/DEBUG   (  148): Revision: '0'
I/DEBUG   (  148): pid: 22262, tid: 22262, name: UNKNOWN  >>> UNKNOWN <<<
I/DEBUG   (  148): signal 11 (SIGSEGV), code 2 (SEGV_ACCERR), fault addr b7722006
I/DEBUG   (  148): 
I/DEBUG   (  148): memory map around fault addr b7722006:
I/DEBUG   (  148):     (no map below)
I/DEBUG   (  148):     (no map for address)
I/DEBUG   (  148):     (no map above)
F/CRASH_LOGGER(22267): SIGSEGV : sample2-137960-275921.dex_repaired.dex_repaired.dex_repaired.dex_repaired.dex 
W/dalvikvm(22269): WARNING: Odd length: expected 0, got 551843
F/libc    (22269): Fatal signal 11 (SIGSEGV) at 0xb774d006 (code=2), thread 22269 (dexdump)
I/DEBUG   (  148): *** *** *** *** *** *** *** *** *** *** *** *** *** *** *** ***
I/DEBUG   (  148): Build fingerprint: 'generic/vbox86p/vbox86p:4.4.4/KTU84P/eng.buildbot.20151118.000452:userdebug/test-keys'
I/DEBUG   (  148): Revision: '0'
I/DEBUG   (  148): pid: 22269, tid: 22269, name: UNKNOWN  >>> UNKNOWN <<<
I/DEBUG   (  148): signal 11 (SIGSEGV), code 2 (SEGV_ACCERR), fault addr b774d006
I/DEBUG   (  148): 
I/DEBUG   (  148): memory map around fault addr b774d006:
I/DEBUG   (  148):     (no map below)
I/DEBUG   (  148):     (no map for address)
I/DEBUG   (  148):     (no map above)
F/CRASH_LOGGER(22274): SIGSEGV : sample2-275921-413881.dex 
W/dalvikvm(22276): WARNING: Odd length: expected 0, got 551843
F/libc    (22276): Fatal signal 11 (SIGSEGV) at 0xb776b006 (code=2), thread 22276 (dexdump)
I/DEBUG   (  148): *** *** *** *** *** *** *** *** *** *** *** *** *** *** *** ***
I/DEBUG   (  148): Build fingerprint: 'generic/vbox86p/vbox86p:4.4.4/KTU84P/eng.buildbot.20151118.000452:userdebug/test-keys'
I/DEBUG   (  148): Revision: '0'
I/DEBUG   (  148): pid: 22276, tid: 22276, name: UNKNOWN  >>> UNKNOWN <<<
I/DEBUG   (  148): signal 11 (SIGSEGV), code 2 (SEGV_ACCERR), fault addr b776b006
I/DEBUG   (  148): 
I/DEBUG   (  148): memory map around fault addr b776b006:
I/DEBUG   (  148):     (no map below)
I/DEBUG   (  148):     (no map for address)
I/DEBUG   (  148):     (no map above)
F/CRASH_LOGGER(22282): SIGSEGV : sample2-275921-413881.dex_repaired.dex 
W/dalvikvm(22284): WARNING: Odd length: expected 0, got 551843
F/libc    (22284): Fatal signal 11 (SIGSEGV) at 0xb7757006 (code=2), thread 22284 (dexdump)
I/DEBUG   (  148): *** *** *** *** *** *** *** *** *** *** *** *** *** *** *** ***
I/DEBUG   (  148): Build fingerprint: 'generic/vbox86p/vbox86p:4.4.4/KTU84P/eng.buildbot.20151118.000452:userdebug/test-keys'
I/DEBUG   (  148): Revision: '0'
I/DEBUG   (  148): pid: 22284, tid: 22284, name: UNKNOWN  >>> UNKNOWN <<<
I/DEBUG   (  148): signal 11 (SIGSEGV), code 2 (SEGV_ACCERR), fault addr b7757006
I/DEBUG   (  148): 
I/DEBUG   (  148): memory map around fault addr b7757006:
I/DEBUG   (  148):     (no map below)
I/DEBUG   (  148):     (no map for address)
I/DEBUG   (  148):     (no map above)
F/CRASH_LOGGER(22289): SIGSEGV : sample2-275921-413881.dex_repaired.dex_repaired.dex 
W/dalvikvm(22291): WARNING: Odd length: expected 0, got 551843
F/libc    (22291): Fatal signal 11 (SIGSEGV) at 0xb76bd006 (code=2), thread 22291 (dexdump)
I/DEBUG   (  148): *** *** *** *** *** *** *** *** *** *** *** *** *** *** *** ***
I/DEBUG   (  148): Build fingerprint: 'generic/vbox86p/vbox86p:4.4.4/KTU84P/eng.buildbot.20151118.000452:userdebug/test-keys'
I/DEBUG   (  148): Revision: '0'
I/DEBUG   (  148): pid: 22291, tid: 22291, name: UNKNOWN  >>> UNKNOWN <<<
I/DEBUG   (  148): signal 11 (SIGSEGV), code 2 (SEGV_ACCERR), fault addr b76bd006
I/DEBUG   (  148): 
I/DEBUG   (  148): memory map around fault addr b76bd006:
I/DEBUG   (  148):     (no map below)
I/DEBUG   (  148):     (no map for address)
I/DEBUG   (  148):     (no map above)
F/CRASH_LOGGER(22296): SIGSEGV : sample2-275921-413881.dex_repaired.dex_repaired.dex_repaired.dex 
W/dalvikvm(22298): WARNING: Odd length: expected 0, got 551843
F/libc    (22298): Fatal signal 11 (SIGSEGV) at 0xb76d8006 (code=2), thread 22298 (dexdump)
I/DEBUG   (  148): *** *** *** *** *** *** *** *** *** *** *** *** *** *** *** ***
I/DEBUG   (  148): Build fingerprint: 'generic/vbox86p/vbox86p:4.4.4/KTU84P/eng.buildbot.20151118.000452:userdebug/test-keys'
I/DEBUG   (  148): Revision: '0'
I/DEBUG   (  148): pid: 22298, tid: 22298, name: UNKNOWN  >>> UNKNOWN <<<
I/DEBUG   (  148): signal 11 (SIGSEGV), code 2 (SEGV_ACCERR), fault addr b76d8006
I/DEBUG   (  148): 
I/DEBUG   (  148): memory map around fault addr b76d8006:
I/DEBUG   (  148):     (no map below)
I/DEBUG   (  148):     (no map for address)
I/DEBUG   (  148):     (no map above)
F/CRASH_LOGGER(22303): SIGSEGV : sample2-275921-413881.dex_repaired.dex_repaired.dex_repaired.dex_repaired.dex 
W/dalvikvm(22305): WARNING: Odd length: expected 0, got 551843
F/libc    (22305): Fatal signal 11 (SIGSEGV) at 0xb777f006 (code=2), thread 22305 (dexdump)
I/DEBUG   (  148): *** *** *** *** *** *** *** *** *** *** *** *** *** *** *** ***
I/DEBUG   (  148): Build fingerprint: 'generic/vbox86p/vbox86p:4.4.4/KTU84P/eng.buildbot.20151118.000452:userdebug/test-keys'
I/DEBUG   (  148): Revision: '0'
I/DEBUG   (  148): pid: 22305, tid: 22305, name: UNKNOWN  >>> UNKNOWN <<<
I/DEBUG   (  148): signal 11 (SIGSEGV), code 2 (SEGV_ACCERR), fault addr b777f006
I/DEBUG   (  148): 
I/DEBUG   (  148): memory map around fault addr b777f006:
I/DEBUG   (  148):     (no map below)
I/DEBUG   (  148):     (no map for address)
I/DEBUG   (  148):     (no map above)
F/CRASH_LOGGER(22310): SIGSEGV : sample2-413881-551843.dex 
W/dalvikvm(22312): WARNING: Odd length: expected 0, got 551843
F/libc    (22312): Fatal signal 11 (SIGSEGV) at 0xb7740006 (code=2), thread 22312 (dexdump)
I/DEBUG   (  148): *** *** *** *** *** *** *** *** *** *** *** *** *** *** *** ***
I/DEBUG   (  148): Build fingerprint: 'generic/vbox86p/vbox86p:4.4.4/KTU84P/eng.buildbot.20151118.000452:userdebug/test-keys'
I/DEBUG   (  148): Revision: '0'
I/DEBUG   (  148): pid: 22312, tid: 22312, name: UNKNOWN  >>> UNKNOWN <<<
I/DEBUG   (  148): signal 11 (SIGSEGV), code 2 (SEGV_ACCERR), fault addr b7740006
I/DEBUG   (  148): 
I/DEBUG   (  148): memory map around fault addr b7740006:
I/DEBUG   (  148):     (no map below)
I/DEBUG   (  148):     (no map for address)
I/DEBUG   (  148):     (no map above)
F/CRASH_LOGGER(22317): SIGSEGV : sample2-413881-551843.dex_repaired.dex 
W/dalvikvm(22319): WARNING: Odd length: expected 0, got 551843
F/libc    (22319): Fatal signal 11 (SIGSEGV) at 0xb76bb006 (code=2), thread 22319 (dexdump)
I/DEBUG   (  148): *** *** *** *** *** *** *** *** *** *** *** *** *** *** *** ***
I/DEBUG   (  148): Build fingerprint: 'generic/vbox86p/vbox86p:4.4.4/KTU84P/eng.buildbot.20151118.000452:userdebug/test-keys'
I/DEBUG   (  148): Revision: '0'
I/DEBUG   (  148): pid: 22319, tid: 22319, name: UNKNOWN  >>> UNKNOWN <<<
I/DEBUG   (  148): signal 11 (SIGSEGV), code 2 (SEGV_ACCERR), fault addr b76bb006
I/DEBUG   (  148): 
I/DEBUG   (  148): memory map around fault addr b76bb006:
I/DEBUG   (  148):     (no map below)
I/DEBUG   (  148):     (no map for address)
I/DEBUG   (  148):     (no map above)
F/CRASH_LOGGER(22324): SIGSEGV : sample2-413881-551843.dex_repaired.dex_repaired.dex 
W/dalvikvm(22326): WARNING: Odd length: expected 0, got 551843
F/libc    (22326): Fatal signal 11 (SIGSEGV) at 0xb7740006 (code=2), thread 22326 (dexdump)
I/DEBUG   (  148): *** *** *** *** *** *** *** *** *** *** *** *** *** *** *** ***
I/DEBUG   (  148): Build fingerprint: 'generic/vbox86p/vbox86p:4.4.4/KTU84P/eng.buildbot.20151118.000452:userdebug/test-keys'
I/DEBUG   (  148): Revision: '0'
I/DEBUG   (  148): pid: 22326, tid: 22326, name: UNKNOWN  >>> UNKNOWN <<<
I/DEBUG   (  148): signal 11 (SIGSEGV), code 2 (SEGV_ACCERR), fault addr b7740006
I/DEBUG   (  148): 
I/DEBUG   (  148): memory map around fault addr b7740006:
I/DEBUG   (  148):     (no map below)
I/DEBUG   (  148):     (no map for address)
I/DEBUG   (  148):     (no map above)
F/CRASH_LOGGER(22332): SIGSEGV : sample2-413881-551843.dex_repaired.dex_repaired.dex_repaired.dex 
W/dalvikvm(22334): WARNING: Odd length: expected 0, got 551843
F/libc    (22334): Fatal signal 11 (SIGSEGV) at 0xb76c7006 (code=2), thread 22334 (dexdump)
I/DEBUG   (  148): *** *** *** *** *** *** *** *** *** *** *** *** *** *** *** ***
I/DEBUG   (  148): Build fingerprint: 'generic/vbox86p/vbox86p:4.4.4/KTU84P/eng.buildbot.20151118.000452:userdebug/test-keys'
I/DEBUG   (  148): Revision: '0'
I/DEBUG   (  148): pid: 22334, tid: 22334, name: UNKNOWN  >>> UNKNOWN <<<
I/DEBUG   (  148): signal 11 (SIGSEGV), code 2 (SEGV_ACCERR), fault addr b76c7006
I/DEBUG   (  148): 
I/DEBUG   (  148): memory map around fault addr b76c7006:
I/DEBUG   (  148):     (no map below)
I/DEBUG   (  148):     (no map for address)
I/DEBUG   (  148):     (no map above)
F/CRASH_LOGGER(22339): SIGSEGV : sample2-413881-551843.dex_repaired.dex_repaired.dex_repaired.dex_repaired.dex 
W/dalvikvm(22341): WARNING: Odd length: expected 0, got 551843
F/libc    (22341): Fatal signal 11 (SIGSEGV) at 0xb76cd006 (code=2), thread 22341 (dexdump)
I/DEBUG   (  148): *** *** *** *** *** *** *** *** *** *** *** *** *** *** *** ***
I/DEBUG   (  148): Build fingerprint: 'generic/vbox86p/vbox86p:4.4.4/KTU84P/eng.buildbot.20151118.000452:userdebug/test-keys'
I/DEBUG   (  148): Revision: '0'
I/DEBUG   (  148): pid: 22341, tid: 22341, name: UNKNOWN  >>> UNKNOWN <<<
I/DEBUG   (  148): signal 11 (SIGSEGV), code 2 (SEGV_ACCERR), fault addr b76cd006
I/DEBUG   (  148): 
I/DEBUG   (  148): memory map around fault addr b76cd006:
I/DEBUG   (  148):     (no map below)
I/DEBUG   (  148):     (no map for address)
I/DEBUG   (  148):     (no map above)
F/CRASH_LOGGER(22346): SIGSEGV : sample3-0-137960.dex 
E/dalvikvm(22348): ERROR: Bad magic number (0xe0 ad 75 28)
F/CRASH_LOGGER(22353): SIGSEGV : sample3-137960-275921.dex 
W/dalvikvm(22355): WARNING: Odd length: expected 0, got 551843
F/libc    (22355): Fatal signal 11 (SIGSEGV) at 0xb76a9006 (code=2), thread 22355 (dexdump)
I/DEBUG   (  148): *** *** *** *** *** *** *** *** *** *** *** *** *** *** *** ***
I/DEBUG   (  148): Build fingerprint: 'generic/vbox86p/vbox86p:4.4.4/KTU84P/eng.buildbot.20151118.000452:userdebug/test-keys'
I/DEBUG   (  148): Revision: '0'
I/DEBUG   (  148): pid: 22355, tid: 22355, name: UNKNOWN  >>> UNKNOWN <<<
I/DEBUG   (  148): signal 11 (SIGSEGV), code 2 (SEGV_ACCERR), fault addr b76a9006
I/DEBUG   (  148): 
I/DEBUG   (  148): memory map around fault addr b76a9006:
I/DEBUG   (  148):     (no map below)
I/DEBUG   (  148):     (no map for address)
I/DEBUG   (  148):     (no map above)
D/dalvikvm(  863): GC_CONCURRENT freed 428K, 13% free 4384K/5036K, paused 4ms+2ms, total 12ms
F/CRASH_LOGGER(22360): SIGSEGV : sample3-137960-275921.dex_repaired.dex 
W/dalvikvm(22362): WARNING: Odd length: expected 0, got 551843
F/libc    (22362): Fatal signal 11 (SIGSEGV) at 0xb76fb006 (code=2), thread 22362 (dexdump)
I/DEBUG   (  148): *** *** *** *** *** *** *** *** *** *** *** *** *** *** *** ***
I/DEBUG   (  148): Build fingerprint: 'generic/vbox86p/vbox86p:4.4.4/KTU84P/eng.buildbot.20151118.000452:userdebug/test-keys'
I/DEBUG   (  148): Revision: '0'
I/DEBUG   (  148): pid: 22362, tid: 22362, name: UNKNOWN  >>> UNKNOWN <<<
I/DEBUG   (  148): signal 11 (SIGSEGV), code 2 (SEGV_ACCERR), fault addr b76fb006
I/DEBUG   (  148): 
I/DEBUG   (  148): memory map around fault addr b76fb006:
I/DEBUG   (  148):     (no map below)
I/DEBUG   (  148):     (no map for address)
I/DEBUG   (  148):     (no map above)
F/CRASH_LOGGER(22367): SIGSEGV : sample3-137960-275921.dex_repaired.dex_repaired.dex 
W/dalvikvm(22369): WARNING: Odd length: expected 0, got 551843
F/libc    (22369): Fatal signal 11 (SIGSEGV) at 0xb76ff006 (code=2), thread 22369 (dexdump)
I/DEBUG   (  148): *** *** *** *** *** *** *** *** *** *** *** *** *** *** *** ***
I/DEBUG   (  148): Build fingerprint: 'generic/vbox86p/vbox86p:4.4.4/KTU84P/eng.buildbot.20151118.000452:userdebug/test-keys'
I/DEBUG   (  148): Revision: '0'
I/DEBUG   (  148): pid: 22369, tid: 22369, name: UNKNOWN  >>> UNKNOWN <<<
I/DEBUG   (  148): signal 11 (SIGSEGV), code 2 (SEGV_ACCERR), fault addr b76ff006
I/DEBUG   (  148): 
I/DEBUG   (  148): memory map around fault addr b76ff006:
I/DEBUG   (  148):     (no map below)
I/DEBUG   (  148):     (no map for address)
I/DEBUG   (  148):     (no map above)
F/CRASH_LOGGER(22374): SIGSEGV : sample3-137960-275921.dex_repaired.dex_repaired.dex_repaired.dex 
W/dalvikvm(22376): WARNING: Odd length: expected 0, got 551843
F/libc    (22376): Fatal signal 11 (SIGSEGV) at 0xb7755006 (code=2), thread 22376 (dexdump)
I/DEBUG   (  148): *** *** *** *** *** *** *** *** *** *** *** *** *** *** *** ***
I/DEBUG   (  148): Build fingerprint: 'generic/vbox86p/vbox86p:4.4.4/KTU84P/eng.buildbot.20151118.000452:userdebug/test-keys'
I/DEBUG   (  148): Revision: '0'
I/DEBUG   (  148): pid: 22376, tid: 22376, name: UNKNOWN  >>> UNKNOWN <<<
I/DEBUG   (  148): signal 11 (SIGSEGV), code 2 (SEGV_ACCERR), fault addr b7755006
I/DEBUG   (  148): 
I/DEBUG   (  148): memory map around fault addr b7755006:
I/DEBUG   (  148):     (no map below)
I/DEBUG   (  148):     (no map for address)
I/DEBUG   (  148):     (no map above)
F/CRASH_LOGGER(22381): SIGSEGV : sample3-137960-275921.dex_repaired.dex_repaired.dex_repaired.dex_repaired.dex 
W/dalvikvm(22383): WARNING: Odd length: expected 0, got 551843
F/libc    (22383): Fatal signal 11 (SIGSEGV) at 0xb7708006 (code=2), thread 22383 (dexdump)
I/DEBUG   (  148): *** *** *** *** *** *** *** *** *** *** *** *** *** *** *** ***
I/DEBUG   (  148): Build fingerprint: 'generic/vbox86p/vbox86p:4.4.4/KTU84P/eng.buildbot.20151118.000452:userdebug/test-keys'
I/DEBUG   (  148): Revision: '0'
I/DEBUG   (  148): pid: 22383, tid: 22383, name: UNKNOWN  >>> UNKNOWN <<<
I/DEBUG   (  148): signal 11 (SIGSEGV), code 2 (SEGV_ACCERR), fault addr b7708006
I/DEBUG   (  148): 
I/DEBUG   (  148): memory map around fault addr b7708006:
I/DEBUG   (  148):     (no map below)
I/DEBUG   (  148):     (no map for address)
I/DEBUG   (  148):     (no map above)
F/CRASH_LOGGER(22388): SIGSEGV : sample3-275921-413881.dex 
W/dalvikvm(22390): WARNING: Odd length: expected 0, got 551843
F/libc    (22390): Fatal signal 11 (SIGSEGV) at 0xb7727006 (code=2), thread 22390 (dexdump)
I/DEBUG   (  148): *** *** *** *** *** *** *** *** *** *** *** *** *** *** *** ***
I/DEBUG   (  148): Build fingerprint: 'generic/vbox86p/vbox86p:4.4.4/KTU84P/eng.buildbot.20151118.000452:userdebug/test-keys'
I/DEBUG   (  148): Revision: '0'
I/DEBUG   (  148): pid: 22390, tid: 22390, name: UNKNOWN  >>> UNKNOWN <<<
I/DEBUG   (  148): signal 11 (SIGSEGV), code 2 (SEGV_ACCERR), fault addr b7727006
I/DEBUG   (  148): 
I/DEBUG   (  148): memory map around fault addr b7727006:
I/DEBUG   (  148):     (no map below)
I/DEBUG   (  148):     (no map for address)
I/DEBUG   (  148):     (no map above)
F/CRASH_LOGGER(22395): SIGSEGV : sample3-275921-413881.dex_repaired.dex 
W/dalvikvm(22397): WARNING: Odd length: expected 0, got 551843
F/libc    (22397): Fatal signal 11 (SIGSEGV) at 0xb7734006 (code=2), thread 22397 (dexdump)
I/DEBUG   (  148): *** *** *** *** *** *** *** *** *** *** *** *** *** *** *** ***
I/DEBUG   (  148): Build fingerprint: 'generic/vbox86p/vbox86p:4.4.4/KTU84P/eng.buildbot.20151118.000452:userdebug/test-keys'
I/DEBUG   (  148): Revision: '0'
I/DEBUG   (  148): pid: 22397, tid: 22397, name: UNKNOWN  >>> UNKNOWN <<<
I/DEBUG   (  148): signal 11 (SIGSEGV), code 2 (SEGV_ACCERR), fault addr b7734006
I/DEBUG   (  148): 
I/DEBUG   (  148): memory map around fault addr b7734006:
I/DEBUG   (  148):     (no map below)
I/DEBUG   (  148):     (no map for address)
I/DEBUG   (  148):     (no map above)
F/CRASH_LOGGER(22402): SIGSEGV : sample3-275921-413881.dex_repaired.dex_repaired.dex 
W/dalvikvm(22404): WARNING: Odd length: expected 0, got 551843
F/libc    (22404): Fatal signal 11 (SIGSEGV) at 0xb7705006 (code=2), thread 22404 (dexdump)
I/DEBUG   (  148): *** *** *** *** *** *** *** *** *** *** *** *** *** *** *** ***
I/DEBUG   (  148): Build fingerprint: 'generic/vbox86p/vbox86p:4.4.4/KTU84P/eng.buildbot.20151118.000452:userdebug/test-keys'
I/DEBUG   (  148): Revision: '0'
I/DEBUG   (  148): pid: 22404, tid: 22404, name: UNKNOWN  >>> UNKNOWN <<<
I/DEBUG   (  148): signal 11 (SIGSEGV), code 2 (SEGV_ACCERR), fault addr b7705006
I/DEBUG   (  148): 
I/DEBUG   (  148): memory map around fault addr b7705006:
I/DEBUG   (  148):     (no map below)
I/DEBUG   (  148):     (no map for address)
I/DEBUG   (  148):     (no map above)
F/CRASH_LOGGER(22409): SIGSEGV : sample3-275921-413881.dex_repaired.dex_repaired.dex_repaired.dex 
W/dalvikvm(22411): WARNING: Odd length: expected 0, got 551843
F/libc    (22411): Fatal signal 11 (SIGSEGV) at 0xb771a006 (code=2), thread 22411 (dexdump)
I/DEBUG   (  148): *** *** *** *** *** *** *** *** *** *** *** *** *** *** *** ***
I/DEBUG   (  148): Build fingerprint: 'generic/vbox86p/vbox86p:4.4.4/KTU84P/eng.buildbot.20151118.000452:userdebug/test-keys'
I/DEBUG   (  148): Revision: '0'
I/DEBUG   (  148): pid: 22411, tid: 22411, name: UNKNOWN  >>> UNKNOWN <<<
I/DEBUG   (  148): signal 11 (SIGSEGV), code 2 (SEGV_ACCERR), fault addr b771a006
I/DEBUG   (  148): 
I/DEBUG   (  148): memory map around fault addr b771a006:
I/DEBUG   (  148):     (no map below)
I/DEBUG   (  148):     (no map for address)
I/DEBUG   (  148):     (no map above)
F/CRASH_LOGGER(22416): SIGSEGV : sample3-275921-413881.dex_repaired.dex_repaired.dex_repaired.dex_repaired.dex 
W/dalvikvm(22418): WARNING: Odd length: expected 0, got 551843
F/libc    (22418): Fatal signal 11 (SIGSEGV) at 0xb76f5006 (code=2), thread 22418 (dexdump)
I/DEBUG   (  148): *** *** *** *** *** *** *** *** *** *** *** *** *** *** *** ***
I/DEBUG   (  148): Build fingerprint: 'generic/vbox86p/vbox86p:4.4.4/KTU84P/eng.buildbot.20151118.000452:userdebug/test-keys'
I/DEBUG   (  148): Revision: '0'
I/DEBUG   (  148): pid: 22418, tid: 22418, name: UNKNOWN  >>> UNKNOWN <<<
I/DEBUG   (  148): signal 11 (SIGSEGV), code 2 (SEGV_ACCERR), fault addr b76f5006
I/DEBUG   (  148): 
I/DEBUG   (  148): memory map around fault addr b76f5006:
I/DEBUG   (  148):     (no map below)
I/DEBUG   (  148):     (no map for address)
I/DEBUG   (  148):     (no map above)
F/CRASH_LOGGER(22423): SIGSEGV : sample3-413881-551843.dex 
W/dalvikvm(22425): WARNING: Odd length: expected 0, got 551843
F/libc    (22425): Fatal signal 11 (SIGSEGV) at 0xb769f006 (code=2), thread 22425 (dexdump)
I/DEBUG   (  148): *** *** *** *** *** *** *** *** *** *** *** *** *** *** *** ***
I/DEBUG   (  148): Build fingerprint: 'generic/vbox86p/vbox86p:4.4.4/KTU84P/eng.buildbot.20151118.000452:userdebug/test-keys'
I/DEBUG   (  148): Revision: '0'
I/DEBUG   (  148): pid: 22425, tid: 22425, name: UNKNOWN  >>> UNKNOWN <<<
I/DEBUG   (  148): signal 11 (SIGSEGV), code 2 (SEGV_ACCERR), fault addr b769f006
I/DEBUG   (  148): 
I/DEBUG   (  148): memory map around fault addr b769f006:
I/DEBUG   (  148):     (no map below)
I/DEBUG   (  148):     (no map for address)
I/DEBUG   (  148):     (no map above)
F/CRASH_LOGGER(22430): SIGSEGV : sample3-413881-551843.dex_repaired.dex 
W/dalvikvm(22432): WARNING: Odd length: expected 0, got 551843
F/libc    (22432): Fatal signal 11 (SIGSEGV) at 0xb7743006 (code=2), thread 22432 (dexdump)
I/DEBUG   (  148): *** *** *** *** *** *** *** *** *** *** *** *** *** *** *** ***
I/DEBUG   (  148): Build fingerprint: 'generic/vbox86p/vbox86p:4.4.4/KTU84P/eng.buildbot.20151118.000452:userdebug/test-keys'
I/DEBUG   (  148): Revision: '0'
I/DEBUG   (  148): pid: 22432, tid: 22432, name: UNKNOWN  >>> UNKNOWN <<<
I/DEBUG   (  148): signal 11 (SIGSEGV), code 2 (SEGV_ACCERR), fault addr b7743006
I/DEBUG   (  148): 
I/DEBUG   (  148): memory map around fault addr b7743006:
I/DEBUG   (  148):     (no map below)
I/DEBUG   (  148):     (no map for address)
I/DEBUG   (  148):     (no map above)
F/CRASH_LOGGER(22437): SIGSEGV : sample3-413881-551843.dex_repaired.dex_repaired.dex 
W/dalvikvm(22439): WARNING: Odd length: expected 0, got 551843
F/libc    (22439): Fatal signal 11 (SIGSEGV) at 0xb76cf006 (code=2), thread 22439 (dexdump)
I/DEBUG   (  148): *** *** *** *** *** *** *** *** *** *** *** *** *** *** *** ***
I/DEBUG   (  148): Build fingerprint: 'generic/vbox86p/vbox86p:4.4.4/KTU84P/eng.buildbot.20151118.000452:userdebug/test-keys'
I/DEBUG   (  148): Revision: '0'
I/DEBUG   (  148): pid: 22439, tid: 22439, name: UNKNOWN  >>> UNKNOWN <<<
I/DEBUG   (  148): signal 11 (SIGSEGV), code 2 (SEGV_ACCERR), fault addr b76cf006
I/DEBUG   (  148): 
I/DEBUG   (  148): memory map around fault addr b76cf006:
I/DEBUG   (  148):     (no map below)
I/DEBUG   (  148):     (no map for address)
I/DEBUG   (  148):     (no map above)
F/CRASH_LOGGER(22444): SIGSEGV : sample3-413881-551843.dex_repaired.dex_repaired.dex_repaired.dex 
W/dalvikvm(22446): WARNING: Odd length: expected 0, got 551843
F/libc    (22446): Fatal signal 11 (SIGSEGV) at 0xb76ed006 (code=2), thread 22446 (dexdump)
I/DEBUG   (  148): *** *** *** *** *** *** *** *** *** *** *** *** *** *** *** ***
I/DEBUG   (  148): Build fingerprint: 'generic/vbox86p/vbox86p:4.4.4/KTU84P/eng.buildbot.20151118.000452:userdebug/test-keys'
I/DEBUG   (  148): Revision: '0'
I/DEBUG   (  148): pid: 22446, tid: 22446, name: UNKNOWN  >>> UNKNOWN <<<
I/DEBUG   (  148): signal 11 (SIGSEGV), code 2 (SEGV_ACCERR), fault addr b76ed006
I/DEBUG   (  148): 
I/DEBUG   (  148): memory map around fault addr b76ed006:
I/DEBUG   (  148):     (no map below)
I/DEBUG   (  148):     (no map for address)
I/DEBUG   (  148):     (no map above)
F/CRASH_LOGGER(22451): SIGSEGV : sample3-413881-551843.dex_repaired.dex_repaired.dex_repaired.dex_repaired.dex 
W/dalvikvm(22453): WARNING: Odd length: expected 0, got 551843
F/libc    (22453): Fatal signal 11 (SIGSEGV) at 0xb76e8006 (code=2), thread 22453 (dexdump)
I/DEBUG   (  148): *** *** *** *** *** *** *** *** *** *** *** *** *** *** *** ***
I/DEBUG   (  148): Build fingerprint: 'generic/vbox86p/vbox86p:4.4.4/KTU84P/eng.buildbot.20151118.000452:userdebug/test-keys'
I/DEBUG   (  148): Revision: '0'
I/DEBUG   (  148): pid: 22453, tid: 22453, name: UNKNOWN  >>> UNKNOWN <<<
I/DEBUG   (  148): signal 11 (SIGSEGV), code 2 (SEGV_ACCERR), fault addr b76e8006
I/DEBUG   (  148): 
I/DEBUG   (  148): memory map around fault addr b76e8006:
I/DEBUG   (  148):     (no map below)
I/DEBUG   (  148):     (no map for address)
I/DEBUG   (  148):     (no map above)
F/CRASH_LOGGER(22458): SIGSEGV : sample4-0-137960.dex 
E/dalvikvm(22460): ERROR: Bad magic number (0xe0 ad 75 28)
F/CRASH_LOGGER(22465): SIGSEGV : sample4-137960-275921.dex 
W/dalvikvm(22467): WARNING: Odd length: expected 0, got 551843
F/libc    (22467): Fatal signal 11 (SIGSEGV) at 0xb76a6006 (code=2), thread 22467 (dexdump)
I/DEBUG   (  148): *** *** *** *** *** *** *** *** *** *** *** *** *** *** *** ***
I/DEBUG   (  148): Build fingerprint: 'generic/vbox86p/vbox86p:4.4.4/KTU84P/eng.buildbot.20151118.000452:userdebug/test-keys'
I/DEBUG   (  148): Revision: '0'
I/DEBUG   (  148): pid: 22467, tid: 22467, name: UNKNOWN  >>> UNKNOWN <<<
I/DEBUG   (  148): signal 11 (SIGSEGV), code 2 (SEGV_ACCERR), fault addr b76a6006
I/DEBUG   (  148): 
I/DEBUG   (  148): memory map around fault addr b76a6006:
I/DEBUG   (  148):     (no map below)
I/DEBUG   (  148):     (no map for address)
I/DEBUG   (  148):     (no map above)
F/CRASH_LOGGER(22472): SIGSEGV : sample4-137960-275921.dex_repaired.dex 
W/dalvikvm(22474): WARNING: Odd length: expected 0, got 551843
F/libc    (22474): Fatal signal 11 (SIGSEGV) at 0xb7696006 (code=2), thread 22474 (dexdump)
I/DEBUG   (  148): *** *** *** *** *** *** *** *** *** *** *** *** *** *** *** ***
I/DEBUG   (  148): Build fingerprint: 'generic/vbox86p/vbox86p:4.4.4/KTU84P/eng.buildbot.20151118.000452:userdebug/test-keys'
I/DEBUG   (  148): Revision: '0'
I/DEBUG   (  148): pid: 22474, tid: 22474, name: UNKNOWN  >>> UNKNOWN <<<
I/DEBUG   (  148): signal 11 (SIGSEGV), code 2 (SEGV_ACCERR), fault addr b7696006
I/DEBUG   (  148): 
I/DEBUG   (  148): memory map around fault addr b7696006:
I/DEBUG   (  148):     (no map below)
I/DEBUG   (  148):     (no map for address)
I/DEBUG   (  148):     (no map above)
F/CRASH_LOGGER(22479): SIGSEGV : sample4-137960-275921.dex_repaired.dex_repaired.dex 
W/dalvikvm(22481): WARNING: Odd length: expected 0, got 551843
F/libc    (22481): Fatal signal 11 (SIGSEGV) at 0xb7755006 (code=2), thread 22481 (dexdump)
I/DEBUG   (  148): *** *** *** *** *** *** *** *** *** *** *** *** *** *** *** ***
I/DEBUG   (  148): Build fingerprint: 'generic/vbox86p/vbox86p:4.4.4/KTU84P/eng.buildbot.20151118.000452:userdebug/test-keys'
I/DEBUG   (  148): Revision: '0'
I/DEBUG   (  148): pid: 22481, tid: 22481, name: UNKNOWN  >>> UNKNOWN <<<
I/DEBUG   (  148): signal 11 (SIGSEGV), code 2 (SEGV_ACCERR), fault addr b7755006
I/DEBUG   (  148): 
I/DEBUG   (  148): memory map around fault addr b7755006:
I/DEBUG   (  148):     (no map below)
I/DEBUG   (  148):     (no map for address)
I/DEBUG   (  148):     (no map above)
F/CRASH_LOGGER(22486): SIGSEGV : sample4-137960-275921.dex_repaired.dex_repaired.dex_repaired.dex 
W/dalvikvm(22488): WARNING: Odd length: expected 0, got 551843
F/libc    (22488): Fatal signal 11 (SIGSEGV) at 0xb7746006 (code=2), thread 22488 (dexdump)
I/DEBUG   (  148): *** *** *** *** *** *** *** *** *** *** *** *** *** *** *** ***
I/DEBUG   (  148): Build fingerprint: 'generic/vbox86p/vbox86p:4.4.4/KTU84P/eng.buildbot.20151118.000452:userdebug/test-keys'
I/DEBUG   (  148): Revision: '0'
I/DEBUG   (  148): pid: 22488, tid: 22488, name: UNKNOWN  >>> UNKNOWN <<<
I/DEBUG   (  148): signal 11 (SIGSEGV), code 2 (SEGV_ACCERR), fault addr b7746006
I/DEBUG   (  148): 
I/DEBUG   (  148): memory map around fault addr b7746006:
I/DEBUG   (  148):     (no map below)
I/DEBUG   (  148):     (no map for address)
I/DEBUG   (  148):     (no map above)
F/CRASH_LOGGER(22493): SIGSEGV : sample4-137960-275921.dex_repaired.dex_repaired.dex_repaired.dex_repaired.dex 
W/dalvikvm(22495): WARNING: Odd length: expected 0, got 551843
F/libc    (22495): Fatal signal 11 (SIGSEGV) at 0xb76b0006 (code=2), thread 22495 (dexdump)
I/DEBUG   (  148): *** *** *** *** *** *** *** *** *** *** *** *** *** *** *** ***
I/DEBUG   (  148): Build fingerprint: 'generic/vbox86p/vbox86p:4.4.4/KTU84P/eng.buildbot.20151118.000452:userdebug/test-keys'
I/DEBUG   (  148): Revision: '0'
I/DEBUG   (  148): pid: 22495, tid: 22495, name: UNKNOWN  >>> UNKNOWN <<<
I/DEBUG   (  148): signal 11 (SIGSEGV), code 2 (SEGV_ACCERR), fault addr b76b0006
I/DEBUG   (  148): 
I/DEBUG   (  148): memory map around fault addr b76b0006:
I/DEBUG   (  148):     (no map below)
I/DEBUG   (  148):     (no map for address)
I/DEBUG   (  148):     (no map above)
F/CRASH_LOGGER(22500): SIGSEGV : sample4-275921-413881.dex 
W/dalvikvm(22502): WARNING: Odd length: expected 0, got 551843
F/libc    (22502): Fatal signal 11 (SIGSEGV) at 0xb778e006 (code=2), thread 22502 (dexdump)
I/DEBUG   (  148): *** *** *** *** *** *** *** *** *** *** *** *** *** *** *** ***
I/DEBUG   (  148): Build fingerprint: 'generic/vbox86p/vbox86p:4.4.4/KTU84P/eng.buildbot.20151118.000452:userdebug/test-keys'
I/DEBUG   (  148): Revision: '0'
I/DEBUG   (  148): pid: 22502, tid: 22502, name: UNKNOWN  >>> UNKNOWN <<<
I/DEBUG   (  148): signal 11 (SIGSEGV), code 2 (SEGV_ACCERR), fault addr b778e006
I/DEBUG   (  148): 
I/DEBUG   (  148): memory map around fault addr b778e006:
I/DEBUG   (  148):     (no map below)
I/DEBUG   (  148):     (no map for address)
I/DEBUG   (  148):     (no map above)
F/CRASH_LOGGER(22507): SIGSEGV : sample4-275921-413881.dex_repaired.dex 
W/dalvikvm(22509): WARNING: Odd length: expected 0, got 551843
F/libc    (22509): Fatal signal 11 (SIGSEGV) at 0xb774e006 (code=2), thread 22509 (dexdump)
I/DEBUG   (  148): *** *** *** *** *** *** *** *** *** *** *** *** *** *** *** ***
I/DEBUG   (  148): Build fingerprint: 'generic/vbox86p/vbox86p:4.4.4/KTU84P/eng.buildbot.20151118.000452:userdebug/test-keys'
I/DEBUG   (  148): Revision: '0'
I/DEBUG   (  148): pid: 22509, tid: 22509, name: UNKNOWN  >>> UNKNOWN <<<
I/DEBUG   (  148): signal 11 (SIGSEGV), code 2 (SEGV_ACCERR), fault addr b774e006
I/DEBUG   (  148): 
I/DEBUG   (  148): memory map around fault addr b774e006:
I/DEBUG   (  148):     (no map below)
I/DEBUG   (  148):     (no map for address)
I/DEBUG   (  148):     (no map above)
F/CRASH_LOGGER(22514): SIGSEGV : sample4-275921-413881.dex_repaired.dex_repaired.dex 
W/dalvikvm(22516): WARNING: Odd length: expected 0, got 551843
F/libc    (22516): Fatal signal 11 (SIGSEGV) at 0xb76c4006 (code=2), thread 22516 (dexdump)
I/DEBUG   (  148): *** *** *** *** *** *** *** *** *** *** *** *** *** *** *** ***
I/DEBUG   (  148): Build fingerprint: 'generic/vbox86p/vbox86p:4.4.4/KTU84P/eng.buildbot.20151118.000452:userdebug/test-keys'
I/DEBUG   (  148): Revision: '0'
I/DEBUG   (  148): pid: 22516, tid: 22516, name: UNKNOWN  >>> UNKNOWN <<<
I/DEBUG   (  148): signal 11 (SIGSEGV), code 2 (SEGV_ACCERR), fault addr b76c4006
I/DEBUG   (  148): 
I/DEBUG   (  148): memory map around fault addr b76c4006:
I/DEBUG   (  148):     (no map below)
I/DEBUG   (  148):     (no map for address)
I/DEBUG   (  148):     (no map above)
F/CRASH_LOGGER(22521): SIGSEGV : sample4-275921-413881.dex_repaired.dex_repaired.dex_repaired.dex 
W/dalvikvm(22523): WARNING: Odd length: expected 0, got 551843
F/libc    (22523): Fatal signal 11 (SIGSEGV) at 0xb7693006 (code=2), thread 22523 (dexdump)
I/DEBUG   (  148): *** *** *** *** *** *** *** *** *** *** *** *** *** *** *** ***
I/DEBUG   (  148): Build fingerprint: 'generic/vbox86p/vbox86p:4.4.4/KTU84P/eng.buildbot.20151118.000452:userdebug/test-keys'
I/DEBUG   (  148): Revision: '0'
I/DEBUG   (  148): pid: 22523, tid: 22523, name: UNKNOWN  >>> UNKNOWN <<<
I/DEBUG   (  148): signal 11 (SIGSEGV), code 2 (SEGV_ACCERR), fault addr b7693006
I/DEBUG   (  148): 
I/DEBUG   (  148): memory map around fault addr b7693006:
I/DEBUG   (  148):     (no map below)
I/DEBUG   (  148):     (no map for address)
I/DEBUG   (  148):     (no map above)
F/CRASH_LOGGER(22528): SIGSEGV : sample4-275921-413881.dex_repaired.dex_repaired.dex_repaired.dex_repaired.dex 
W/dalvikvm(22530): WARNING: Odd length: expected 0, got 551843
F/libc    (22530): Fatal signal 11 (SIGSEGV) at 0xb768f006 (code=2), thread 22530 (dexdump)
I/DEBUG   (  148): *** *** *** *** *** *** *** *** *** *** *** *** *** *** *** ***
I/DEBUG   (  148): Build fingerprint: 'generic/vbox86p/vbox86p:4.4.4/KTU84P/eng.buildbot.20151118.000452:userdebug/test-keys'
I/DEBUG   (  148): Revision: '0'
I/DEBUG   (  148): pid: 22530, tid: 22530, name: UNKNOWN  >>> UNKNOWN <<<
I/DEBUG   (  148): signal 11 (SIGSEGV), code 2 (SEGV_ACCERR), fault addr b768f006
I/DEBUG   (  148): 
I/DEBUG   (  148): memory map around fault addr b768f006:
I/DEBUG   (  148):     (no map below)
I/DEBUG   (  148):     (no map for address)
I/DEBUG   (  148):     (no map above)
F/CRASH_LOGGER(22535): SIGSEGV : sample4-413881-551843.dex 
W/dalvikvm(22537): WARNING: Odd length: expected 0, got 551843
F/libc    (22537): Fatal signal 11 (SIGSEGV) at 0xb774a006 (code=2), thread 22537 (dexdump)
I/DEBUG   (  148): *** *** *** *** *** *** *** *** *** *** *** *** *** *** *** ***
I/DEBUG   (  148): Build fingerprint: 'generic/vbox86p/vbox86p:4.4.4/KTU84P/eng.buildbot.20151118.000452:userdebug/test-keys'
I/DEBUG   (  148): Revision: '0'
I/DEBUG   (  148): pid: 22537, tid: 22537, name: UNKNOWN  >>> UNKNOWN <<<
I/DEBUG   (  148): signal 11 (SIGSEGV), code 2 (SEGV_ACCERR), fault addr b774a006
I/DEBUG   (  148): 
I/DEBUG   (  148): memory map around fault addr b774a006:
I/DEBUG   (  148):     (no map below)
I/DEBUG   (  148):     (no map for address)
I/DEBUG   (  148):     (no map above)
F/CRASH_LOGGER(22542): SIGSEGV : sample4-413881-551843.dex_repaired.dex 
W/dalvikvm(22544): WARNING: Odd length: expected 0, got 551843
F/libc    (22544): Fatal signal 11 (SIGSEGV) at 0xb7713006 (code=2), thread 22544 (dexdump)
I/DEBUG   (  148): *** *** *** *** *** *** *** *** *** *** *** *** *** *** *** ***
I/DEBUG   (  148): Build fingerprint: 'generic/vbox86p/vbox86p:4.4.4/KTU84P/eng.buildbot.20151118.000452:userdebug/test-keys'
I/DEBUG   (  148): Revision: '0'
I/DEBUG   (  148): pid: 22544, tid: 22544, name: UNKNOWN  >>> UNKNOWN <<<
I/DEBUG   (  148): signal 11 (SIGSEGV), code 2 (SEGV_ACCERR), fault addr b7713006
I/DEBUG   (  148): 
I/DEBUG   (  148): memory map around fault addr b7713006:
I/DEBUG   (  148):     (no map below)
I/DEBUG   (  148):     (no map for address)
I/DEBUG   (  148):     (no map above)
F/CRASH_LOGGER(22549): SIGSEGV : sample4-413881-551843.dex_repaired.dex_repaired.dex 
W/dalvikvm(22551): WARNING: Odd length: expected 0, got 551843
F/libc    (22551): Fatal signal 11 (SIGSEGV) at 0xb7772006 (code=2), thread 22551 (dexdump)
I/DEBUG   (  148): *** *** *** *** *** *** *** *** *** *** *** *** *** *** *** ***
I/DEBUG   (  148): Build fingerprint: 'generic/vbox86p/vbox86p:4.4.4/KTU84P/eng.buildbot.20151118.000452:userdebug/test-keys'
I/DEBUG   (  148): Revision: '0'
I/DEBUG   (  148): pid: 22551, tid: 22551, name: UNKNOWN  >>> UNKNOWN <<<
I/DEBUG   (  148): signal 11 (SIGSEGV), code 2 (SEGV_ACCERR), fault addr b7772006
I/DEBUG   (  148): 
I/DEBUG   (  148): memory map around fault addr b7772006:
I/DEBUG   (  148):     (no map below)
I/DEBUG   (  148):     (no map for address)
I/DEBUG   (  148):     (no map above)
F/CRASH_LOGGER(22556): SIGSEGV : sample4-413881-551843.dex_repaired.dex_repaired.dex_repaired.dex 
W/dalvikvm(22558): WARNING: Odd length: expected 0, got 551843
F/libc    (22558): Fatal signal 11 (SIGSEGV) at 0xb7737006 (code=2), thread 22558 (dexdump)
I/DEBUG   (  148): *** *** *** *** *** *** *** *** *** *** *** *** *** *** *** ***
I/DEBUG   (  148): Build fingerprint: 'generic/vbox86p/vbox86p:4.4.4/KTU84P/eng.buildbot.20151118.000452:userdebug/test-keys'
I/DEBUG   (  148): Revision: '0'
I/DEBUG   (  148): pid: 22558, tid: 22558, name: UNKNOWN  >>> UNKNOWN <<<
I/DEBUG   (  148): signal 11 (SIGSEGV), code 2 (SEGV_ACCERR), fault addr b7737006
I/DEBUG   (  148): 
I/DEBUG   (  148): memory map around fault addr b7737006:
I/DEBUG   (  148):     (no map below)
I/DEBUG   (  148):     (no map for address)
I/DEBUG   (  148):     (no map above)
F/CRASH_LOGGER(22566): SIGSEGV : sample0-0-137960.dex 
E/dalvikvm(22568): ERROR: Bad magic number (0xe0 ad 75 28)
F/CRASH_LOGGER(22573): SIGSEGV : sample0-137960-275921.dex 
W/dalvikvm(22575): WARNING: Odd length: expected 0, got 551843
F/libc    (22575): Fatal signal 11 (SIGSEGV) at 0xb7761006 (code=2), thread 22575 (dexdump)
I/DEBUG   (  148): *** *** *** *** *** *** *** *** *** *** *** *** *** *** *** ***
I/DEBUG   (  148): Build fingerprint: 'generic/vbox86p/vbox86p:4.4.4/KTU84P/eng.buildbot.20151118.000452:userdebug/test-keys'
I/DEBUG   (  148): Revision: '0'
I/DEBUG   (  148): pid: 22575, tid: 22575, name: UNKNOWN  >>> UNKNOWN <<<
I/DEBUG   (  148): signal 11 (SIGSEGV), code 2 (SEGV_ACCERR), fault addr b7761006
I/DEBUG   (  148): 
I/DEBUG   (  148): memory map around fault addr b7761006:
I/DEBUG   (  148):     (no map below)
I/DEBUG   (  148):     (no map for address)
I/DEBUG   (  148):     (no map above)
D/dalvikvm( 1937): GC_CONCURRENT freed 337K, 9% free 4200K/4592K, paused 0ms+2ms, total 7ms
F/CRASH_LOGGER(22580): SIGSEGV : sample0-137960-275921.dex_repaired.dex 
W/dalvikvm(22582): WARNING: Odd length: expected 0, got 551843
F/libc    (22582): Fatal signal 11 (SIGSEGV) at 0xb778e006 (code=2), thread 22582 (dexdump)
I/DEBUG   (  148): *** *** *** *** *** *** *** *** *** *** *** *** *** *** *** ***
I/DEBUG   (  148): Build fingerprint: 'generic/vbox86p/vbox86p:4.4.4/KTU84P/eng.buildbot.20151118.000452:userdebug/test-keys'
I/DEBUG   (  148): Revision: '0'
I/DEBUG   (  148): pid: 22582, tid: 22582, name: UNKNOWN  >>> UNKNOWN <<<
I/DEBUG   (  148): signal 11 (SIGSEGV), code 2 (SEGV_ACCERR), fault addr b778e006
I/DEBUG   (  148): 
I/DEBUG   (  148): memory map around fault addr b778e006:
I/DEBUG   (  148):     (no map below)
I/DEBUG   (  148):     (no map for address)
I/DEBUG   (  148):     (no map above)
F/CRASH_LOGGER(22587): SIGSEGV : sample0-137960-275921.dex_repaired.dex_repaired.dex 
W/dalvikvm(22589): WARNING: Odd length: expected 0, got 551843
F/libc    (22589): Fatal signal 11 (SIGSEGV) at 0xb776d006 (code=2), thread 22589 (dexdump)
I/DEBUG   (  148): *** *** *** *** *** *** *** *** *** *** *** *** *** *** *** ***
I/DEBUG   (  148): Build fingerprint: 'generic/vbox86p/vbox86p:4.4.4/KTU84P/eng.buildbot.20151118.000452:userdebug/test-keys'
I/DEBUG   (  148): Revision: '0'
I/DEBUG   (  148): pid: 22589, tid: 22589, name: UNKNOWN  >>> UNKNOWN <<<
I/DEBUG   (  148): signal 11 (SIGSEGV), code 2 (SEGV_ACCERR), fault addr b776d006
I/DEBUG   (  148): 
I/DEBUG   (  148): memory map around fault addr b776d006:
I/DEBUG   (  148):     (no map below)
I/DEBUG   (  148):     (no map for address)
I/DEBUG   (  148):     (no map above)
F/CRASH_LOGGER(22594): SIGSEGV : sample0-137960-275921.dex_repaired.dex_repaired.dex_repaired.dex 
W/dalvikvm(22596): WARNING: Odd length: expected 0, got 551843
F/libc    (22596): Fatal signal 11 (SIGSEGV) at 0xb772c006 (code=2), thread 22596 (dexdump)
I/DEBUG   (  148): *** *** *** *** *** *** *** *** *** *** *** *** *** *** *** ***
I/DEBUG   (  148): Build fingerprint: 'generic/vbox86p/vbox86p:4.4.4/KTU84P/eng.buildbot.20151118.000452:userdebug/test-keys'
I/DEBUG   (  148): Revision: '0'
I/DEBUG   (  148): pid: 22596, tid: 22596, name: UNKNOWN  >>> UNKNOWN <<<
I/DEBUG   (  148): signal 11 (SIGSEGV), code 2 (SEGV_ACCERR), fault addr b772c006
I/DEBUG   (  148): 
I/DEBUG   (  148): memory map around fault addr b772c006:
I/DEBUG   (  148):     (no map below)
I/DEBUG   (  148):     (no map for address)
I/DEBUG   (  148):     (no map above)
F/CRASH_LOGGER(22601): SIGSEGV : sample0-137960-275921.dex_repaired.dex_repaired.dex_repaired.dex_repaired.dex 
W/dalvikvm(22603): WARNING: Odd length: expected 0, got 551843
F/libc    (22603): Fatal signal 11 (SIGSEGV) at 0xb7764006 (code=2), thread 22603 (dexdump)
I/DEBUG   (  148): *** *** *** *** *** *** *** *** *** *** *** *** *** *** *** ***
I/DEBUG   (  148): Build fingerprint: 'generic/vbox86p/vbox86p:4.4.4/KTU84P/eng.buildbot.20151118.000452:userdebug/test-keys'
I/DEBUG   (  148): Revision: '0'
I/DEBUG   (  148): pid: 22603, tid: 22603, name: UNKNOWN  >>> UNKNOWN <<<
I/DEBUG   (  148): signal 11 (SIGSEGV), code 2 (SEGV_ACCERR), fault addr b7764006
I/DEBUG   (  148): 
I/DEBUG   (  148): memory map around fault addr b7764006:
I/DEBUG   (  148):     (no map below)
I/DEBUG   (  148):     (no map for address)
I/DEBUG   (  148):     (no map above)
F/CRASH_LOGGER(22608): SIGSEGV : sample0-137960-275921.dex_repaired.dex_repaired.dex_repaired.dex_repaired.dex_repaired.dex 
W/dalvikvm(22610): WARNING: Odd length: expected 0, got 551843
F/libc    (22610): Fatal signal 11 (SIGSEGV) at 0xb76f6006 (code=2), thread 22610 (dexdump)
I/DEBUG   (  148): *** *** *** *** *** *** *** *** *** *** *** *** *** *** *** ***
I/DEBUG   (  148): Build fingerprint: 'generic/vbox86p/vbox86p:4.4.4/KTU84P/eng.buildbot.20151118.000452:userdebug/test-keys'
I/DEBUG   (  148): Revision: '0'
I/DEBUG   (  148): pid: 22610, tid: 22610, name: UNKNOWN  >>> UNKNOWN <<<
I/DEBUG   (  148): signal 11 (SIGSEGV), code 2 (SEGV_ACCERR), fault addr b76f6006
I/DEBUG   (  148): 
I/DEBUG   (  148): memory map around fault addr b76f6006:
I/DEBUG   (  148):     (no map below)
I/DEBUG   (  148):     (no map for address)
I/DEBUG   (  148):     (no map above)
F/CRASH_LOGGER(22615): SIGSEGV : sample0-275921-413881.dex 
W/dalvikvm(22617): WARNING: Odd length: expected 0, got 551843
F/libc    (22617): Fatal signal 11 (SIGSEGV) at 0xb7769006 (code=2), thread 22617 (dexdump)
I/DEBUG   (  148): *** *** *** *** *** *** *** *** *** *** *** *** *** *** *** ***
I/DEBUG   (  148): Build fingerprint: 'generic/vbox86p/vbox86p:4.4.4/KTU84P/eng.buildbot.20151118.000452:userdebug/test-keys'
I/DEBUG   (  148): Revision: '0'
I/DEBUG   (  148): pid: 22617, tid: 22617, name: UNKNOWN  >>> UNKNOWN <<<
I/DEBUG   (  148): signal 11 (SIGSEGV), code 2 (SEGV_ACCERR), fault addr b7769006
I/DEBUG   (  148): 
I/DEBUG   (  148): memory map around fault addr b7769006:
I/DEBUG   (  148):     (no map below)
