--------- beginning of /dev/log/main
I/DEBUG   (  148): 
I/DEBUG   (  148): memory map around fault addr b76c1006:
I/DEBUG   (  148):     (no map below)
I/DEBUG   (  148):     (no map for address)
I/DEBUG   (  148):     (no map above)
F/CRASH_LOGGER(21734): SIGSEGV : sample2-275921-413881.dex_repaired.dex_repaired.dex_repaired.dex_repaired.dex 
W/dalvikvm(21736): WARNING: Odd length: expected 0, got 551843
F/libc    (21736): Fatal signal 11 (SIGSEGV) at 0xb770d006 (code=2), thread 21736 (dexdump)
I/DEBUG   (  148): *** *** *** *** *** *** *** *** *** *** *** *** *** *** *** ***
I/DEBUG   (  148): Build fingerprint: 'generic/vbox86p/vbox86p:4.4.4/KTU84P/eng.buildbot.20151118.000452:userdebug/test-keys'
I/DEBUG   (  148): Revision: '0'
I/DEBUG   (  148): pid: 21736, tid: 21736, name: UNKNOWN  >>> UNKNOWN <<<
I/DEBUG   (  148): signal 11 (SIGSEGV), code 2 (SEGV_ACCERR), fault addr b770d006
I/DEBUG   (  148): 
I/DEBUG   (  148): memory map around fault addr b770d006:
I/DEBUG   (  148):     (no map below)
I/DEBUG   (  148):     (no map for address)
I/DEBUG   (  148):     (no map above)
F/CRASH_LOGGER(21741): SIGSEGV : sample2-413881-551843.dex 
W/dalvikvm(21743): WARNING: Odd length: expected 0, got 551843
F/libc    (21743): Fatal signal 11 (SIGSEGV) at 0xb7759006 (code=2), thread 21743 (dexdump)
I/DEBUG   (  148): *** *** *** *** *** *** *** *** *** *** *** *** *** *** *** ***
I/DEBUG   (  148): Build fingerprint: 'generic/vbox86p/vbox86p:4.4.4/KTU84P/eng.buildbot.20151118.000452:userdebug/test-keys'
I/DEBUG   (  148): Revision: '0'
I/DEBUG   (  148): pid: 21743, tid: 21743, name: UNKNOWN  >>> UNKNOWN <<<
I/DEBUG   (  148): signal 11 (SIGSEGV), code 2 (SEGV_ACCERR), fault addr b7759006
I/DEBUG   (  148): 
I/DEBUG   (  148): memory map around fault addr b7759006:
I/DEBUG   (  148):     (no map below)
I/DEBUG   (  148):     (no map for address)
I/DEBUG   (  148):     (no map above)
F/CRASH_LOGGER(21748): SIGSEGV : sample2-413881-551843.dex_repaired.dex 
W/dalvikvm(21750): WARNING: Odd length: expected 0, got 551843
F/libc    (21750): Fatal signal 11 (SIGSEGV) at 0xb7779006 (code=2), thread 21750 (dexdump)
I/DEBUG   (  148): *** *** *** *** *** *** *** *** *** *** *** *** *** *** *** ***
I/DEBUG   (  148): Build fingerprint: 'generic/vbox86p/vbox86p:4.4.4/KTU84P/eng.buildbot.20151118.000452:userdebug/test-keys'
I/DEBUG   (  148): Revision: '0'
I/DEBUG   (  148): pid: 21750, tid: 21750, name: UNKNOWN  >>> UNKNOWN <<<
I/DEBUG   (  148): signal 11 (SIGSEGV), code 2 (SEGV_ACCERR), fault addr b7779006
I/DEBUG   (  148): 
I/DEBUG   (  148): memory map around fault addr b7779006:
I/DEBUG   (  148):     (no map below)
I/DEBUG   (  148):     (no map for address)
I/DEBUG   (  148):     (no map above)
F/CRASH_LOGGER(21755): SIGSEGV : sample2-413881-551843.dex_repaired.dex_repaired.dex 
W/dalvikvm(21757): WARNING: Odd length: expected 0, got 551843
F/libc    (21757): Fatal signal 11 (SIGSEGV) at 0xb7718006 (code=2), thread 21757 (dexdump)
I/DEBUG   (  148): *** *** *** *** *** *** *** *** *** *** *** *** *** *** *** ***
I/DEBUG   (  148): Build fingerprint: 'generic/vbox86p/vbox86p:4.4.4/KTU84P/eng.buildbot.20151118.000452:userdebug/test-keys'
I/DEBUG   (  148): Revision: '0'
I/DEBUG   (  148): pid: 21757, tid: 21757, name: UNKNOWN  >>> UNKNOWN <<<
I/DEBUG   (  148): signal 11 (SIGSEGV), code 2 (SEGV_ACCERR), fault addr b7718006
I/DEBUG   (  148): 
I/DEBUG   (  148): memory map around fault addr b7718006:
I/DEBUG   (  148):     (no map below)
I/DEBUG   (  148):     (no map for address)
I/DEBUG   (  148):     (no map above)
F/CRASH_LOGGER(21762): SIGSEGV : sample2-413881-551843.dex_repaired.dex_repaired.dex_repaired.dex 
W/dalvikvm(21764): WARNING: Odd length: expected 0, got 551843
F/libc    (21764): Fatal signal 11 (SIGSEGV) at 0xb7736006 (code=2), thread 21764 (dexdump)
I/DEBUG   (  148): *** *** *** *** *** *** *** *** *** *** *** *** *** *** *** ***
I/DEBUG   (  148): Build fingerprint: 'generic/vbox86p/vbox86p:4.4.4/KTU84P/eng.buildbot.20151118.000452:userdebug/test-keys'
I/DEBUG   (  148): Revision: '0'
I/DEBUG   (  148): pid: 21764, tid: 21764, name: UNKNOWN  >>> UNKNOWN <<<
I/DEBUG   (  148): signal 11 (SIGSEGV), code 2 (SEGV_ACCERR), fault addr b7736006
I/DEBUG   (  148): 
I/DEBUG   (  148): memory map around fault addr b7736006:
I/DEBUG   (  148):     (no map below)
I/DEBUG   (  148):     (no map for address)
I/DEBUG   (  148):     (no map above)
F/CRASH_LOGGER(21769): SIGSEGV : sample2-413881-551843.dex_repaired.dex_repaired.dex_repaired.dex_repaired.dex 
W/dalvikvm(21771): WARNING: Odd length: expected 0, got 551843
F/libc    (21771): Fatal signal 11 (SIGSEGV) at 0xb777f006 (code=2), thread 21771 (dexdump)
I/DEBUG   (  148): *** *** *** *** *** *** *** *** *** *** *** *** *** *** *** ***
I/DEBUG   (  148): Build fingerprint: 'generic/vbox86p/vbox86p:4.4.4/KTU84P/eng.buildbot.20151118.000452:userdebug/test-keys'
I/DEBUG   (  148): Revision: '0'
I/DEBUG   (  148): pid: 21771, tid: 21771, name: UNKNOWN  >>> UNKNOWN <<<
I/DEBUG   (  148): signal 11 (SIGSEGV), code 2 (SEGV_ACCERR), fault addr b777f006
I/DEBUG   (  148): 
I/DEBUG   (  148): memory map around fault addr b777f006:
I/DEBUG   (  148):     (no map below)
I/DEBUG   (  148):     (no map for address)
I/DEBUG   (  148):     (no map above)
F/CRASH_LOGGER(21776): SIGSEGV : sample3-0-137960.dex 
E/dalvikvm(21778): ERROR: Bad magic number (0xe0 ad 75 28)
F/CRASH_LOGGER(21783): SIGSEGV : sample3-137960-275921.dex 
W/dalvikvm(21785): WARNING: Odd length: expected 0, got 551843
F/libc    (21785): Fatal signal 11 (SIGSEGV) at 0xb772c006 (code=2), thread 21785 (dexdump)
I/DEBUG   (  148): *** *** *** *** *** *** *** *** *** *** *** *** *** *** *** ***
I/DEBUG   (  148): Build fingerprint: 'generic/vbox86p/vbox86p:4.4.4/KTU84P/eng.buildbot.20151118.000452:userdebug/test-keys'
I/DEBUG   (  148): Revision: '0'
I/DEBUG   (  148): pid: 21785, tid: 21785, name: UNKNOWN  >>> UNKNOWN <<<
I/DEBUG   (  148): signal 11 (SIGSEGV), code 2 (SEGV_ACCERR), fault addr b772c006
I/DEBUG   (  148): 
I/DEBUG   (  148): memory map around fault addr b772c006:
I/DEBUG   (  148):     (no map below)
I/DEBUG   (  148):     (no map for address)
I/DEBUG   (  148):     (no map above)
F/CRASH_LOGGER(21790): SIGSEGV : sample3-137960-275921.dex_repaired.dex 
W/dalvikvm(21792): WARNING: Odd length: expected 0, got 551843
F/libc    (21792): Fatal signal 11 (SIGSEGV) at 0xb76c7006 (code=2), thread 21792 (dexdump)
I/DEBUG   (  148): *** *** *** *** *** *** *** *** *** *** *** *** *** *** *** ***
I/DEBUG   (  148): Build fingerprint: 'generic/vbox86p/vbox86p:4.4.4/KTU84P/eng.buildbot.20151118.000452:userdebug/test-keys'
I/DEBUG   (  148): Revision: '0'
I/DEBUG   (  148): pid: 21792, tid: 21792, name: UNKNOWN  >>> UNKNOWN <<<
I/DEBUG   (  148): signal 11 (SIGSEGV), code 2 (SEGV_ACCERR), fault addr b76c7006
I/DEBUG   (  148): 
I/DEBUG   (  148): memory map around fault addr b76c7006:
I/DEBUG   (  148):     (no map below)
I/DEBUG   (  148):     (no map for address)
I/DEBUG   (  148):     (no map above)
F/CRASH_LOGGER(21797): SIGSEGV : sample3-137960-275921.dex_repaired.dex_repaired.dex 
W/dalvikvm(21799): WARNING: Odd length: expected 0, got 551843
F/libc    (21799): Fatal signal 11 (SIGSEGV) at 0xb76de006 (code=2), thread 21799 (dexdump)
I/DEBUG   (  148): *** *** *** *** *** *** *** *** *** *** *** *** *** *** *** ***
I/DEBUG   (  148): Build fingerprint: 'generic/vbox86p/vbox86p:4.4.4/KTU84P/eng.buildbot.20151118.000452:userdebug/test-keys'
I/DEBUG   (  148): Revision: '0'
I/DEBUG   (  148): pid: 21799, tid: 21799, name: UNKNOWN  >>> UNKNOWN <<<
I/DEBUG   (  148): signal 11 (SIGSEGV), code 2 (SEGV_ACCERR), fault addr b76de006
I/DEBUG   (  148): 
I/DEBUG   (  148): memory map around fault addr b76de006:
I/DEBUG   (  148):     (no map below)
I/DEBUG   (  148):     (no map for address)
I/DEBUG   (  148):     (no map above)
F/CRASH_LOGGER(21804): SIGSEGV : sample3-137960-275921.dex_repaired.dex_repaired.dex_repaired.dex 
W/dalvikvm(21806): WARNING: Odd length: expected 0, got 551843
F/libc    (21806): Fatal signal 11 (SIGSEGV) at 0xb769e006 (code=2), thread 21806 (dexdump)
I/DEBUG   (  148): *** *** *** *** *** *** *** *** *** *** *** *** *** *** *** ***
I/DEBUG   (  148): Build fingerprint: 'generic/vbox86p/vbox86p:4.4.4/KTU84P/eng.buildbot.20151118.000452:userdebug/test-keys'
I/DEBUG   (  148): Revision: '0'
I/DEBUG   (  148): pid: 21806, tid: 21806, name: UNKNOWN  >>> UNKNOWN <<<
I/DEBUG   (  148): signal 11 (SIGSEGV), code 2 (SEGV_ACCERR), fault addr b769e006
I/DEBUG   (  148): 
I/DEBUG   (  148): memory map around fault addr b769e006:
I/DEBUG   (  148):     (no map below)
I/DEBUG   (  148):     (no map for address)
I/DEBUG   (  148):     (no map above)
F/CRASH_LOGGER(21811): SIGSEGV : sample3-137960-275921.dex_repaired.dex_repaired.dex_repaired.dex_repaired.dex 
W/dalvikvm(21813): WARNING: Odd length: expected 0, got 551843
F/libc    (21813): Fatal signal 11 (SIGSEGV) at 0xb76bb006 (code=2), thread 21813 (dexdump)
I/DEBUG   (  148): *** *** *** *** *** *** *** *** *** *** *** *** *** *** *** ***
I/DEBUG   (  148): Build fingerprint: 'generic/vbox86p/vbox86p:4.4.4/KTU84P/eng.buildbot.20151118.000452:userdebug/test-keys'
I/DEBUG   (  148): Revision: '0'
I/DEBUG   (  148): pid: 21813, tid: 21813, name: UNKNOWN  >>> UNKNOWN <<<
I/DEBUG   (  148): signal 11 (SIGSEGV), code 2 (SEGV_ACCERR), fault addr b76bb006
I/DEBUG   (  148): 
I/DEBUG   (  148): memory map around fault addr b76bb006:
I/DEBUG   (  148):     (no map below)
I/DEBUG   (  148):     (no map for address)
I/DEBUG   (  148):     (no map above)
F/CRASH_LOGGER(21818): SIGSEGV : sample3-275921-413881.dex 
W/dalvikvm(21820): WARNING: Odd length: expected 0, got 551843
F/libc    (21820): Fatal signal 11 (SIGSEGV) at 0xb7702006 (code=2), thread 21820 (dexdump)
I/DEBUG   (  148): *** *** *** *** *** *** *** *** *** *** *** *** *** *** *** ***
I/DEBUG   (  148): Build fingerprint: 'generic/vbox86p/vbox86p:4.4.4/KTU84P/eng.buildbot.20151118.000452:userdebug/test-keys'
I/DEBUG   (  148): Revision: '0'
I/DEBUG   (  148): pid: 21820, tid: 21820, name: UNKNOWN  >>> UNKNOWN <<<
I/DEBUG   (  148): signal 11 (SIGSEGV), code 2 (SEGV_ACCERR), fault addr b7702006
I/DEBUG   (  148): 
I/DEBUG   (  148): memory map around fault addr b7702006:
I/DEBUG   (  148):     (no map below)
I/DEBUG   (  148):     (no map for address)
I/DEBUG   (  148):     (no map above)
F/CRASH_LOGGER(21825): SIGSEGV : sample3-275921-413881.dex_repaired.dex 
W/dalvikvm(21827): WARNING: Odd length: expected 0, got 551843
F/libc    (21827): Fatal signal 11 (SIGSEGV) at 0xb76c0006 (code=2), thread 21827 (dexdump)
D/dalvikvm(  602): GC_FOR_ALLOC freed 537K, 16% free 11302K/13448K, paused 11ms, total 11ms
I/DEBUG   (  148): *** *** *** *** *** *** *** *** *** *** *** *** *** *** *** ***
I/DEBUG   (  148): Build fingerprint: 'generic/vbox86p/vbox86p:4.4.4/KTU84P/eng.buildbot.20151118.000452:userdebug/test-keys'
I/DEBUG   (  148): Revision: '0'
I/DEBUG   (  148): pid: 21827, tid: 21827, name: UNKNOWN  >>> UNKNOWN <<<
I/DEBUG   (  148): signal 11 (SIGSEGV), code 2 (SEGV_ACCERR), fault addr b76c0006
I/DEBUG   (  148): 
I/DEBUG   (  148): memory map around fault addr b76c0006:
I/DEBUG   (  148):     (no map below)
I/DEBUG   (  148):     (no map for address)
I/DEBUG   (  148):     (no map above)
W/Gmail   ( 1313): Sync started for account: account:2112085791
I/Gmail   ( 1313): notifyAccountChanged
I/Gmail   ( 1313): getAccountsCursor
V/GLSActivity(  863): AuthDelegateWrapperCreated with selected intent: Intent { cmp=com.google.android.gms/.auth.DefaultAuthDelegateService }
V/GLSActivity(  863): AuthDelegateWrapperCreated with selected intent: Intent { cmp=com.google.android.gms/.auth.DefaultAuthDelegateService }
I/Gmail   ( 1313): MainSyncRequestProto: lowestBkwdConvoId: 0, highestHandledServerOp: 6635, normalSync: true
W/Gmail   ( 1313): AccountHistory cannot find the addedEvent of 2112085791 (went back to 2112085791)
F/CRASH_LOGGER(21836): SIGSEGV : sample3-275921-413881.dex_repaired.dex_repaired.dex 
W/dalvikvm(21838): WARNING: Odd length: expected 0, got 551843
F/libc    (21838): Fatal signal 11 (SIGSEGV) at 0xb76c2006 (code=2), thread 21838 (dexdump)
I/DEBUG   (  148): *** *** *** *** *** *** *** *** *** *** *** *** *** *** *** ***
I/DEBUG   (  148): Build fingerprint: 'generic/vbox86p/vbox86p:4.4.4/KTU84P/eng.buildbot.20151118.000452:userdebug/test-keys'
I/DEBUG   (  148): Revision: '0'
I/DEBUG   (  148): pid: 21838, tid: 21838, name: UNKNOWN  >>> UNKNOWN <<<
I/DEBUG   (  148): signal 11 (SIGSEGV), code 2 (SEGV_ACCERR), fault addr b76c2006
I/DEBUG   (  148): 
I/DEBUG   (  148): memory map around fault addr b76c2006:
I/DEBUG   (  148):     (no map below)
I/DEBUG   (  148):     (no map for address)
I/DEBUG   (  148):     (no map above)
F/CRASH_LOGGER(21843): SIGSEGV : sample3-275921-413881.dex_repaired.dex_repaired.dex_repaired.dex 
W/dalvikvm(21845): WARNING: Odd length: expected 0, got 551843
F/libc    (21845): Fatal signal 11 (SIGSEGV) at 0xb76cd006 (code=2), thread 21845 (dexdump)
I/DEBUG   (  148): *** *** *** *** *** *** *** *** *** *** *** *** *** *** *** ***
I/DEBUG   (  148): Build fingerprint: 'generic/vbox86p/vbox86p:4.4.4/KTU84P/eng.buildbot.20151118.000452:userdebug/test-keys'
I/DEBUG   (  148): Revision: '0'
I/DEBUG   (  148): pid: 21845, tid: 21845, name: UNKNOWN  >>> UNKNOWN <<<
I/DEBUG   (  148): signal 11 (SIGSEGV), code 2 (SEGV_ACCERR), fault addr b76cd006
I/DEBUG   (  148): 
I/DEBUG   (  148): memory map around fault addr b76cd006:
I/DEBUG   (  148):     (no map below)
I/DEBUG   (  148):     (no map for address)
I/DEBUG   (  148):     (no map above)
F/CRASH_LOGGER(21850): SIGSEGV : sample3-275921-413881.dex_repaired.dex_repaired.dex_repaired.dex_repaired.dex 
W/dalvikvm(21852): WARNING: Odd length: expected 0, got 551843
F/libc    (21852): Fatal signal 11 (SIGSEGV) at 0xb771e006 (code=2), thread 21852 (dexdump)
I/DEBUG   (  148): *** *** *** *** *** *** *** *** *** *** *** *** *** *** *** ***
I/DEBUG   (  148): Build fingerprint: 'generic/vbox86p/vbox86p:4.4.4/KTU84P/eng.buildbot.20151118.000452:userdebug/test-keys'
I/DEBUG   (  148): Revision: '0'
I/DEBUG   (  148): pid: 21852, tid: 21852, name: UNKNOWN  >>> UNKNOWN <<<
I/DEBUG   (  148): signal 11 (SIGSEGV), code 2 (SEGV_ACCERR), fault addr b771e006
I/DEBUG   (  148): 
I/DEBUG   (  148): memory map around fault addr b771e006:
I/DEBUG   (  148):     (no map below)
I/DEBUG   (  148):     (no map for address)
I/DEBUG   (  148):     (no map above)
F/CRASH_LOGGER(21857): SIGSEGV : sample3-413881-551843.dex 
W/dalvikvm(21859): WARNING: Odd length: expected 0, got 551843
F/libc    (21859): Fatal signal 11 (SIGSEGV) at 0xb7698006 (code=2), thread 21859 (dexdump)
I/DEBUG   (  148): *** *** *** *** *** *** *** *** *** *** *** *** *** *** *** ***
I/DEBUG   (  148): Build fingerprint: 'generic/vbox86p/vbox86p:4.4.4/KTU84P/eng.buildbot.20151118.000452:userdebug/test-keys'
I/DEBUG   (  148): Revision: '0'
I/DEBUG   (  148): pid: 21859, tid: 21859, name: UNKNOWN  >>> UNKNOWN <<<
I/DEBUG   (  148): signal 11 (SIGSEGV), code 2 (SEGV_ACCERR), fault addr b7698006
I/DEBUG   (  148): 
I/DEBUG   (  148): memory map around fault addr b7698006:
I/DEBUG   (  148):     (no map below)
I/DEBUG   (  148):     (no map for address)
I/DEBUG   (  148):     (no map above)
F/CRASH_LOGGER(21864): SIGSEGV : sample3-413881-551843.dex_repaired.dex 
W/dalvikvm(21866): WARNING: Odd length: expected 0, got 551843
F/libc    (21866): Fatal signal 11 (SIGSEGV) at 0xb76bc006 (code=2), thread 21866 (dexdump)
I/DEBUG   (  148): *** *** *** *** *** *** *** *** *** *** *** *** *** *** *** ***
I/DEBUG   (  148): Build fingerprint: 'generic/vbox86p/vbox86p:4.4.4/KTU84P/eng.buildbot.20151118.000452:userdebug/test-keys'
I/DEBUG   (  148): Revision: '0'
I/DEBUG   (  148): pid: 21866, tid: 21866, name: UNKNOWN  >>> UNKNOWN <<<
I/DEBUG   (  148): signal 11 (SIGSEGV), code 2 (SEGV_ACCERR), fault addr b76bc006
I/DEBUG   (  148): 
I/DEBUG   (  148): memory map around fault addr b76bc006:
I/DEBUG   (  148):     (no map below)
I/DEBUG   (  148):     (no map for address)
I/DEBUG   (  148):     (no map above)
F/CRASH_LOGGER(21871): SIGSEGV : sample3-413881-551843.dex_repaired.dex_repaired.dex 
W/dalvikvm(21873): WARNING: Odd length: expected 0, got 551843
F/libc    (21873): Fatal signal 11 (SIGSEGV) at 0xb778b006 (code=2), thread 21873 (dexdump)
I/DEBUG   (  148): *** *** *** *** *** *** *** *** *** *** *** *** *** *** *** ***
I/DEBUG   (  148): Build fingerprint: 'generic/vbox86p/vbox86p:4.4.4/KTU84P/eng.buildbot.20151118.000452:userdebug/test-keys'
I/DEBUG   (  148): Revision: '0'
I/DEBUG   (  148): pid: 21873, tid: 21873, name: UNKNOWN  >>> UNKNOWN <<<
I/DEBUG   (  148): signal 11 (SIGSEGV), code 2 (SEGV_ACCERR), fault addr b778b006
I/DEBUG   (  148): 
I/DEBUG   (  148): memory map around fault addr b778b006:
I/DEBUG   (  148):     (no map below)
I/DEBUG   (  148):     (no map for address)
I/DEBUG   (  148):     (no map above)
F/CRASH_LOGGER(21878): SIGSEGV : sample3-413881-551843.dex_repaired.dex_repaired.dex_repaired.dex 
W/dalvikvm(21880): WARNING: Odd length: expected 0, got 551843
F/libc    (21880): Fatal signal 11 (SIGSEGV) at 0xb769f006 (code=2), thread 21880 (dexdump)
I/DEBUG   (  148): *** *** *** *** *** *** *** *** *** *** *** *** *** *** *** ***
I/DEBUG   (  148): Build fingerprint: 'generic/vbox86p/vbox86p:4.4.4/KTU84P/eng.buildbot.20151118.000452:userdebug/test-keys'
I/DEBUG   (  148): Revision: '0'
I/DEBUG   (  148): pid: 21880, tid: 21880, name: UNKNOWN  >>> UNKNOWN <<<
I/DEBUG   (  148): signal 11 (SIGSEGV), code 2 (SEGV_ACCERR), fault addr b769f006
I/DEBUG   (  148): 
I/DEBUG   (  148): memory map around fault addr b769f006:
I/DEBUG   (  148):     (no map below)
I/DEBUG   (  148):     (no map for address)
I/DEBUG   (  148):     (no map above)
F/CRASH_LOGGER(21885): SIGSEGV : sample3-413881-551843.dex_repaired.dex_repaired.dex_repaired.dex_repaired.dex 
W/dalvikvm(21887): WARNING: Odd length: expected 0, got 551843
F/libc    (21887): Fatal signal 11 (SIGSEGV) at 0xb76f6006 (code=2), thread 21887 (dexdump)
I/DEBUG   (  148): *** *** *** *** *** *** *** *** *** *** *** *** *** *** *** ***
I/DEBUG   (  148): Build fingerprint: 'generic/vbox86p/vbox86p:4.4.4/KTU84P/eng.buildbot.20151118.000452:userdebug/test-keys'
I/DEBUG   (  148): Revision: '0'
I/DEBUG   (  148): pid: 21887, tid: 21887, name: UNKNOWN  >>> UNKNOWN <<<
I/DEBUG   (  148): signal 11 (SIGSEGV), code 2 (SEGV_ACCERR), fault addr b76f6006
I/DEBUG   (  148): 
I/DEBUG   (  148): memory map around fault addr b76f6006:
I/DEBUG   (  148):     (no map below)
I/DEBUG   (  148):     (no map for address)
I/DEBUG   (  148):     (no map above)
F/CRASH_LOGGER(21892): SIGSEGV : sample4-0-137960.dex 
E/dalvikvm(21894): ERROR: Bad magic number (0xe0 ad 75 28)
F/CRASH_LOGGER(21899): SIGSEGV : sample4-137960-275921.dex 
W/dalvikvm(21901): WARNING: Odd length: expected 0, got 551843
F/libc    (21901): Fatal signal 11 (SIGSEGV) at 0xb76ce006 (code=2), thread 21901 (dexdump)
I/DEBUG   (  148): *** *** *** *** *** *** *** *** *** *** *** *** *** *** *** ***
I/DEBUG   (  148): Build fingerprint: 'generic/vbox86p/vbox86p:4.4.4/KTU84P/eng.buildbot.20151118.000452:userdebug/test-keys'
I/DEBUG   (  148): Revision: '0'
I/DEBUG   (  148): pid: 21901, tid: 21901, name: UNKNOWN  >>> UNKNOWN <<<
I/DEBUG   (  148): signal 11 (SIGSEGV), code 2 (SEGV_ACCERR), fault addr b76ce006
I/DEBUG   (  148): 
I/DEBUG   (  148): memory map around fault addr b76ce006:
I/DEBUG   (  148):     (no map below)
I/DEBUG   (  148):     (no map for address)
I/DEBUG   (  148):     (no map above)
F/CRASH_LOGGER(21906): SIGSEGV : sample4-137960-275921.dex_repaired.dex 
W/dalvikvm(21908): WARNING: Odd length: expected 0, got 551843
F/libc    (21908): Fatal signal 11 (SIGSEGV) at 0xb76ec006 (code=2), thread 21908 (dexdump)
I/DEBUG   (  148): *** *** *** *** *** *** *** *** *** *** *** *** *** *** *** ***
I/DEBUG   (  148): Build fingerprint: 'generic/vbox86p/vbox86p:4.4.4/KTU84P/eng.buildbot.20151118.000452:userdebug/test-keys'
I/DEBUG   (  148): Revision: '0'
I/DEBUG   (  148): pid: 21908, tid: 21908, name: UNKNOWN  >>> UNKNOWN <<<
I/DEBUG   (  148): signal 11 (SIGSEGV), code 2 (SEGV_ACCERR), fault addr b76ec006
I/DEBUG   (  148): 
I/DEBUG   (  148): memory map around fault addr b76ec006:
I/DEBUG   (  148):     (no map below)
I/DEBUG   (  148):     (no map for address)
I/DEBUG   (  148):     (no map above)
F/CRASH_LOGGER(21913): SIGSEGV : sample4-137960-275921.dex_repaired.dex_repaired.dex 
W/dalvikvm(21915): WARNING: Odd length: expected 0, got 551843
F/libc    (21915): Fatal signal 11 (SIGSEGV) at 0xb7784006 (code=2), thread 21915 (dexdump)
I/DEBUG   (  148): *** *** *** *** *** *** *** *** *** *** *** *** *** *** *** ***
I/DEBUG   (  148): Build fingerprint: 'generic/vbox86p/vbox86p:4.4.4/KTU84P/eng.buildbot.20151118.000452:userdebug/test-keys'
I/DEBUG   (  148): Revision: '0'
I/DEBUG   (  148): pid: 21915, tid: 21915, name: UNKNOWN  >>> UNKNOWN <<<
I/DEBUG   (  148): signal 11 (SIGSEGV), code 2 (SEGV_ACCERR), fault addr b7784006
I/DEBUG   (  148): 
I/DEBUG   (  148): memory map around fault addr b7784006:
I/DEBUG   (  148):     (no map below)
I/DEBUG   (  148):     (no map for address)
I/DEBUG   (  148):     (no map above)
F/CRASH_LOGGER(21921): SIGSEGV : sample4-137960-275921.dex_repaired.dex_repaired.dex_repaired.dex 
W/dalvikvm(21923): WARNING: Odd length: expected 0, got 551843
F/libc    (21923): Fatal signal 11 (SIGSEGV) at 0xb76a9006 (code=2), thread 21923 (dexdump)
I/DEBUG   (  148): *** *** *** *** *** *** *** *** *** *** *** *** *** *** *** ***
I/DEBUG   (  148): Build fingerprint: 'generic/vbox86p/vbox86p:4.4.4/KTU84P/eng.buildbot.20151118.000452:userdebug/test-keys'
I/DEBUG   (  148): Revision: '0'
I/DEBUG   (  148): pid: 21923, tid: 21923, name: UNKNOWN  >>> UNKNOWN <<<
I/DEBUG   (  148): signal 11 (SIGSEGV), code 2 (SEGV_ACCERR), fault addr b76a9006
I/DEBUG   (  148): 
I/DEBUG   (  148): memory map around fault addr b76a9006:
I/DEBUG   (  148):     (no map below)
I/DEBUG   (  148):     (no map for address)
I/DEBUG   (  148):     (no map above)
F/CRASH_LOGGER(21928): SIGSEGV : sample4-137960-275921.dex_repaired.dex_repaired.dex_repaired.dex_repaired.dex 
W/dalvikvm(21930): WARNING: Odd length: expected 0, got 551843
F/libc    (21930): Fatal signal 11 (SIGSEGV) at 0xb778c006 (code=2), thread 21930 (dexdump)
I/DEBUG   (  148): *** *** *** *** *** *** *** *** *** *** *** *** *** *** *** ***
I/DEBUG   (  148): Build fingerprint: 'generic/vbox86p/vbox86p:4.4.4/KTU84P/eng.buildbot.20151118.000452:userdebug/test-keys'
I/DEBUG   (  148): Revision: '0'
I/DEBUG   (  148): pid: 21930, tid: 21930, name: UNKNOWN  >>> UNKNOWN <<<
I/DEBUG   (  148): signal 11 (SIGSEGV), code 2 (SEGV_ACCERR), fault addr b778c006
I/DEBUG   (  148): 
I/DEBUG   (  148): memory map around fault addr b778c006:
I/DEBUG   (  148):     (no map below)
I/DEBUG   (  148):     (no map for address)
I/DEBUG   (  148):     (no map above)
F/CRASH_LOGGER(21935): SIGSEGV : sample4-275921-413881.dex 
W/dalvikvm(21937): WARNING: Odd length: expected 0, got 551843
F/libc    (21937): Fatal signal 11 (SIGSEGV) at 0xb76f2006 (code=2), thread 21937 (dexdump)
I/DEBUG   (  148): *** *** *** *** *** *** *** *** *** *** *** *** *** *** *** ***
I/DEBUG   (  148): Build fingerprint: 'generic/vbox86p/vbox86p:4.4.4/KTU84P/eng.buildbot.20151118.000452:userdebug/test-keys'
I/DEBUG   (  148): Revision: '0'
I/DEBUG   (  148): pid: 21937, tid: 21937, name: UNKNOWN  >>> UNKNOWN <<<
I/DEBUG   (  148): signal 11 (SIGSEGV), code 2 (SEGV_ACCERR), fault addr b76f2006
I/DEBUG   (  148): 
I/DEBUG   (  148): memory map around fault addr b76f2006:
I/DEBUG   (  148):     (no map below)
I/DEBUG   (  148):     (no map for address)
I/DEBUG   (  148):     (no map above)
F/CRASH_LOGGER(21942): SIGSEGV : sample4-275921-413881.dex_repaired.dex 
W/dalvikvm(21944): WARNING: Odd length: expected 0, got 551843
F/libc    (21944): Fatal signal 11 (SIGSEGV) at 0xb76c2006 (code=2), thread 21944 (dexdump)
I/DEBUG   (  148): *** *** *** *** *** *** *** *** *** *** *** *** *** *** *** ***
I/DEBUG   (  148): Build fingerprint: 'generic/vbox86p/vbox86p:4.4.4/KTU84P/eng.buildbot.20151118.000452:userdebug/test-keys'
I/DEBUG   (  148): Revision: '0'
I/DEBUG   (  148): pid: 21944, tid: 21944, name: UNKNOWN  >>> UNKNOWN <<<
I/DEBUG   (  148): signal 11 (SIGSEGV), code 2 (SEGV_ACCERR), fault addr b76c2006
I/DEBUG   (  148): 
I/DEBUG   (  148): memory map around fault addr b76c2006:
I/DEBUG   (  148):     (no map below)
I/DEBUG   (  148):     (no map for address)
I/DEBUG   (  148):     (no map above)
F/CRASH_LOGGER(21949): SIGSEGV : sample4-275921-413881.dex_repaired.dex_repaired.dex 
W/dalvikvm(21951): WARNING: Odd length: expected 0, got 551843
F/libc    (21951): Fatal signal 11 (SIGSEGV) at 0xb7767006 (code=2), thread 21951 (dexdump)
I/DEBUG   (  148): *** *** *** *** *** *** *** *** *** *** *** *** *** *** *** ***
I/DEBUG   (  148): Build fingerprint: 'generic/vbox86p/vbox86p:4.4.4/KTU84P/eng.buildbot.20151118.000452:userdebug/test-keys'
I/DEBUG   (  148): Revision: '0'
I/DEBUG   (  148): pid: 21951, tid: 21951, name: UNKNOWN  >>> UNKNOWN <<<
I/DEBUG   (  148): signal 11 (SIGSEGV), code 2 (SEGV_ACCERR), fault addr b7767006
I/DEBUG   (  148): 
I/DEBUG   (  148): memory map around fault addr b7767006:
I/DEBUG   (  148):     (no map below)
I/DEBUG   (  148):     (no map for address)
I/DEBUG   (  148):     (no map above)
F/CRASH_LOGGER(21956): SIGSEGV : sample4-275921-413881.dex_repaired.dex_repaired.dex_repaired.dex 
W/dalvikvm(21958): WARNING: Odd length: expected 0, got 551843
F/libc    (21958): Fatal signal 11 (SIGSEGV) at 0xb7757006 (code=2), thread 21958 (dexdump)
I/DEBUG   (  148): *** *** *** *** *** *** *** *** *** *** *** *** *** *** *** ***
I/DEBUG   (  148): Build fingerprint: 'generic/vbox86p/vbox86p:4.4.4/KTU84P/eng.buildbot.20151118.000452:userdebug/test-keys'
I/DEBUG   (  148): Revision: '0'
I/DEBUG   (  148): pid: 21958, tid: 21958, name: UNKNOWN  >>> UNKNOWN <<<
I/DEBUG   (  148): signal 11 (SIGSEGV), code 2 (SEGV_ACCERR), fault addr b7757006
I/DEBUG   (  148): 
I/DEBUG   (  148): memory map around fault addr b7757006:
I/DEBUG   (  148):     (no map below)
I/DEBUG   (  148):     (no map for address)
I/DEBUG   (  148):     (no map above)
F/CRASH_LOGGER(21963): SIGSEGV : sample4-275921-413881.dex_repaired.dex_repaired.dex_repaired.dex_repaired.dex 
W/dalvikvm(21965): WARNING: Odd length: expected 0, got 551843
F/libc    (21965): Fatal signal 11 (SIGSEGV) at 0xb76f1006 (code=2), thread 21965 (dexdump)
I/DEBUG   (  148): *** *** *** *** *** *** *** *** *** *** *** *** *** *** *** ***
I/DEBUG   (  148): Build fingerprint: 'generic/vbox86p/vbox86p:4.4.4/KTU84P/eng.buildbot.20151118.000452:userdebug/test-keys'
I/DEBUG   (  148): Revision: '0'
I/DEBUG   (  148): pid: 21965, tid: 21965, name: UNKNOWN  >>> UNKNOWN <<<
I/DEBUG   (  148): signal 11 (SIGSEGV), code 2 (SEGV_ACCERR), fault addr b76f1006
I/DEBUG   (  148): 
I/DEBUG   (  148): memory map around fault addr b76f1006:
I/DEBUG   (  148):     (no map below)
I/DEBUG   (  148):     (no map for address)
I/DEBUG   (  148):     (no map above)
F/CRASH_LOGGER(21970): SIGSEGV : sample4-413881-551843.dex 
W/dalvikvm(21972): WARNING: Odd length: expected 0, got 551843
F/libc    (21972): Fatal signal 11 (SIGSEGV) at 0xb76f9006 (code=2), thread 21972 (dexdump)
I/DEBUG   (  148): *** *** *** *** *** *** *** *** *** *** *** *** *** *** *** ***
I/DEBUG   (  148): Build fingerprint: 'generic/vbox86p/vbox86p:4.4.4/KTU84P/eng.buildbot.20151118.000452:userdebug/test-keys'
I/DEBUG   (  148): Revision: '0'
I/DEBUG   (  148): pid: 21972, tid: 21972, name: UNKNOWN  >>> UNKNOWN <<<
I/DEBUG   (  148): signal 11 (SIGSEGV), code 2 (SEGV_ACCERR), fault addr b76f9006
I/DEBUG   (  148): 
I/DEBUG   (  148): memory map around fault addr b76f9006:
I/DEBUG   (  148):     (no map below)
I/DEBUG   (  148):     (no map for address)
I/DEBUG   (  148):     (no map above)
F/CRASH_LOGGER(21977): SIGSEGV : sample4-413881-551843.dex_repaired.dex 
W/dalvikvm(21979): WARNING: Odd length: expected 0, got 551843
F/libc    (21979): Fatal signal 11 (SIGSEGV) at 0xb777c006 (code=2), thread 21979 (dexdump)
I/DEBUG   (  148): *** *** *** *** *** *** *** *** *** *** *** *** *** *** *** ***
I/DEBUG   (  148): Build fingerprint: 'generic/vbox86p/vbox86p:4.4.4/KTU84P/eng.buildbot.20151118.000452:userdebug/test-keys'
I/DEBUG   (  148): Revision: '0'
I/DEBUG   (  148): pid: 21979, tid: 21979, name: UNKNOWN  >>> UNKNOWN <<<
I/DEBUG   (  148): signal 11 (SIGSEGV), code 2 (SEGV_ACCERR), fault addr b777c006
I/DEBUG   (  148): 
I/DEBUG   (  148): memory map around fault addr b777c006:
I/DEBUG   (  148):     (no map below)
I/DEBUG   (  148):     (no map for address)
I/DEBUG   (  148):     (no map above)
F/CRASH_LOGGER(21984): SIGSEGV : sample4-413881-551843.dex_repaired.dex_repaired.dex 
W/dalvikvm(21986): WARNING: Odd length: expected 0, got 551843
F/libc    (21986): Fatal signal 11 (SIGSEGV) at 0xb7699006 (code=2), thread 21986 (dexdump)
I/DEBUG   (  148): *** *** *** *** *** *** *** *** *** *** *** *** *** *** *** ***
I/DEBUG   (  148): Build fingerprint: 'generic/vbox86p/vbox86p:4.4.4/KTU84P/eng.buildbot.20151118.000452:userdebug/test-keys'
I/DEBUG   (  148): Revision: '0'
I/DEBUG   (  148): pid: 21986, tid: 21986, name: UNKNOWN  >>> UNKNOWN <<<
I/DEBUG   (  148): signal 11 (SIGSEGV), code 2 (SEGV_ACCERR), fault addr b7699006
I/DEBUG   (  148): 
I/DEBUG   (  148): memory map around fault addr b7699006:
I/DEBUG   (  148):     (no map below)
I/DEBUG   (  148):     (no map for address)
I/DEBUG   (  148):     (no map above)
F/CRASH_LOGGER(21991): SIGSEGV : sample4-413881-551843.dex_repaired.dex_repaired.dex_repaired.dex 
W/dalvikvm(21993): WARNING: Odd length: expected 0, got 551843
F/libc    (21993): Fatal signal 11 (SIGSEGV) at 0xb76af006 (code=2), thread 21993 (dexdump)
I/DEBUG   (  148): *** *** *** *** *** *** *** *** *** *** *** *** *** *** *** ***
I/DEBUG   (  148): Build fingerprint: 'generic/vbox86p/vbox86p:4.4.4/KTU84P/eng.buildbot.20151118.000452:userdebug/test-keys'
I/DEBUG   (  148): Revision: '0'
I/DEBUG   (  148): pid: 21993, tid: 21993, name: UNKNOWN  >>> UNKNOWN <<<
I/DEBUG   (  148): signal 11 (SIGSEGV), code 2 (SEGV_ACCERR), fault addr b76af006
I/DEBUG   (  148): 
I/DEBUG   (  148): memory map around fault addr b76af006:
I/DEBUG   (  148):     (no map below)
I/DEBUG   (  148):     (no map for address)
I/DEBUG   (  148):     (no map above)
F/CRASH_LOGGER(22001): SIGSEGV : sample0-0-137960.dex 
E/dalvikvm(22003): ERROR: Bad magic number (0xe0 ad 75 28)
F/CRASH_LOGGER(22008): SIGSEGV : sample0-137960-275921.dex 
W/dalvikvm(22010): WARNING: Odd length: expected 0, got 551843
F/libc    (22010): Fatal signal 11 (SIGSEGV) at 0xb76b5006 (code=2), thread 22010 (dexdump)
I/DEBUG   (  148): *** *** *** *** *** *** *** *** *** *** *** *** *** *** *** ***
I/DEBUG   (  148): Build fingerprint: 'generic/vbox86p/vbox86p:4.4.4/KTU84P/eng.buildbot.20151118.000452:userdebug/test-keys'
I/DEBUG   (  148): Revision: '0'
I/DEBUG   (  148): pid: 22010, tid: 22010, name: UNKNOWN  >>> UNKNOWN <<<
I/DEBUG   (  148): signal 11 (SIGSEGV), code 2 (SEGV_ACCERR), fault addr b76b5006
I/DEBUG   (  148): 
I/DEBUG   (  148): memory map around fault addr b76b5006:
I/DEBUG   (  148):     (no map below)
I/DEBUG   (  148):     (no map for address)
I/DEBUG   (  148):     (no map above)
F/CRASH_LOGGER(22015): SIGSEGV : sample0-137960-275921.dex_repaired.dex 
W/dalvikvm(22017): WARNING: Odd length: expected 0, got 551843
F/libc    (22017): Fatal signal 11 (SIGSEGV) at 0xb774f006 (code=2), thread 22017 (dexdump)
I/DEBUG   (  148): *** *** *** *** *** *** *** *** *** *** *** *** *** *** *** ***
I/DEBUG   (  148): Build fingerprint: 'generic/vbox86p/vbox86p:4.4.4/KTU84P/eng.buildbot.20151118.000452:userdebug/test-keys'
I/DEBUG   (  148): Revision: '0'
I/DEBUG   (  148): pid: 22017, tid: 22017, name: UNKNOWN  >>> UNKNOWN <<<
I/DEBUG   (  148): signal 11 (SIGSEGV), code 2 (SEGV_ACCERR), fault addr b774f006
I/DEBUG   (  148): 
I/DEBUG   (  148): memory map around fault addr b774f006:
I/DEBUG   (  148):     (no map below)
I/DEBUG   (  148):     (no map for address)
I/DEBUG   (  148):     (no map above)
F/CRASH_LOGGER(22022): SIGSEGV : sample0-137960-275921.dex_repaired.dex_repaired.dex 
W/dalvikvm(22024): WARNING: Odd length: expected 0, got 551843
F/libc    (22024): Fatal signal 11 (SIGSEGV) at 0xb769a006 (code=2), thread 22024 (dexdump)
I/DEBUG   (  148): *** *** *** *** *** *** *** *** *** *** *** *** *** *** *** ***
I/DEBUG   (  148): Build fingerprint: 'generic/vbox86p/vbox86p:4.4.4/KTU84P/eng.buildbot.20151118.000452:userdebug/test-keys'
I/DEBUG   (  148): Revision: '0'
I/DEBUG   (  148): pid: 22024, tid: 22024, name: UNKNOWN  >>> UNKNOWN <<<
I/DEBUG   (  148): signal 11 (SIGSEGV), code 2 (SEGV_ACCERR), fault addr b769a006
I/DEBUG   (  148): 
I/DEBUG   (  148): memory map around fault addr b769a006:
I/DEBUG   (  148):     (no map below)
I/DEBUG   (  148):     (no map for address)
I/DEBUG   (  148):     (no map above)
F/CRASH_LOGGER(22029): SIGSEGV : sample0-137960-275921.dex_repaired.dex_repaired.dex_repaired.dex 
W/dalvikvm(22031): WARNING: Odd length: expected 0, got 551843
F/libc    (22031): Fatal signal 11 (SIGSEGV) at 0xb775b006 (code=2), thread 22031 (dexdump)
I/DEBUG   (  148): *** *** *** *** *** *** *** *** *** *** *** *** *** *** *** ***
I/DEBUG   (  148): Build fingerprint: 'generic/vbox86p/vbox86p:4.4.4/KTU84P/eng.buildbot.20151118.000452:userdebug/test-keys'
I/DEBUG   (  148): Revision: '0'
I/DEBUG   (  148): pid: 22031, tid: 22031, name: UNKNOWN  >>> UNKNOWN <<<
I/DEBUG   (  148): signal 11 (SIGSEGV), code 2 (SEGV_ACCERR), fault addr b775b006
I/DEBUG   (  148): 
I/DEBUG   (  148): memory map around fault addr b775b006:
I/DEBUG   (  148):     (no map below)
I/DEBUG   (  148):     (no map for address)
I/DEBUG   (  148):     (no map above)
F/CRASH_LOGGER(22036): SIGSEGV : sample0-137960-275921.dex_repaired.dex_repaired.dex_repaired.dex_repaired.dex 
W/dalvikvm(22038): WARNING: Odd length: expected 0, got 551843
F/libc    (22038): Fatal signal 11 (SIGSEGV) at 0xb76bb006 (code=2), thread 22038 (dexdump)
I/DEBUG   (  148): *** *** *** *** *** *** *** *** *** *** *** *** *** *** *** ***
I/DEBUG   (  148): Build fingerprint: 'generic/vbox86p/vbox86p:4.4.4/KTU84P/eng.buildbot.20151118.000452:userdebug/test-keys'
I/DEBUG   (  148): Revision: '0'
I/DEBUG   (  148): pid: 22038, tid: 22038, name: UNKNOWN  >>> UNKNOWN <<<
I/DEBUG   (  148): signal 11 (SIGSEGV), code 2 (SEGV_ACCERR), fault addr b76bb006
I/DEBUG   (  148): 
I/DEBUG   (  148): memory map around fault addr b76bb006:
I/DEBUG   (  148):     (no map below)
I/DEBUG   (  148):     (no map for address)
I/DEBUG   (  148):     (no map above)
F/CRASH_LOGGER(22043): SIGSEGV : sample0-137960-275921.dex_repaired.dex_repaired.dex_repaired.dex_repaired.dex_repaired.dex 
W/dalvikvm(22045): WARNING: Odd length: expected 0, got 551843
F/libc    (22045): Fatal signal 11 (SIGSEGV) at 0xb76c2006 (code=2), thread 22045 (dexdump)
I/DEBUG   (  148): *** *** *** *** *** *** *** *** *** *** *** *** *** *** *** ***
I/DEBUG   (  148): Build fingerprint: 'generic/vbox86p/vbox86p:4.4.4/KTU84P/eng.buildbot.20151118.000452:userdebug/test-keys'
I/DEBUG   (  148): Revision: '0'
I/DEBUG   (  148): pid: 22045, tid: 22045, name: UNKNOWN  >>> UNKNOWN <<<
I/DEBUG   (  148): signal 11 (SIGSEGV), code 2 (SEGV_ACCERR), fault addr b76c2006
I/DEBUG   (  148): 
I/DEBUG   (  148): memory map around fault addr b76c2006:
I/DEBUG   (  148):     (no map below)
I/DEBUG   (  148):     (no map for address)
I/DEBUG   (  148):     (no map above)
F/CRASH_LOGGER(22050): SIGSEGV : sample0-275921-413881.dex 
W/dalvikvm(22052): WARNING: Odd length: expected 0, got 551843
F/libc    (22052): Fatal signal 11 (SIGSEGV) at 0xb7773006 (code=2), thread 22052 (dexdump)
I/DEBUG   (  148): *** *** *** *** *** *** *** *** *** *** *** *** *** *** *** ***
I/DEBUG   (  148): Build fingerprint: 'generic/vbox86p/vbox86p:4.4.4/KTU84P/eng.buildbot.20151118.000452:userdebug/test-keys'
I/DEBUG   (  148): Revision: '0'
I/DEBUG   (  148): pid: 22052, tid: 22052, name: UNKNOWN  >>> UNKNOWN <<<
I/DEBUG   (  148): signal 11 (SIGSEGV), code 2 (SEGV_ACCERR), fault addr b7773006
I/DEBUG   (  148): 
I/DEBUG   (  148): memory map around fault addr b7773006:
I/DEBUG   (  148):     (no map below)
I/DEBUG   (  148):     (no map for address)
I/DEBUG   (  148):     (no map above)
F/CRASH_LOGGER(22057): SIGSEGV : sample0-275921-413881.dex_repaired.dex 
W/dalvikvm(22059): WARNING: Odd length: expected 0, got 551843
F/libc    (22059): Fatal signal 11 (SIGSEGV) at 0xb770c006 (code=2), thread 22059 (dexdump)
I/DEBUG   (  148): *** *** *** *** *** *** *** *** *** *** *** *** *** *** *** ***
I/DEBUG   (  148): Build fingerprint: 'generic/vbox86p/vbox86p:4.4.4/KTU84P/eng.buildbot.20151118.000452:userdebug/test-keys'
I/DEBUG   (  148): Revision: '0'
I/DEBUG   (  148): pid: 22059, tid: 22059, name: UNKNOWN  >>> UNKNOWN <<<
I/DEBUG   (  148): signal 11 (SIGSEGV), code 2 (SEGV_ACCERR), fault addr b770c006
I/DEBUG   (  148): 
I/DEBUG   (  148): memory map around fault addr b770c006:
I/DEBUG   (  148):     (no map below)
I/DEBUG   (  148):     (no map for address)
I/DEBUG   (  148):     (no map above)
F/CRASH_LOGGER(22064): SIGSEGV : sample0-275921-413881.dex_repaired.dex_repaired.dex 
W/dalvikvm(22066): WARNING: Odd length: expected 0, got 551843
F/libc    (22066): Fatal signal 11 (SIGSEGV) at 0xb76b6006 (code=2), thread 22066 (dexdump)
I/DEBUG   (  148): *** *** *** *** *** *** *** *** *** *** *** *** *** *** *** ***
I/DEBUG   (  148): Build fingerprint: 'generic/vbox86p/vbox86p:4.4.4/KTU84P/eng.buildbot.20151118.000452:userdebug/test-keys'
I/DEBUG   (  148): Revision: '0'
I/DEBUG   (  148): pid: 22066, tid: 22066, name: UNKNOWN  >>> UNKNOWN <<<
I/DEBUG   (  148): signal 11 (SIGSEGV), code 2 (SEGV_ACCERR), fault addr b76b6006
I/DEBUG   (  148): 
I/DEBUG   (  148): memory map around fault addr b76b6006:
I/DEBUG   (  148):     (no map below)
I/DEBUG   (  148):     (no map for address)
I/DEBUG   (  148):     (no map above)
F/CRASH_LOGGER(22071): SIGSEGV : sample0-275921-413881.dex_repaired.dex_repaired.dex_repaired.dex 
W/dalvikvm(22073): WARNING: Odd length: expected 0, got 551843
F/libc    (22073): Fatal signal 11 (SIGSEGV) at 0xb76f8006 (code=2), thread 22073 (dexdump)
I/DEBUG   (  148): *** *** *** *** *** *** *** *** *** *** *** *** *** *** *** ***
I/DEBUG   (  148): Build fingerprint: 'generic/vbox86p/vbox86p:4.4.4/KTU84P/eng.buildbot.20151118.000452:userdebug/test-keys'
I/DEBUG   (  148): Revision: '0'
I/DEBUG   (  148): pid: 22073, tid: 22073, name: UNKNOWN  >>> UNKNOWN <<<
I/DEBUG   (  148): signal 11 (SIGSEGV), code 2 (SEGV_ACCERR), fault addr b76f8006
I/DEBUG   (  148): 
I/DEBUG   (  148): memory map around fault addr b76f8006:
I/DEBUG   (  148):     (no map below)
I/DEBUG   (  148):     (no map for address)
I/DEBUG   (  148):     (no map above)
F/CRASH_LOGGER(22078): SIGSEGV : sample0-275921-413881.dex_repaired.dex_repaired.dex_repaired.dex_repaired.dex 
W/dalvikvm(22080): WARNING: Odd length: expected 0, got 551843
F/libc    (22080): Fatal signal 11 (SIGSEGV) at 0xb76f6006 (code=2), thread 22080 (dexdump)
I/DEBUG   (  148): *** *** *** *** *** *** *** *** *** *** *** *** *** *** *** ***
I/DEBUG   (  148): Build fingerprint: 'generic/vbox86p/vbox86p:4.4.4/KTU84P/eng.buildbot.20151118.000452:userdebug/test-keys'
I/DEBUG   (  148): Revision: '0'
I/DEBUG   (  148): pid: 22080, tid: 22080, name: UNKNOWN  >>> UNKNOWN <<<
I/DEBUG   (  148): signal 11 (SIGSEGV), code 2 (SEGV_ACCERR), fault addr b76f6006
I/DEBUG   (  148): 
I/DEBUG   (  148): memory map around fault addr b76f6006:
I/DEBUG   (  148):     (no map below)
I/DEBUG   (  148):     (no map for address)
I/DEBUG   (  148):     (no map above)
F/CRASH_LOGGER(22085): SIGSEGV : sample0-413881-551843.dex 
W/dalvikvm(22087): WARNING: Odd length: expected 0, got 551843
F/libc    (22087): Fatal signal 11 (SIGSEGV) at 0xb76df006 (code=2), thread 22087 (dexdump)
I/DEBUG   (  148): *** *** *** *** *** *** *** *** *** *** *** *** *** *** *** ***
I/DEBUG   (  148): Build fingerprint: 'generic/vbox86p/vbox86p:4.4.4/KTU84P/eng.buildbot.20151118.000452:userdebug/test-keys'
I/DEBUG   (  148): Revision: '0'
I/DEBUG   (  148): pid: 22087, tid: 22087, name: UNKNOWN  >>> UNKNOWN <<<
I/DEBUG   (  148): signal 11 (SIGSEGV), code 2 (SEGV_ACCERR), fault addr b76df006
I/DEBUG   (  148): 
I/DEBUG   (  148): memory map around fault addr b76df006:
I/DEBUG   (  148):     (no map below)
I/DEBUG   (  148):     (no map for address)
I/DEBUG   (  148):     (no map above)
F/CRASH_LOGGER(22092): SIGSEGV : sample0-413881-551843.dex_repaired.dex 
W/dalvikvm(22094): WARNING: Odd length: expected 0, got 551843
F/libc    (22094): Fatal signal 11 (SIGSEGV) at 0xb7747006 (code=2), thread 22094 (dexdump)
I/DEBUG   (  148): *** *** *** *** *** *** *** *** *** *** *** *** *** *** *** ***
I/DEBUG   (  148): Build fingerprint: 'generic/vbox86p/vbox86p:4.4.4/KTU84P/eng.buildbot.20151118.000452:userdebug/test-keys'
I/DEBUG   (  148): Revision: '0'
I/DEBUG   (  148): pid: 22094, tid: 22094, name: UNKNOWN  >>> UNKNOWN <<<
I/DEBUG   (  148): signal 11 (SIGSEGV), code 2 (SEGV_ACCERR), fault addr b7747006
I/DEBUG   (  148): 
I/DEBUG   (  148): memory map around fault addr b7747006:
I/DEBUG   (  148):     (no map below)
I/DEBUG   (  148):     (no map for address)
I/DEBUG   (  148):     (no map above)
F/CRASH_LOGGER(22099): SIGSEGV : sample0-413881-551843.dex_repaired.dex_repaired.dex 
W/dalvikvm(22101): WARNING: Odd length: expected 0, got 551843
F/libc    (22101): Fatal signal 11 (SIGSEGV) at 0xb7713006 (code=2), thread 22101 (dexdump)
I/DEBUG   (  148): *** *** *** *** *** *** *** *** *** *** *** *** *** *** *** ***
I/DEBUG   (  148): Build fingerprint: 'generic/vbox86p/vbox86p:4.4.4/KTU84P/eng.buildbot.20151118.000452:userdebug/test-keys'
I/DEBUG   (  148): Revision: '0'
I/DEBUG   (  148): pid: 22101, tid: 22101, name: UNKNOWN  >>> UNKNOWN <<<
I/DEBUG   (  148): signal 11 (SIGSEGV), code 2 (SEGV_ACCERR), fault addr b7713006
I/DEBUG   (  148): 
I/DEBUG   (  148): memory map around fault addr b7713006:
I/DEBUG   (  148):     (no map below)
I/DEBUG   (  148):     (no map for address)
I/DEBUG   (  148):     (no map above)
F/CRASH_LOGGER(22106): SIGSEGV : sample0-413881-551843.dex_repaired.dex_repaired.dex_repaired.dex 
W/dalvikvm(22108): WARNING: Odd length: expected 0, got 551843
F/libc    (22108): Fatal signal 11 (SIGSEGV) at 0xb76ba006 (code=2), thread 22108 (dexdump)
I/DEBUG   (  148): *** *** *** *** *** *** *** *** *** *** *** *** *** *** *** ***
I/DEBUG   (  148): Build fingerprint: 'generic/vbox86p/vbox86p:4.4.4/KTU84P/eng.buildbot.20151118.000452:userdebug/test-keys'
I/DEBUG   (  148): Revision: '0'
I/DEBUG   (  148): pid: 22108, tid: 22108, name: UNKNOWN  >>> UNKNOWN <<<
I/DEBUG   (  148): signal 11 (SIGSEGV), code 2 (SEGV_ACCERR), fault addr b76ba006
I/DEBUG   (  148): 
I/DEBUG   (  148): memory map around fault addr b76ba006:
I/DEBUG   (  148):     (no map below)
I/DEBUG   (  148):     (no map for address)
I/DEBUG   (  148):     (no map above)
F/CRASH_LOGGER(22113): SIGSEGV : sample0-413881-551843.dex_repaired.dex_repaired.dex_repaired.dex_repaired.dex 
W/dalvikvm(22115): WARNING: Odd length: expected 0, got 551843
F/libc    (22115): Fatal signal 11 (SIGSEGV) at 0xb76e2006 (code=2), thread 22115 (dexdump)
I/DEBUG   (  148): *** *** *** *** *** *** *** *** *** *** *** *** *** *** *** ***
I/DEBUG   (  148): Build fingerprint: 'generic/vbox86p/vbox86p:4.4.4/KTU84P/eng.buildbot.20151118.000452:userdebug/test-keys'
I/DEBUG   (  148): Revision: '0'
I/DEBUG   (  148): pid: 22115, tid: 22115, name: UNKNOWN  >>> UNKNOWN <<<
I/DEBUG   (  148): signal 11 (SIGSEGV), code 2 (SEGV_ACCERR), fault addr b76e2006
I/DEBUG   (  148): 
I/DEBUG   (  148): memory map around fault addr b76e2006:
I/DEBUG   (  148):     (no map below)
I/DEBUG   (  148):     (no map for address)
I/DEBUG   (  148):     (no map above)
F/CRASH_LOGGER(22120): SIGSEGV : sample1-0-137960.dex 
E/dalvikvm(22122): ERROR: Bad magic number (0xe0 ad 75 28)
F/CRASH_LOGGER(22127): SIGSEGV : sample1-137960-275921.dex 
W/dalvikvm(22129): WARNING: Odd length: expected 0, got 551843
F/libc    (22129): Fatal signal 11 (SIGSEGV) at 0xb775f006 (code=2), thread 22129 (dexdump)
I/DEBUG   (  148): *** *** *** *** *** *** *** *** *** *** *** *** *** *** *** ***
I/DEBUG   (  148): Build fingerprint: 'generic/vbox86p/vbox86p:4.4.4/KTU84P/eng.buildbot.20151118.000452:userdebug/test-keys'
I/DEBUG   (  148): Revision: '0'
I/DEBUG   (  148): pid: 22129, tid: 22129, name: UNKNOWN  >>> UNKNOWN <<<
I/DEBUG   (  148): signal 11 (SIGSEGV), code 2 (SEGV_ACCERR), fault addr b775f006
I/DEBUG   (  148): 
I/DEBUG   (  148): memory map around fault addr b775f006:
I/DEBUG   (  148):     (no map below)
I/DEBUG   (  148):     (no map for address)
I/DEBUG   (  148):     (no map above)
F/CRASH_LOGGER(22134): SIGSEGV : sample1-137960-275921.dex_repaired.dex 
W/dalvikvm(22136): WARNING: Odd length: expected 0, got 551843
F/libc    (22136): Fatal signal 11 (SIGSEGV) at 0xb7730006 (code=2), thread 22136 (dexdump)
I/DEBUG   (  148): *** *** *** *** *** *** *** *** *** *** *** *** *** *** *** ***
I/DEBUG   (  148): Build fingerprint: 'generic/vbox86p/vbox86p:4.4.4/KTU84P/eng.buildbot.20151118.000452:userdebug/test-keys'
I/DEBUG   (  148): Revision: '0'
I/DEBUG   (  148): pid: 22136, tid: 22136, name: UNKNOWN  >>> UNKNOWN <<<
I/DEBUG   (  148): signal 11 (SIGSEGV), code 2 (SEGV_ACCERR), fault addr b7730006
I/DEBUG   (  148): 
I/DEBUG   (  148): memory map around fault addr b7730006:
I/DEBUG   (  148):     (no map below)
I/DEBUG   (  148):     (no map for address)
I/DEBUG   (  148):     (no map above)
F/CRASH_LOGGER(22141): SIGSEGV : sample1-137960-275921.dex_repaired.dex_repaired.dex 
W/dalvikvm(22143): WARNING: Odd length: expected 0, got 551843
F/libc    (22143): Fatal signal 11 (SIGSEGV) at 0xb76e0006 (code=2), thread 22143 (dexdump)
I/DEBUG   (  148): *** *** *** *** *** *** *** *** *** *** *** *** *** *** *** ***
I/DEBUG   (  148): Build fingerprint: 'generic/vbox86p/vbox86p:4.4.4/KTU84P/eng.buildbot.20151118.000452:userdebug/test-keys'
I/DEBUG   (  148): Revision: '0'
I/DEBUG   (  148): pid: 22143, tid: 22143, name: UNKNOWN  >>> UNKNOWN <<<
I/DEBUG   (  148): signal 11 (SIGSEGV), code 2 (SEGV_ACCERR), fault addr b76e0006
I/DEBUG   (  148): 
I/DEBUG   (  148): memory map around fault addr b76e0006:
I/DEBUG   (  148):     (no map below)
I/DEBUG   (  148):     (no map for address)
I/DEBUG   (  148):     (no map above)
F/CRASH_LOGGER(22148): SIGSEGV : sample1-137960-275921.dex_repaired.dex_repaired.dex_repaired.dex 
W/dalvikvm(22150): WARNING: Odd length: expected 0, got 551843
F/libc    (22150): Fatal signal 11 (SIGSEGV) at 0xb775f006 (code=2), thread 22150 (dexdump)
I/DEBUG   (  148): *** *** *** *** *** *** *** *** *** *** *** *** *** *** *** ***
I/DEBUG   (  148): Build fingerprint: 'generic/vbox86p/vbox86p:4.4.4/KTU84P/eng.buildbot.20151118.000452:userdebug/test-keys'
I/DEBUG   (  148): Revision: '0'
I/DEBUG   (  148): pid: 22150, tid: 22150, name: UNKNOWN  >>> UNKNOWN <<<
I/DEBUG   (  148): signal 11 (SIGSEGV), code 2 (SEGV_ACCERR), fault addr b775f006
I/DEBUG   (  148): 
I/DEBUG   (  148): memory map around fault addr b775f006:
I/DEBUG   (  148):     (no map below)
I/DEBUG   (  148):     (no map for address)
I/DEBUG   (  148):     (no map above)
F/CRASH_LOGGER(22155): SIGSEGV : sample1-137960-275921.dex_repaired.dex_repaired.dex_repaired.dex_repaired.dex 
W/dalvikvm(22157): WARNING: Odd length: expected 0, got 551843
F/libc    (22157): Fatal signal 11 (SIGSEGV) at 0xb775d006 (code=2), thread 22157 (dexdump)
I/DEBUG   (  148): *** *** *** *** *** *** *** *** *** *** *** *** *** *** *** ***
I/DEBUG   (  148): Build fingerprint: 'generic/vbox86p/vbox86p:4.4.4/KTU84P/eng.buildbot.20151118.000452:userdebug/test-keys'
I/DEBUG   (  148): Revision: '0'
I/DEBUG   (  148): pid: 22157, tid: 22157, name: UNKNOWN  >>> UNKNOWN <<<
I/DEBUG   (  148): signal 11 (SIGSEGV), code 2 (SEGV_ACCERR), fault addr b775d006
I/DEBUG   (  148): 
I/DEBUG   (  148): memory map around fault addr b775d006:
I/DEBUG   (  148):     (no map below)
I/DEBUG   (  148):     (no map for address)
I/DEBUG   (  148):     (no map above)
F/CRASH_LOGGER(22162): SIGSEGV : sample1-275921-413881.dex 
W/dalvikvm(22164): WARNING: Odd length: expected 0, got 551843
F/libc    (22164): Fatal signal 11 (SIGSEGV) at 0xb76c1006 (code=2), thread 22164 (dexdump)
I/DEBUG   (  148): *** *** *** *** *** *** *** *** *** *** *** *** *** *** *** ***
I/DEBUG   (  148): Build fingerprint: 'generic/vbox86p/vbox86p:4.4.4/KTU84P/eng.buildbot.20151118.000452:userdebug/test-keys'
I/DEBUG   (  148): Revision: '0'
I/DEBUG   (  148): pid: 22164, tid: 22164, name: UNKNOWN  >>> UNKNOWN <<<
I/DEBUG   (  148): signal 11 (SIGSEGV), code 2 (SEGV_ACCERR), fault addr b76c1006
I/DEBUG   (  148): 
I/DEBUG   (  148): memory map around fault addr b76c1006:
I/DEBUG   (  148):     (no map below)
I/DEBUG   (  148):     (no map for address)
I/DEBUG   (  148):     (no map above)
F/CRASH_LOGGER(22169): SIGSEGV : sample1-275921-413881.dex_repaired.dex 
W/dalvikvm(22171): WARNING: Odd length: expected 0, got 551843
F/libc    (22171): Fatal signal 11 (SIGSEGV) at 0xb7717006 (code=2), thread 22171 (dexdump)
I/DEBUG   (  148): *** *** *** *** *** *** *** *** *** *** *** *** *** *** *** ***
I/DEBUG   (  148): Build fingerprint: 'generic/vbox86p/vbox86p:4.4.4/KTU84P/eng.buildbot.20151118.000452:userdebug/test-keys'
I/DEBUG   (  148): Revision: '0'
I/DEBUG   (  148): pid: 22171, tid: 22171, name: UNKNOWN  >>> UNKNOWN <<<
I/DEBUG   (  148): signal 11 (SIGSEGV), code 2 (SEGV_ACCERR), fault addr b7717006
I/DEBUG   (  148): 
I/DEBUG   (  148): memory map around fault addr b7717006:
I/DEBUG   (  148):     (no map below)
I/DEBUG   (  148):     (no map for address)
I/DEBUG   (  148):     (no map above)
