W/Resources(   57): Preloaded drawable resource #0x108041a (android:drawable/list_selector_background_transition_holo_dark) that varies with configuration!!
W/Resources(   57): Preloaded drawable resource #0x10803fe (android:drawable/list_pressed_holo_dark) that varies with configuration!!
W/Resources(   57): Preloaded drawable resource #0x10803fc (android:drawable/list_longpressed_holo_dark) that varies with configuration!!
W/Resources(   57): Preloaded drawable resource #0x108041a (android:drawable/list_selector_background_transition_holo_dark) that varies with configuration!!
W/Resources(   57): Preloaded drawable resource #0x10803f7 (android:drawable/list_focused_holo) that varies with configuration!!
W/Resources(   57): Preloaded drawable resource #0x1080421 (android:drawable/list_selector_holo_dark) that varies with configuration!!
W/Resources(   57): Preloaded drawable resource #0x108041e (android:drawable/list_selector_disabled_holo_light) that varies with configuration!!
W/Resources(   57): Preloaded drawable resource #0x108041e (android:drawable/list_selector_disabled_holo_light) that varies with configuration!!
W/Resources(   57): Preloaded drawable resource #0x10803ff (android:drawable/list_pressed_holo_light) that varies with configuration!!
W/Resources(   57): Preloaded drawable resource #0x10803fd (android:drawable/list_longpressed_holo_light) that varies with configuration!!
W/Resources(   57): Preloaded drawable resource #0x108041b (android:drawable/list_selector_background_transition_holo_light) that varies with configuration!!
W/Resources(   57): Preloaded drawable resource #0x10803ff (android:drawable/list_pressed_holo_light) that varies with configuration!!
W/Resources(   57): Preloaded drawable resource #0x10803fd (android:drawable/list_longpressed_holo_light) that varies with configuration!!
W/Resources(   57): Preloaded drawable resource #0x108041b (android:drawable/list_selector_background_transition_holo_light) that varies with configuration!!
W/Resources(   57): Preloaded drawable resource #0x10803f7 (android:drawable/list_focused_holo) that varies with configuration!!
W/Resources(   57): Preloaded drawable resource #0x1080422 (android:drawable/list_selector_holo_light) that varies with configuration!!
D/dalvikvm(  374): Note: class Landroid/app/ActivityManagerNative; has 179 unimplemented (abstract) methods
D/dalvikvm(   57): GC_EXPLICIT freed 93K, 13% free 2637K/3000K, paused 3ms+3ms, total 79ms
W/Resources(   57): Preloaded drawable resource #0x1080401 (android:drawable/list_section_divider_holo_light) that varies with configuration!!
W/Resources(   57): Preloaded drawable resource #0x1080400 (android:drawable/list_section_divider_holo_dark) that varies with configuration!!
W/Resources(   57): Preloaded drawable resource #0x1080432 (android:drawable/menu_hardkey_panel_holo_dark) that varies with configuration!!
W/Resources(   57): Preloaded drawable resource #0x1080433 (android:drawable/menu_hardkey_panel_holo_light) that varies with configuration!!
D/dalvikvm(   57): GC_EXPLICIT freed 55K, 12% free 2643K/3000K, paused 3ms+12ms, total 61ms
W/Resources(   57): Preloaded drawable resource #0x108043a (android:drawable/menu_submenu_background) that varies with configuration!!
W/Resources(   57): Preloaded drawable resource #0x1080431 (android:drawable/menu_dropdown_panel_holo_light) that varies with configuration!!
D/dalvikvm(   57): GC_EXPLICIT freed 58K, 12% free 2657K/3000K, paused 2ms+3ms, total 60ms
W/Resources(   57): Preloaded drawable resource #0x1080430 (android:drawable/menu_dropdown_panel_holo_dark) that varies with configuration!!
W/Resources(   57): Preloaded drawable resource #0x1080437 (android:drawable/menu_popup_panel_holo_light) that varies with configuration!!
D/dalvikvm(   57): GC_EXPLICIT freed 72K, 12% free 2653K/3000K, paused 3ms+3ms, total 67ms
W/Resources(   57): Preloaded drawable resource #0x1080436 (android:drawable/menu_popup_panel_holo_dark) that varies with configuration!!
W/Resources(   57): Preloaded drawable resource #0x1080437 (android:drawable/menu_popup_panel_holo_light) that varies with configuration!!
W/Resources(   57): Preloaded drawable resource #0x1080431 (android:drawable/menu_dropdown_panel_holo_light) that varies with configuration!!
W/Resources(   57): Preloaded drawable resource #0x1080435 (android:drawable/menu_panel_holo_light) that varies with configuration!!
D/dalvikvm(   57): GC_EXPLICIT freed 70K, 11% free 2686K/3000K, paused 13ms+2ms, total 75ms
W/Resources(   57): Preloaded drawable resource #0x1080436 (android:drawable/menu_popup_panel_holo_dark) that varies with configuration!!
W/Resources(   57): Preloaded drawable resource #0x1080430 (android:drawable/menu_dropdown_panel_holo_dark) that varies with configuration!!
W/Resources(   57): Preloaded drawable resource #0x1080434 (android:drawable/menu_panel_holo_dark) that varies with configuration!!
D/dalvikvm(   57): GC_EXPLICIT freed 102K, 12% free 2654K/3000K, paused 4ms+2ms, total 68ms
W/Resources(   57): Preloaded drawable resource #0x108047c (android:drawable/overscroll_edge) that varies with configuration!!
D/dalvikvm(   57): GC_EXPLICIT freed 164K, 14% free 2589K/3000K, paused 5ms+2ms, total 64ms
W/Resources(   57): Preloaded drawable resource #0x108047d (android:drawable/overscroll_glow) that varies with configuration!!
D/dalvikvm(   57): GC_EXPLICIT freed 1102K, 37% free 2589K/4104K, paused 3ms+13ms, total 61ms
W/Resources(   57): Preloaded drawable resource #0x1080545 (android:drawable/spinner_16_outer_holo) that varies with configuration!!
W/Resources(   57): Preloaded drawable resource #0x1080544 (android:drawable/spinner_16_inner_holo) that varies with configuration!!
W/Resources(   57): Preloaded drawable resource #0x1080549 (android:drawable/spinner_48_outer_holo) that varies with configuration!!
W/Resources(   57): Preloaded drawable resource #0x1080548 (android:drawable/spinner_48_inner_holo) that varies with configuration!!
D/dalvikvm(   57): GC_EXPLICIT freed 85K, 37% free 2590K/4104K, paused 3ms+2ms, total 75ms
W/Resources(   57): Preloaded drawable resource #0x108054b (android:drawable/spinner_76_outer_holo) that varies with configuration!!
D/dalvikvm(   57): GC_EXPLICIT freed 92K, 37% free 2590K/4104K, paused 12ms+12ms, total 73ms
W/Resources(   57): Preloaded drawable resource #0x108054a (android:drawable/spinner_76_inner_holo) that varies with configuration!!
E/memtrack(  374): Couldn't load memtrack module (No such file or directory)
E/android.os.Debug(  374): failed to load memtrack module: -2
D/dalvikvm(   57): GC_EXPLICIT freed 92K, 37% free 2590K/4104K, paused 2ms+2ms, total 75ms
W/Resources(   57): Preloaded drawable resource #0x10804c5 (android:drawable/progress_bg_holo_dark) that varies with configuration!!
W/Resources(   57): Preloaded drawable resource #0x10804c6 (android:drawable/progress_bg_holo_light) that varies with configuration!!
W/Resources(   57): Preloaded drawable resource #0x10804c5 (android:drawable/progress_bg_holo_dark) that varies with configuration!!
W/Resources(   57): Preloaded drawable resource #0x10804d2 (android:drawable/progress_secondary_holo_dark) that varies with configuration!!
W/Resources(   57): Preloaded drawable resource #0x10804d0 (android:drawable/progress_primary_holo_dark) that varies with configuration!!
W/Resources(   57): Preloaded drawable resource #0x10804c7 (android:drawable/progress_horizontal_holo_dark) that varies with configuration!!
W/Resources(   57): Preloaded drawable resource #0x10804c6 (android:drawable/progress_bg_holo_light) that varies with configuration!!
W/Resources(   57): Preloaded drawable resource #0x10804d3 (android:drawable/progress_secondary_holo_light) that varies with configuration!!
W/Resources(   57): Preloaded drawable resource #0x10804d1 (android:drawable/progress_primary_holo_light) that varies with configuration!!
W/Resources(   57): Preloaded drawable resource #0x10804c8 (android:drawable/progress_horizontal_holo_light) that varies with configuration!!
W/Resources(   57): Preloaded drawable resource #0x10804db (android:drawable/progressbar_indeterminate_holo1) that varies with configuration!!
W/Resources(   57): Preloaded drawable resource #0x10804dc (android:drawable/progressbar_indeterminate_holo2) that varies with configuration!!
W/Resources(   57): Preloaded drawable resource #0x10804dd (android:drawable/progressbar_indeterminate_holo3) that varies with configuration!!
W/Resources(   57): Preloaded drawable resource #0x10804de (android:drawable/progressbar_indeterminate_holo4) that varies with configuration!!
W/Resources(   57): Preloaded drawable resource #0x10804df (android:drawable/progressbar_indeterminate_holo5) that varies with configuration!!
W/Resources(   57): Preloaded drawable resource #0x10804e0 (android:drawable/progressbar_indeterminate_holo6) that varies with configuration!!
W/Resources(   57): Preloaded drawable resource #0x10804e1 (android:drawable/progressbar_indeterminate_holo7) that varies with configuration!!
W/Resources(   57): Preloaded drawable resource #0x10804e2 (android:drawable/progressbar_indeterminate_holo8) that varies with configuration!!
W/Resources(   57): Preloaded drawable resource #0x10804c9 (android:drawable/progress_indeterminate_horizontal_holo) that varies with configuration!!
D/dalvikvm(   57): GC_EXPLICIT freed 1239K, 37% free 2617K/4104K, paused 3ms+2ms, total 65ms
W/Resources(   57): Preloaded drawable resource #0x108054b (android:drawable/spinner_76_outer_holo) that varies with configuration!!
W/Resources(   57): Preloaded drawable resource #0x108054a (android:drawable/spinner_76_inner_holo) that varies with configuration!!
W/Resources(   57): Preloaded drawable resource #0x10804cb (android:drawable/progress_large_holo) that varies with configuration!!
D/dalvikvm(   57): GC_EXPLICIT freed 208K, 37% free 2594K/4104K, paused 3ms+14ms, total 82ms
W/Resources(   57): Preloaded drawable resource #0x1080549 (android:drawable/spinner_48_outer_holo) that varies with configuration!!
W/Resources(   57): Preloaded drawable resource #0x1080548 (android:drawable/spinner_48_inner_holo) that varies with configuration!!
W/Resources(   57): Preloaded drawable resource #0x10804ce (android:drawable/progress_medium_holo) that varies with configuration!!
D/dalvikvm(   57): GC_EXPLICIT freed 77K, 37% free 2594K/4104K, paused 3ms+3ms, total 76ms
W/Resources(   57): Preloaded drawable resource #0x10804d0 (android:drawable/progress_primary_holo_dark) that varies with configuration!!
W/Resources(   57): Preloaded drawable resource #0x10804d1 (android:drawable/progress_primary_holo_light) that varies with configuration!!
W/Resources(   57): Preloaded drawable resource #0x10804d2 (android:drawable/progress_secondary_holo_dark) that varies with configuration!!
W/Resources(   57): Preloaded drawable resource #0x10804d3 (android:drawable/progress_secondary_holo_light) that varies with configuration!!
W/Resources(   57): Preloaded drawable resource #0x1080545 (android:drawable/spinner_16_outer_holo) that varies with configuration!!
W/Resources(   57): Preloaded drawable resource #0x1080544 (android:drawable/spinner_16_inner_holo) that varies with configuration!!
W/Resources(   57): Preloaded drawable resource #0x10804d5 (android:drawable/progress_small_holo) that varies with configuration!!
W/Resources(   57): Preloaded drawable resource #0x1080535 (android:drawable/scrubber_track_holo_dark) that varies with configuration!!
W/Resources(   57): Preloaded drawable resource #0x1080534 (android:drawable/scrubber_secondary_holo) that varies with configuration!!
W/Resources(   57): Preloaded drawable resource #0x1080531 (android:drawable/scrubber_primary_holo) that varies with configuration!!
W/Resources(   57): Preloaded drawable resource #0x1080532 (android:drawable/scrubber_progress_horizontal_holo_dark) that varies with configuration!!
W/Resources(   57): Preloaded drawable resource #0x1080536 (android:drawable/scrubber_track_holo_light) that varies with configuration!!
W/Resources(   57): Preloaded drawable resource #0x1080534 (android:drawable/scrubber_secondary_holo) that varies with configuration!!
W/Resources(   57): Preloaded drawable resource #0x1080531 (android:drawable/scrubber_primary_holo) that varies with configuration!!
W/Resources(   57): Preloaded drawable resource #0x1080533 (android:drawable/scrubber_progress_horizontal_holo_light) that varies with configuration!!
D/dalvikvm(   57): GC_EXPLICIT freed 30K, 37% free 2624K/4104K, paused 13ms+12ms, total 95ms
D/AndroidRuntime(  374): Calling main entry com.android.commands.pm.Pm
W/Resources(   57): Preloaded drawable resource #0x1080528 (android:drawable/scrollbar_handle_holo_dark) that varies with configuration!!
W/Resources(   57): Preloaded drawable resource #0x1080529 (android:drawable/scrollbar_handle_holo_light) that varies with configuration!!
D/AndroidRuntime(  374): Shutting down VM
D/dalvikvm(  374): GC_CONCURRENT freed 94K, 15% free 555K/652K, paused 2ms+2ms, total 23ms
D/dalvikvm(   57): GC_EXPLICIT freed 35K, 36% free 2655K/4104K, paused 2ms+3ms, total 41ms
D/dalvikvm(   57): GC_EXPLICIT freed 10K, 35% free 2696K/4104K, paused 2ms+3ms, total 34ms
D/dalvikvm(   57): GC_EXPLICIT freed 3K, 34% free 2743K/4104K, paused 2ms+3ms, total 31ms
D/dalvikvm(   57): GC_EXPLICIT freed 3K, 33% free 2790K/4104K, paused 4ms+2ms, total 63ms
W/Resources(   57): Preloaded drawable resource #0x1080208 (android:drawable/cab_background_bottom_holo_dark) that varies with configuration!!
W/Resources(   57): Preloaded drawable resource #0x108020b (android:drawable/cab_background_top_holo_light) that varies with configuration!!
W/Resources(   57): Preloaded drawable resource #0x1080209 (android:drawable/cab_background_bottom_holo_light) that varies with configuration!!
W/Resources(   57): Preloaded drawable resource #0x10802bc (android:drawable/ic_cab_done_holo_dark) that varies with configuration!!
D/dalvikvm(   57): GC_EXPLICIT freed 23K, 32% free 2820K/4104K, paused 3ms+12ms, total 64ms
W/Resources(   57): Preloaded drawable resource #0x108020a (android:drawable/cab_background_top_holo_dark) that varies with configuration!!
W/Resources(   57): Preloaded drawable resource #0x10802bd (android:drawable/ic_cab_done_holo_light) that varies with configuration!!
W/Resources(   57): Preloaded drawable resource #0x10800d0 (android:drawable/btn_cab_done_default_holo_dark) that varies with configuration!!
W/Resources(   57): Preloaded drawable resource #0x10800d3 (android:drawable/btn_cab_done_focused_holo_light) that varies with configuration!!
W/Resources(   57): Preloaded drawable resource #0x10800d1 (android:drawable/btn_cab_done_default_holo_light) that varies with configuration!!
W/Resources(   57): Preloaded drawable resource #0x10800d6 (android:drawable/btn_cab_done_pressed_holo_dark) that varies with configuration!!
W/Resources(   57): Preloaded drawable resource #0x10800d2 (android:drawable/btn_cab_done_focused_holo_dark) that varies with configuration!!
W/Resources(   57): Preloaded drawable resource #0x10800d7 (android:drawable/btn_cab_done_pressed_holo_light) that varies with configuration!!
W/Resources(   57): Preloaded drawable resource #0x10803ff (android:drawable/list_pressed_holo_light) that varies with configuration!!
W/Resources(   57): Preloaded drawable resource #0x10800d3 (android:drawable/btn_cab_done_focused_holo_light) that varies with configuration!!
W/Resources(   57): Preloaded drawable resource #0x10800d1 (android:drawable/btn_cab_done_default_holo_light) that varies with configuration!!
W/Resources(   57): Preloaded drawable resource #0x10800d5 (android:drawable/btn_cab_done_holo_light) that varies with configuration!!
D/dalvikvm(   57): GC_EXPLICIT freed 61K, 32% free 2812K/4104K, paused 2ms+3ms, total 84ms
W/Resources(   57): Preloaded drawable resource #0x10803fe (android:drawable/list_pressed_holo_dark) that varies with configuration!!
W/Resources(   57): Preloaded drawable resource #0x10800d2 (android:drawable/btn_cab_done_focused_holo_dark) that varies with configuration!!
W/Resources(   57): Preloaded drawable resource #0x10800d0 (android:drawable/btn_cab_done_default_holo_dark) that varies with configuration!!
W/Resources(   57): Preloaded drawable resource #0x10800d4 (android:drawable/btn_cab_done_holo_dark) that varies with configuration!!
W/Resources(   57): Preloaded drawable resource #0x1080038 (android:drawable/ic_menu_close_clear_cancel) that varies with configuration!!
W/Resources(   57): Preloaded drawable resource #0x108033e (android:drawable/ic_menu_copy_holo_dark) that varies with configuration!!
W/Resources(   57): Preloaded drawable resource #0x108033f (android:drawable/ic_menu_copy_holo_light) that varies with configuration!!
D/dalvikvm(   57): GC_EXPLICIT freed 76K, 32% free 2798K/4104K, paused 2ms+3ms, total 73ms
W/Resources(   57): Preloaded drawable resource #0x1080341 (android:drawable/ic_menu_cut_holo_dark) that varies with configuration!!
W/Resources(   57): Preloaded drawable resource #0x1080342 (android:drawable/ic_menu_cut_holo_light) that varies with configuration!!
W/Resources(   57): Preloaded drawable resource #0x1080045 (android:drawable/ic_menu_more) that varies with configuration!!
D/dalvikvm(   57): GC_EXPLICIT freed 56K, 32% free 2795K/4104K, paused 3ms+3ms, total 68ms
W/Resources(   57): Preloaded drawable resource #0x1080355 (android:drawable/ic_menu_moreoverflow_normal_holo_dark) that varies with configuration!!
W/Resources(   57): Preloaded drawable resource #0x1080353 (android:drawable/ic_menu_moreoverflow_holo_dark) that varies with configuration!!
W/Resources(   57): Preloaded drawable resource #0x1080356 (android:drawable/ic_menu_moreoverflow_normal_holo_light) that varies with configuration!!
W/Resources(   57): Preloaded drawable resource #0x1080354 (android:drawable/ic_menu_moreoverflow_holo_light) that varies with configuration!!
W/Resources(   57): Preloaded drawable resource #0x1080359 (android:drawable/ic_menu_paste_holo_dark) that varies with configuration!!
D/dalvikvm(   57): GC_EXPLICIT freed 58K, 32% free 2799K/4104K, paused 6ms+2ms, total 64ms
W/Resources(   57): Preloaded drawable resource #0x108035a (android:drawable/ic_menu_paste_holo_light) that varies with configuration!!
W/Resources(   57): Preloaded drawable resource #0x1080360 (android:drawable/ic_menu_selectall_holo_light) that varies with configuration!!
W/Resources(   57): Preloaded drawable resource #0x108035f (android:drawable/ic_menu_selectall_holo_dark) that varies with configuration!!
D/dalvikvm(   57): GC_EXPLICIT freed 54K, 32% free 2798K/4104K, paused 15ms+3ms, total 112ms
W/Resources(   57): Preloaded drawable resource #0x10802c0 (android:drawable/ic_clear_disabled) that varies with configuration!!
W/Resources(   57): Preloaded drawable resource #0x10802bf (android:drawable/ic_clear) that varies with configuration!!
W/Resources(   57): Preloaded drawable resource #0x10802c0 (android:drawable/ic_clear_disabled) that varies with configuration!!
D/dalvikvm(   57): GC_EXPLICIT freed 37K, 32% free 2815K/4104K, paused 13ms+3ms, total 99ms
W/Resources(   57): Preloaded drawable resource #0x1080392 (android:drawable/ic_search) that varies with configuration!!
W/Resources(   57): Preloaded drawable resource #0x10802dd (android:drawable/ic_go) that varies with configuration!!
W/Resources(   57): Preloaded drawable resource #0x108039b (android:drawable/ic_voice_search) that varies with configuration!!
D/dalvikvm(   57): GC_EXPLICIT freed 53K, 32% free 2815K/4104K, paused 16ms+2ms, total 94ms
W/Resources(   57): Preloaded drawable resource #0x1080221 (android:drawable/dialog_bottom_holo_dark) that varies with configuration!!
W/Resources(   57): Preloaded drawable resource #0x1080222 (android:drawable/dialog_bottom_holo_light) that varies with configuration!!
D/dalvikvm(   57): GC_EXPLICIT freed 3K, 30% free 2881K/4104K, paused 17ms+4ms, total 100ms
W/Resources(   57): Preloaded drawable resource #0x1080226 (android:drawable/dialog_full_holo_dark) that varies with configuration!!
D/dalvikvm(   57): GC_EXPLICIT freed 68K, 30% free 2875K/4104K, paused 3ms+3ms, total 130ms
W/Resources(   57): Preloaded drawable resource #0x1080227 (android:drawable/dialog_full_holo_light) that varies with configuration!!
D/dalvikvm(   57): GC_EXPLICIT freed 61K, 30% free 2875K/4104K, paused 3ms+4ms, total 98ms
W/Resources(   57): Preloaded drawable resource #0x108022f (android:drawable/dialog_middle_holo_dark) that varies with configuration!!
W/Resources(   57): Preloaded drawable resource #0x1080230 (android:drawable/dialog_middle_holo_light) that varies with configuration!!
D/AndroidRuntime(  399): 
D/AndroidRuntime(  399): >>>>>> AndroidRuntime START com.android.internal.os.RuntimeInit <<<<<<
D/AndroidRuntime(  399): CheckJNI is ON
D/dalvikvm(   57): GC_EXPLICIT freed 63K, 31% free 2864K/4104K, paused 5ms+4ms, total 101ms
W/Resources(   57): Preloaded drawable resource #0x1080231 (android:drawable/dialog_top_holo_dark) that varies with configuration!!
W/Resources(   57): Preloaded drawable resource #0x1080232 (android:drawable/dialog_top_holo_light) that varies with configuration!!
D/dalvikvm(   57): GC_EXPLICIT freed 51K, 30% free 2882K/4104K, paused 4ms+13ms, total 139ms
W/Resources(   57): Preloaded drawable resource #0x10802d1 (android:drawable/ic_dialog_alert_holo_dark) that varies with configuration!!
W/Resources(   57): Preloaded drawable resource #0x10802d2 (android:drawable/ic_dialog_alert_holo_light) that varies with configuration!!
W/Resources(   57): Preloaded drawable resource #0x10803f4 (android:drawable/list_divider_holo_dark) that varies with configuration!!
W/Resources(   57): Preloaded drawable resource #0x10803f5 (android:drawable/list_divider_holo_light) that varies with configuration!!
W/Resources(   57): Preloaded drawable resource #0x10803f5 (android:drawable/list_divider_holo_light) that varies with configuration!!
D/dalvikvm(  399): Trying to load lib libjavacore.so 0x0
W/Resources(   57): Preloaded drawable resource #0x10800bd (android:drawable/ab_transparent_dark_holo) that varies with configuration!!
D/dalvikvm(  399): Added shared lib libjavacore.so 0x0
D/dalvikvm(  399): Trying to load lib libnativehelper.so 0x0
D/dalvikvm(  399): Added shared lib libnativehelper.so 0x0
D/dalvikvm(  399): No JNI_OnLoad found in libnativehelper.so 0x0, skipping init
D/dalvikvm(   57): GC_EXPLICIT freed 106K, 32% free 2827K/4104K, paused 15ms+2ms, total 98ms
W/Resources(   57): Preloaded drawable resource #0x10800bb (android:drawable/ab_stacked_transparent_dark_holo) that varies with configuration!!
W/Resources(   57): Preloaded drawable resource #0x10800a1 (android:drawable/ab_bottom_transparent_dark_holo) that varies with configuration!!
W/Resources(   57): Preloaded drawable resource #0x10800b5 (android:drawable/ab_solid_dark_holo) that varies with configuration!!
W/Resources(   57): Preloaded drawable resource #0x10800b8 (android:drawable/ab_stacked_solid_dark_holo) that varies with configuration!!
W/Resources(   57): Preloaded drawable resource #0x108009e (android:drawable/ab_bottom_solid_dark_holo) that varies with configuration!!
D/dalvikvm(   57): GC_EXPLICIT freed 17K, 31% free 2864K/4104K, paused 3ms+3ms, total 76ms
W/Resources(   57): Preloaded drawable resource #0x10800be (android:drawable/ab_transparent_light_holo) that varies with configuration!!
W/Resources(   57): Preloaded drawable resource #0x10800bc (android:drawable/ab_stacked_transparent_light_holo) that varies with configuration!!
W/Resources(   57): Preloaded drawable resource #0x10800a2 (android:drawable/ab_bottom_transparent_light_holo) that varies with configuration!!
W/Resources(   57): Preloaded drawable resource #0x10800b6 (android:drawable/ab_solid_light_holo) that varies with configuration!!
W/Resources(   57): Preloaded drawable resource #0x10800ba (android:drawable/ab_stacked_solid_light_holo) that varies with configuration!!
D/dalvikvm(   57): GC_EXPLICIT freed 44K, 30% free 2874K/4104K, paused 17ms+2ms, total 125ms
W/Resources(   57): Preloaded drawable resource #0x10800a0 (android:drawable/ab_bottom_solid_light_holo) that varies with configuration!!
W/Resources(   57): Preloaded drawable resource #0x10800b7 (android:drawable/ab_solid_shadow_holo) that varies with configuration!!
W/Resources(   57): Preloaded drawable resource #0x108041d (android:drawable/list_selector_disabled_holo_dark) that varies with configuration!!
W/Resources(   57): Preloaded drawable resource #0x108041d (android:drawable/list_selector_disabled_holo_dark) that varies with configuration!!
W/Resources(   57): Preloaded drawable resource #0x10803fe (android:drawable/list_pressed_holo_dark) that varies with configuration!!
W/Resources(   57): Preloaded drawable resource #0x10803fc (android:drawable/list_longpressed_holo_dark) that varies with configuration!!
W/Resources(   57): Preloaded drawable resource #0x108041a (android:drawable/list_selector_background_transition_holo_dark) that varies with configuration!!
W/Resources(   57): Preloaded drawable resource #0x10803fe (android:drawable/list_pressed_holo_dark) that varies with configuration!!
W/Resources(   57): Preloaded drawable resource #0x10803fc (android:drawable/list_longpressed_holo_dark) that varies with configuration!!
W/Resources(   57): Preloaded drawable resource #0x108041a (android:drawable/list_selector_background_transition_holo_dark) that varies with configuration!!
W/Resources(   57): Preloaded drawable resource #0x10803f7 (android:drawable/list_focused_holo) that varies with configuration!!
W/Resources(   57): Preloaded drawable resource #0x10803b3 (android:drawable/item_background_holo_dark) that varies with configuration!!
D/dalvikvm(   57): GC_EXPLICIT freed 73K, 31% free 2857K/4104K, paused 4ms+2ms, total 71ms
W/Resources(   57): Preloaded drawable resource #0x108041e (android:drawable/list_selector_disabled_holo_light) that varies with configuration!!
W/Resources(   57): Preloaded drawable resource #0x108041e (android:drawable/list_selector_disabled_holo_light) that varies with configuration!!
W/Resources(   57): Preloaded drawable resource #0x10803ff (android:drawable/list_pressed_holo_light) that varies with configuration!!
D/dalvikvm(  399): Note: class Landroid/app/ActivityManagerNative; has 179 unimplemented (abstract) methods
W/Resources(   57): Preloaded drawable resource #0x10803fd (android:drawable/list_longpressed_holo_light) that varies with configuration!!
W/Resources(   57): Preloaded drawable resource #0x108041b (android:drawable/list_selector_background_transition_holo_light) that varies with configuration!!
W/Resources(   57): Preloaded drawable resource #0x10803ff (android:drawable/list_pressed_holo_light) that varies with configuration!!
W/Resources(   57): Preloaded drawable resource #0x10803fd (android:drawable/list_longpressed_holo_light) that varies with configuration!!
W/Resources(   57): Preloaded drawable resource #0x108041b (android:drawable/list_selector_background_transition_holo_light) that varies with configuration!!
W/Resources(   57): Preloaded drawable resource #0x10803f7 (android:drawable/list_focused_holo) that varies with configuration!!
W/Resources(   57): Preloaded drawable resource #0x10803b4 (android:drawable/item_background_holo_light) that varies with configuration!!
W/Resources(   57): Preloaded drawable resource #0x108027c (android:drawable/fastscroll_thumb_pressed_holo) that varies with configuration!!
W/Resources(   57): Preloaded drawable resource #0x108027a (android:drawable/fastscroll_thumb_default_holo) that varies with configuration!!
W/Resources(   57): Preloaded drawable resource #0x108027b (android:drawable/fastscroll_thumb_holo) that varies with configuration!!
D/dalvikvm(   57): GC_EXPLICIT freed 108K, 31% free 2845K/4104K, paused 2ms+3ms, total 64ms
W/Resources(   57): Preloaded drawable resource #0x108027c (android:drawable/fastscroll_thumb_pressed_holo) that varies with configuration!!
W/Resources(   57): Preloaded drawable resource #0x108027a (android:drawable/fastscroll_thumb_default_holo) that varies with configuration!!
D/dalvikvm(   57): GC_EXPLICIT freed 79K, 32% free 2819K/4104K, paused 2ms+3ms, total 92ms
W/Resources(   57): Preloaded drawable resource #0x1080281 (android:drawable/fastscroll_track_pressed_holo_dark) that varies with configuration!!
W/Resources(   57): Preloaded drawable resource #0x108027d (android:drawable/fastscroll_track_default_holo_dark) that varies with configuration!!
W/Resources(   57): Preloaded drawable resource #0x108027f (android:drawable/fastscroll_track_holo_dark) that varies with configuration!!
W/Resources(   57): Preloaded drawable resource #0x1080281 (android:drawable/fastscroll_track_pressed_holo_dark) that varies with configuration!!
W/Resources(   57): Preloaded drawable resource #0x108027d (android:drawable/fastscroll_track_default_holo_dark) that varies with configuration!!
W/Resources(   57): Preloaded drawable resource #0x1080276 (android:drawable/fastscroll_label_left_holo_dark) that varies with configuration!!
D/dalvikvm(   57): GC_EXPLICIT freed 8K, 30% free 2907K/4104K, paused 2ms+2ms, total 71ms
W/Resources(   57): Preloaded drawable resource #0x1080278 (android:drawable/fastscroll_label_right_holo_dark) that varies with configuration!!
D/dalvikvm(   57): GC_EXPLICIT freed 89K, 30% free 2904K/4104K, paused 3ms+2ms, total 63ms
W/Resources(   57): Preloaded drawable resource #0x1080282 (android:drawable/fastscroll_track_pressed_holo_light) that varies with configuration!!
W/Resources(   57): Preloaded drawable resource #0x108027e (android:drawable/fastscroll_track_default_holo_light) that varies with configuration!!
W/Resources(   57): Preloaded drawable resource #0x1080280 (android:drawable/fastscroll_track_holo_light) that varies with configuration!!
W/Resources(   57): Preloaded drawable resource #0x1080282 (android:drawable/fastscroll_track_pressed_holo_light) that varies with configuration!!
W/Resources(   57): Preloaded drawable resource #0x108027e (android:drawable/fastscroll_track_default_holo_light) that varies with configuration!!
W/Resources(   57): Preloaded drawable resource #0x1080277 (android:drawable/fastscroll_label_left_holo_light) that varies with configuration!!
D/dalvikvm(   57): GC_EXPLICIT freed 92K, 30% free 2908K/4104K, paused 2ms+15ms, total 86ms
W/Resources(   57): Preloaded drawable resource #0x1080279 (android:drawable/fastscroll_label_right_holo_light) that varies with configuration!!
D/dalvikvm(   57): GC_EXPLICIT freed 89K, 30% free 2905K/4104K, paused 2ms+2ms, total 63ms
W/Resources(   57): Preloaded drawable resource #0x108025b (android:drawable/editbox_dropdown_background_dark) that varies with configuration!!
W/Resources(   57): Preloaded drawable resource #0x1080662 (android:drawable/textfield_search_selected_holo_dark) that varies with configuration!!
W/Resources(   57): Preloaded drawable resource #0x1080656 (android:drawable/textfield_search_default_holo_dark) that varies with configuration!!
W/Resources(   57): Preloaded drawable resource #0x1080664 (android:drawable/textfield_searchview_holo_dark) that varies with configuration!!
W/Resources(   57): Preloaded drawable resource #0x108065f (android:drawable/textfield_search_right_selected_holo_dark) that varies with configuration!!
W/Resources(   57): Preloaded drawable resource #0x108065d (android:drawable/textfield_search_right_default_holo_dark) that varies with configuration!!
W/Resources(   57): Preloaded drawable resource #0x1080666 (android:drawable/textfield_searchview_right_holo_dark) that varies with configuration!!
W/Resources(   57): Preloaded drawable resource #0x1080663 (android:drawable/textfield_search_selected_holo_light) that varies with configuration!!
W/Resources(   57): Preloaded drawable resource #0x1080657 (android:drawable/textfield_search_default_holo_light) that varies with configuration!!
W/Resources(   57): Preloaded drawable resource #0x1080665 (android:drawable/textfield_searchview_holo_light) that varies with configuration!!
W/Resources(   57): Preloaded drawable resource #0x1080660 (android:drawable/textfield_search_right_selected_holo_light) that varies with configuration!!
W/Resources(   57): Preloaded drawable resource #0x108065e (android:drawable/textfield_search_right_default_holo_light) that varies with configuration!!
W/Resources(   57): Preloaded drawable resource #0x1080667 (android:drawable/textfield_searchview_right_holo_light) that varies with configuration!!
W/Resources(   57): Preloaded drawable resource #0x1080662 (android:drawable/textfield_search_selected_holo_dark) that varies with configuration!!
W/Resources(   57): Preloaded drawable resource #0x1080656 (android:drawable/textfield_search_default_holo_dark) that varies with configuration!!
W/Resources(   57): Preloaded drawable resource #0x108065f (android:drawable/textfield_search_right_selected_holo_dark) that varies with configuration!!
D/dalvikvm(   57): GC_EXPLICIT freed 107K, 31% free 2851K/4104K, paused 2ms+3ms, total 76ms
W/Resources(   57): Preloaded drawable resource #0x108065d (android:drawable/textfield_search_right_default_holo_dark) that varies with configuration!!
W/Resources(   57): Preloaded drawable resource #0x1080663 (android:drawable/textfield_search_selected_holo_light) that varies with configuration!!
W/Resources(   57): Preloaded drawable resource #0x1080657 (android:drawable/textfield_search_default_holo_light) that varies with configuration!!
W/Resources(   57): Preloaded drawable resource #0x1080660 (android:drawable/textfield_search_right_selected_holo_light) that varies with configuration!!
W/Resources(   57): Preloaded drawable resource #0x108065e (android:drawable/textfield_search_right_default_holo_light) that varies with configuration!!
W/Resources(   57): Preloaded drawable resource #0x108062b (android:drawable/tab_unselected_holo) that varies with configuration!!
W/Resources(   57): Preloaded drawable resource #0x1080626 (android:drawable/tab_selected_holo) that varies with configuration!!
W/Resources(   57): Preloaded drawable resource #0x108062a (android:drawable/tab_unselected_focused_holo) that varies with configuration!!
W/Resources(   57): Preloaded drawable resource #0x1080625 (android:drawable/tab_selected_focused_holo) that varies with configuration!!
W/Resources(   57): Preloaded drawable resource #0x108062c (android:drawable/tab_unselected_pressed_holo) that varies with configuration!!
W/Resources(   57): Preloaded drawable resource #0x1080627 (android:drawable/tab_selected_pressed_holo) that varies with configuration!!
W/Resources(   57): Preloaded drawable resource #0x108062c (android:drawable/tab_unselected_pressed_holo) that varies with configuration!!
W/Resources(   57): Preloaded drawable resource #0x1080627 (android:drawable/tab_selected_pressed_holo) that varies with configuration!!
W/Resources(   57): Preloaded drawable resource #0x108061a (android:drawable/tab_indicator_holo) that varies with configuration!!
W/Resources(   57): Preloaded drawable resource #0x108062b (android:drawable/tab_unselected_holo) that varies with configuration!!
W/Resources(   57): Preloaded drawable resource #0x1080626 (android:drawable/tab_selected_holo) that varies with configuration!!
W/Resources(   57): Preloaded drawable resource #0x108062a (android:drawable/tab_unselected_focused_holo) that varies with configuration!!
W/Resources(   57): Preloaded drawable resource #0x1080625 (android:drawable/tab_selected_focused_holo) that varies with configuration!!
W/Resources(   57): Preloaded drawable resource #0x108062c (android:drawable/tab_unselected_pressed_holo) that varies with configuration!!
W/Resources(   57): Preloaded drawable resource #0x1080627 (android:drawable/tab_selected_pressed_holo) that varies with configuration!!
E/memtrack(  399): Couldn't load memtrack module (No such file or directory)
E/android.os.Debug(  399): failed to load memtrack module: -2
D/dalvikvm(   57): GC_EXPLICIT freed 55K, 31% free 2871K/4104K, paused 3ms+2ms, total 76ms
I/Zygote  (   57): ...preloaded 274 resources in 13491ms.
D/dalvikvm(   57): GC_EXPLICIT freed 24K, 30% free 2900K/4104K, paused 2ms+2ms, total 66ms
I/Zygote  (   57): ...preloaded 31 resources in 151ms.
D/libEGL  (   57): loaded /system/lib/egl/libEGL_emulation.so
E/        (   57): Failed to connect to host (QemuPipeStream)!!!
E/EGL_emulation(   57): Failed to establish connection with the host
E/        (   57): Failed to connect to host (QemuPipeStream)!!!
E/EGL_emulation(   57): Failed to establish connection with the host
E/        (   57): Failed to connect to host (QemuPipeStream)!!!
E/EGL_emulation(   57): Failed to establish connection with the host
E/        (   57): Failed to connect to host (QemuPipeStream)!!!
E/EGL_emulation(   57): Failed to establish connection with the host
E/        (   57): Failed to connect to host (QemuPipeStream)!!!
E/EGL_emulation(   57): Failed to establish connection with the host
E/        (   57): Failed to connect to host (QemuPipeStream)!!!
E/EGL_emulation(   57): Failed to establish connection with the host
E/        (   57): Failed to connect to host (QemuPipeStream)!!!
E/EGL_emulation(   57): Failed to establish connection with the host
E/        (   57): Failed to connect to host (QemuPipeStream)!!!
E/EGL_emulation(   57): Failed to establish connection with the host
E/        (   57): Failed to connect to host (QemuPipeStream)!!!
E/EGL_emulation(   57): Failed to establish connection with the host
D/libEGL  (   57): loaded /system/lib/egl/libGLESv1_CM_emulation.so
E/        (   57): Failed to connect to host (QemuPipeStream)!!!
E/EGL_emulation(   57): Failed to establish connection with the host
E/        (   57): Failed to connect to host (QemuPipeStream)!!!
E/EGL_emulation(   57): Failed to establish connection with the host
E/        (   57): Failed to connect to host (QemuPipeStream)!!!
E/EGL_emulation(   57): Failed to establish connection with the host
E/        (   57): Failed to connect to host (QemuPipeStream)!!!
E/EGL_emulation(   57): Failed to establish connection with the host
E/        (   57): Failed to connect to host (QemuPipeStream)!!!
E/EGL_emulation(   57): Failed to establish connection with the host
E/        (   57): Failed to connect to host (QemuPipeStream)!!!
E/EGL_emulation(   57): Failed to establish connection with the host
E/        (   57): Failed to connect to host (QemuPipeStream)!!!
E/EGL_emulation(   57): Failed to establish connection with the host
E/        (   57): Failed to connect to host (QemuPipeStream)!!!
E/EGL_emulation(   57): Failed to establish connection with the host
E/        (   57): Failed to connect to host (QemuPipeStream)!!!
E/EGL_emulation(   57): Failed to establish connection with the host
E/        (   57): Failed to connect to host (QemuPipeStream)!!!
E/EGL_emulation(   57): Failed to establish connection with the host
E/        (   57): Failed to connect to host (QemuPipeStream)!!!
E/EGL_emulation(   57): Failed to establish connection with the host
E/        (   57): Failed to connect to host (QemuPipeStream)!!!
E/EGL_emulation(   57): Failed to establish connection with the host
E/        (   57): Failed to connect to host (QemuPipeStream)!!!
E/EGL_emulation(   57): Failed to establish connection with the host
E/        (   57): Failed to connect to host (QemuPipeStream)!!!
E/EGL_emulation(   57): Failed to establish connection with the host
E/        (   57): Failed to connect to host (QemuPipeStream)!!!
E/EGL_emulation(   57): Failed to establish connection with the host
E/        (   57): Failed to connect to host (QemuPipeStream)!!!
E/EGL_emulation(   57): Failed to establish connection with the host
E/        (   57): Failed to connect to host (QemuPipeStream)!!!
E/EGL_emulation(   57): Failed to establish connection with the host
E/        (   57): Failed to connect to host (QemuPipeStream)!!!
E/EGL_emulation(   57): Failed to establish connection with the host
E/        (   57): Failed to connect to host (QemuPipeStream)!!!
E/EGL_emulation(   57): Failed to establish connection with the host
E/        (   57): Failed to connect to host (QemuPipeStream)!!!
E/EGL_emulation(   57): Failed to establish connection with the host
E/        (   57): Failed to connect to host (QemuPipeStream)!!!
E/EGL_emulation(   57): Failed to establish connection with the host
E/        (   57): Failed to connect to host (QemuPipeStream)!!!
E/EGL_emulation(   57): Failed to establish connection with the host
E/        (   57): Failed to connect to host (QemuPipeStream)!!!
E/EGL_emulation(   57): Failed to establish connection with the host
E/        (   57): Failed to connect to host (QemuPipeStream)!!!
E/EGL_emulation(   57): Failed to establish connection with the host
E/        (   57): Failed to connect to host (QemuPipeStream)!!!
E/EGL_emulation(   57): Failed to establish connection with the host
E/        (   57): Failed to connect to host (QemuPipeStream)!!!
E/EGL_emulation(   57): Failed to establish connection with the host
E/        (   57): Failed to connect to host (QemuPipeStream)!!!
E/EGL_emulation(   57): Failed to establish connection with the host
E/        (   57): Failed to connect to host (QemuPipeStream)!!!
E/EGL_emulation(   57): Failed to establish connection with the host
E/        (   57): Failed to connect to host (QemuPipeStream)!!!
E/EGL_emulation(   57): Failed to establish connection with the host
E/        (   57): Failed to connect to host (QemuPipeStream)!!!
E/EGL_emulation(   57): Failed to establish connection with the host
E/        (   57): Failed to connect to host (QemuPipeStream)!!!
E/EGL_emulation(   57): Failed to establish connection with the host
E/        (   57): Failed to connect to host (QemuPipeStream)!!!
E/EGL_emulation(   57): Failed to establish connection with the host
E/        (   57): Failed to connect to host (QemuPipeStream)!!!
E/EGL_emulation(   57): Failed to establish connection with the host
E/        (   57): Failed to connect to host (QemuPipeStream)!!!
E/EGL_emulation(   57): Failed to establish connection with the host
E/        (   57): Failed to connect to host (QemuPipeStream)!!!
E/EGL_emulation(   57): Failed to establish connection with the host
E/        (   57): Failed to connect to host (QemuPipeStream)!!!
E/EGL_emulation(   57): Failed to establish connection with the host
E/        (   57): Failed to connect to host (QemuPipeStream)!!!
E/EGL_emulation(   57): Failed to establish connection with the host
E/        (   57): Failed to connect to host (QemuPipeStream)!!!
E/EGL_emulation(   57): Failed to establish connection with the host
E/        (   57): Failed to connect to host (QemuPipeStream)!!!
E/EGL_emulation(   57): Failed to establish connection with the host
E/        (   57): Failed to connect to host (QemuPipeStream)!!!
E/EGL_emulation(   57): Failed to establish connection with the host
E/        (   57): Failed to connect to host (QemuPipeStream)!!!
E/EGL_emulation(   57): Failed to establish connection with the host
E/        (   57): Failed to connect to host (QemuPipeStream)!!!
E/EGL_emulation(   57): Failed to establish connection with the host
E/        (   57): Failed to connect to host (QemuPipeStream)!!!
E/EGL_emulation(   57): Failed to establish connection with the host
E/        (   57): Failed to connect to host (QemuPipeStream)!!!
E/EGL_emulation(   57): Failed to establish connection with the host
E/        (   57): Failed to connect to host (QemuPipeStream)!!!
E/EGL_emulation(   57): Failed to establish connection with the host
E/        (   57): Failed to connect to host (QemuPipeStream)!!!
E/EGL_emulation(   57): Failed to establish connection with the host
E/        (   57): Failed to connect to host (QemuPipeStream)!!!
E/EGL_emulation(   57): Failed to establish connection with the host
E/        (   57): Failed to connect to host (QemuPipeStream)!!!
E/EGL_emulation(   57): Failed to establish connection with the host
E/        (   57): Failed to connect to host (QemuPipeStream)!!!
E/EGL_emulation(   57): Failed to establish connection with the host
E/        (   57): Failed to connect to host (QemuPipeStream)!!!
E/EGL_emulation(   57): Failed to establish connection with the host
E/        (   57): Failed to connect to host (QemuPipeStream)!!!
E/EGL_emulation(   57): Failed to establish connection with the host
E/        (   57): Failed to connect to host (QemuPipeStream)!!!
E/EGL_emulation(   57): Failed to establish connection with the host
E/        (   57): Failed to connect to host (QemuPipeStream)!!!
E/EGL_emulation(   57): Failed to establish connection with the host
E/        (   57): Failed to connect to host (QemuPipeStream)!!!
E/EGL_emulation(   57): Failed to establish connection with the host
E/        (   57): Failed to connect to host (QemuPipeStream)!!!
E/EGL_emulation(   57): Failed to establish connection with the host
E/        (   57): Failed to connect to host (QemuPipeStream)!!!
E/EGL_emulation(   57): Failed to establish connection with the host
E/        (   57): Failed to connect to host (QemuPipeStream)!!!
E/EGL_emulation(   57): Failed to establish connection with the host
E/        (   57): Failed to connect to host (QemuPipeStream)!!!
E/EGL_emulation(   57): Failed to establish connection with the host
E/        (   57): Failed to connect to host (QemuPipeStream)!!!
E/EGL_emulation(   57): Failed to establish connection with the host
E/        (   57): Failed to connect to host (QemuPipeStream)!!!
E/EGL_emulation(   57): Failed to establish connection with the host
E/        (   57): Failed to connect to host (QemuPipeStream)!!!
E/EGL_emulation(   57): Failed to establish connection with the host
E/        (   57): Failed to connect to host (QemuPipeStream)!!!
E/EGL_emulation(   57): Failed to establish connection with the host
E/        (   57): Failed to connect to host (QemuPipeStream)!!!
E/EGL_emulation(   57): Failed to establish connection with the host
E/        (   57): Failed to connect to host (QemuPipeStream)!!!
E/EGL_emulation(   57): Failed to establish connection with the host
E/        (   57): Failed to connect to host (QemuPipeStream)!!!
E/EGL_emulation(   57): Failed to establish connection with the host
E/        (   57): Failed to connect to host (QemuPipeStream)!!!
E/EGL_emulation(   57): Failed to establish connection with the host
E/        (   57): Failed to connect to host (QemuPipeStream)!!!
E/EGL_emulation(   57): Failed to establish connection with the host
E/        (   57): Failed to connect to host (QemuPipeStream)!!!
E/EGL_emulation(   57): Failed to establish connection with the host
E/        (   57): Failed to connect to host (QemuPipeStream)!!!
E/EGL_emulation(   57): Failed to establish connection with the host
E/        (   57): Failed to connect to host (QemuPipeStream)!!!
E/EGL_emulation(   57): Failed to establish connection with the host
E/        (   57): Failed to connect to host (QemuPipeStream)!!!
E/EGL_emulation(   57): Failed to establish connection with the host
E/        (   57): Failed to connect to host (QemuPipeStream)!!!
E/EGL_emulation(   57): Failed to establish connection with the host
E/        (   57): Failed to connect to host (QemuPipeStream)!!!
E/EGL_emulation(   57): Failed to establish connection with the host
E/        (   57): Failed to connect to host (QemuPipeStream)!!!
E/EGL_emulation(   57): Failed to establish connection with the host
E/        (   57): Failed to connect to host (QemuPipeStream)!!!
E/EGL_emulation(   57): Failed to establish connection with the host
E/        (   57): Failed to connect to host (QemuPipeStream)!!!
E/EGL_emulation(   57): Failed to establish connection with the host
E/        (   57): Failed to connect to host (QemuPipeStream)!!!
E/EGL_emulation(   57): Failed to establish connection with the host
E/        (   57): Failed to connect to host (QemuPipeStream)!!!
E/EGL_emulation(   57): Failed to establish connection with the host
E/        (   57): Failed to connect to host (QemuPipeStream)!!!
E/EGL_emulation(   57): Failed to establish connection with the host
E/        (   57): Failed to connect to host (QemuPipeStream)!!!
E/EGL_emulation(   57): Failed to establish connection with the host
E/        (   57): Failed to connect to host (QemuPipeStream)!!!
E/EGL_emulation(   57): Failed to establish connection with the host
E/        (   57): Failed to connect to host (QemuPipeStream)!!!
E/EGL_emulation(   57): Failed to establish connection with the host
E/        (   57): Failed to connect to host (QemuPipeStream)!!!
E/EGL_emulation(   57): Failed to establish connection with the host
E/        (   57): Failed to connect to host (QemuPipeStream)!!!
E/EGL_emulation(   57): Failed to establish connection with the host
E/        (   57): Failed to connect to host (QemuPipeStream)!!!
E/EGL_emulation(   57): Failed to establish connection with the host
E/        (   57): Failed to connect to host (QemuPipeStream)!!!
E/EGL_emulation(   57): Failed to establish connection with the host
E/        (   57): Failed to connect to host (QemuPipeStream)!!!
E/EGL_emulation(   57): Failed to establish connection with the host
E/        (   57): Failed to connect to host (QemuPipeStream)!!!
E/EGL_emulation(   57): Failed to establish connection with the host
E/        (   57): Failed to connect to host (QemuPipeStream)!!!
E/EGL_emulation(   57): Failed to establish connection with the host
E/        (   57): Failed to connect to host (QemuPipeStream)!!!
E/EGL_emulation(   57): Failed to establish connection with the host
E/        (   57): Failed to connect to host (QemuPipeStream)!!!
E/EGL_emulation(   57): Failed to establish connection with the host
E/        (   57): Failed to connect to host (QemuPipeStream)!!!
