I/DEBUG   (  148):     (no map for address)
I/DEBUG   (  148):     (no map above)
F/CRASH_LOGGER(22622): SIGSEGV : sample0-275921-413881.dex_repaired.dex 
W/dalvikvm(22624): WARNING: Odd length: expected 0, got 551843
F/libc    (22624): Fatal signal 11 (SIGSEGV) at 0xb7771006 (code=2), thread 22624 (dexdump)
I/DEBUG   (  148): *** *** *** *** *** *** *** *** *** *** *** *** *** *** *** ***
I/DEBUG   (  148): Build fingerprint: 'generic/vbox86p/vbox86p:4.4.4/KTU84P/eng.buildbot.20151118.000452:userdebug/test-keys'
I/DEBUG   (  148): Revision: '0'
I/DEBUG   (  148): pid: 22624, tid: 22624, name: UNKNOWN  >>> UNKNOWN <<<
I/DEBUG   (  148): signal 11 (SIGSEGV), code 2 (SEGV_ACCERR), fault addr b7771006
I/DEBUG   (  148): 
I/DEBUG   (  148): memory map around fault addr b7771006:
I/DEBUG   (  148):     (no map below)
I/DEBUG   (  148):     (no map for address)
I/DEBUG   (  148):     (no map above)
F/CRASH_LOGGER(22629): SIGSEGV : sample0-275921-413881.dex_repaired.dex_repaired.dex 
W/dalvikvm(22631): WARNING: Odd length: expected 0, got 551843
F/libc    (22631): Fatal signal 11 (SIGSEGV) at 0xb76df006 (code=2), thread 22631 (dexdump)
I/DEBUG   (  148): *** *** *** *** *** *** *** *** *** *** *** *** *** *** *** ***
I/DEBUG   (  148): Build fingerprint: 'generic/vbox86p/vbox86p:4.4.4/KTU84P/eng.buildbot.20151118.000452:userdebug/test-keys'
I/DEBUG   (  148): Revision: '0'
I/DEBUG   (  148): pid: 22631, tid: 22631, name: UNKNOWN  >>> UNKNOWN <<<
I/DEBUG   (  148): signal 11 (SIGSEGV), code 2 (SEGV_ACCERR), fault addr b76df006
I/DEBUG   (  148): 
I/DEBUG   (  148): memory map around fault addr b76df006:
I/DEBUG   (  148):     (no map below)
I/DEBUG   (  148):     (no map for address)
I/DEBUG   (  148):     (no map above)
F/CRASH_LOGGER(22637): SIGSEGV : sample0-275921-413881.dex_repaired.dex_repaired.dex_repaired.dex 
W/dalvikvm(22639): WARNING: Odd length: expected 0, got 551843
F/libc    (22639): Fatal signal 11 (SIGSEGV) at 0xb7752006 (code=2), thread 22639 (dexdump)
I/DEBUG   (  148): *** *** *** *** *** *** *** *** *** *** *** *** *** *** *** ***
I/DEBUG   (  148): Build fingerprint: 'generic/vbox86p/vbox86p:4.4.4/KTU84P/eng.buildbot.20151118.000452:userdebug/test-keys'
I/DEBUG   (  148): Revision: '0'
I/DEBUG   (  148): pid: 22639, tid: 22639, name: UNKNOWN  >>> UNKNOWN <<<
I/DEBUG   (  148): signal 11 (SIGSEGV), code 2 (SEGV_ACCERR), fault addr b7752006
I/DEBUG   (  148): 
I/DEBUG   (  148): memory map around fault addr b7752006:
I/DEBUG   (  148):     (no map below)
I/DEBUG   (  148):     (no map for address)
I/DEBUG   (  148):     (no map above)
F/CRASH_LOGGER(22644): SIGSEGV : sample0-275921-413881.dex_repaired.dex_repaired.dex_repaired.dex_repaired.dex 
W/dalvikvm(22646): WARNING: Odd length: expected 0, got 551843
F/libc    (22646): Fatal signal 11 (SIGSEGV) at 0xb76be006 (code=2), thread 22646 (dexdump)
I/DEBUG   (  148): *** *** *** *** *** *** *** *** *** *** *** *** *** *** *** ***
I/DEBUG   (  148): Build fingerprint: 'generic/vbox86p/vbox86p:4.4.4/KTU84P/eng.buildbot.20151118.000452:userdebug/test-keys'
I/DEBUG   (  148): Revision: '0'
I/DEBUG   (  148): pid: 22646, tid: 22646, name: UNKNOWN  >>> UNKNOWN <<<
I/DEBUG   (  148): signal 11 (SIGSEGV), code 2 (SEGV_ACCERR), fault addr b76be006
I/DEBUG   (  148): 
I/DEBUG   (  148): memory map around fault addr b76be006:
I/DEBUG   (  148):     (no map below)
I/DEBUG   (  148):     (no map for address)
I/DEBUG   (  148):     (no map above)
F/CRASH_LOGGER(22651): SIGSEGV : sample0-413881-551843.dex 
W/dalvikvm(22653): WARNING: Odd length: expected 0, got 551843
F/libc    (22653): Fatal signal 11 (SIGSEGV) at 0xb770d006 (code=2), thread 22653 (dexdump)
I/DEBUG   (  148): *** *** *** *** *** *** *** *** *** *** *** *** *** *** *** ***
I/DEBUG   (  148): Build fingerprint: 'generic/vbox86p/vbox86p:4.4.4/KTU84P/eng.buildbot.20151118.000452:userdebug/test-keys'
I/DEBUG   (  148): Revision: '0'
I/DEBUG   (  148): pid: 22653, tid: 22653, name: UNKNOWN  >>> UNKNOWN <<<
I/DEBUG   (  148): signal 11 (SIGSEGV), code 2 (SEGV_ACCERR), fault addr b770d006
I/DEBUG   (  148): 
I/DEBUG   (  148): memory map around fault addr b770d006:
I/DEBUG   (  148):     (no map below)
I/DEBUG   (  148):     (no map for address)
I/DEBUG   (  148):     (no map above)
F/CRASH_LOGGER(22658): SIGSEGV : sample0-413881-551843.dex_repaired.dex 
W/dalvikvm(22660): WARNING: Odd length: expected 0, got 551843
F/libc    (22660): Fatal signal 11 (SIGSEGV) at 0xb76ab006 (code=2), thread 22660 (dexdump)
I/DEBUG   (  148): *** *** *** *** *** *** *** *** *** *** *** *** *** *** *** ***
I/DEBUG   (  148): Build fingerprint: 'generic/vbox86p/vbox86p:4.4.4/KTU84P/eng.buildbot.20151118.000452:userdebug/test-keys'
I/DEBUG   (  148): Revision: '0'
I/DEBUG   (  148): pid: 22660, tid: 22660, name: UNKNOWN  >>> UNKNOWN <<<
I/DEBUG   (  148): signal 11 (SIGSEGV), code 2 (SEGV_ACCERR), fault addr b76ab006
I/DEBUG   (  148): 
I/DEBUG   (  148): memory map around fault addr b76ab006:
I/DEBUG   (  148):     (no map below)
I/DEBUG   (  148):     (no map for address)
I/DEBUG   (  148):     (no map above)
F/CRASH_LOGGER(22665): SIGSEGV : sample0-413881-551843.dex_repaired.dex_repaired.dex 
W/dalvikvm(22667): WARNING: Odd length: expected 0, got 551843
F/libc    (22667): Fatal signal 11 (SIGSEGV) at 0xb7734006 (code=2), thread 22667 (dexdump)
I/DEBUG   (  148): *** *** *** *** *** *** *** *** *** *** *** *** *** *** *** ***
I/DEBUG   (  148): Build fingerprint: 'generic/vbox86p/vbox86p:4.4.4/KTU84P/eng.buildbot.20151118.000452:userdebug/test-keys'
I/DEBUG   (  148): Revision: '0'
I/DEBUG   (  148): pid: 22667, tid: 22667, name: UNKNOWN  >>> UNKNOWN <<<
I/DEBUG   (  148): signal 11 (SIGSEGV), code 2 (SEGV_ACCERR), fault addr b7734006
I/DEBUG   (  148): 
I/DEBUG   (  148): memory map around fault addr b7734006:
I/DEBUG   (  148):     (no map below)
I/DEBUG   (  148):     (no map for address)
I/DEBUG   (  148):     (no map above)
F/CRASH_LOGGER(22672): SIGSEGV : sample0-413881-551843.dex_repaired.dex_repaired.dex_repaired.dex 
W/dalvikvm(22674): WARNING: Odd length: expected 0, got 551843
F/libc    (22674): Fatal signal 11 (SIGSEGV) at 0xb76b8006 (code=2), thread 22674 (dexdump)
I/DEBUG   (  148): *** *** *** *** *** *** *** *** *** *** *** *** *** *** *** ***
I/DEBUG   (  148): Build fingerprint: 'generic/vbox86p/vbox86p:4.4.4/KTU84P/eng.buildbot.20151118.000452:userdebug/test-keys'
I/DEBUG   (  148): Revision: '0'
I/DEBUG   (  148): pid: 22674, tid: 22674, name: UNKNOWN  >>> UNKNOWN <<<
I/DEBUG   (  148): signal 11 (SIGSEGV), code 2 (SEGV_ACCERR), fault addr b76b8006
I/DEBUG   (  148): 
I/DEBUG   (  148): memory map around fault addr b76b8006:
I/DEBUG   (  148):     (no map below)
I/DEBUG   (  148):     (no map for address)
I/DEBUG   (  148):     (no map above)
F/CRASH_LOGGER(22679): SIGSEGV : sample0-413881-551843.dex_repaired.dex_repaired.dex_repaired.dex_repaired.dex 
W/dalvikvm(22681): WARNING: Odd length: expected 0, got 551843
F/libc    (22681): Fatal signal 11 (SIGSEGV) at 0xb76e0006 (code=2), thread 22681 (dexdump)
I/DEBUG   (  148): *** *** *** *** *** *** *** *** *** *** *** *** *** *** *** ***
I/DEBUG   (  148): Build fingerprint: 'generic/vbox86p/vbox86p:4.4.4/KTU84P/eng.buildbot.20151118.000452:userdebug/test-keys'
I/DEBUG   (  148): Revision: '0'
I/DEBUG   (  148): pid: 22681, tid: 22681, name: UNKNOWN  >>> UNKNOWN <<<
I/DEBUG   (  148): signal 11 (SIGSEGV), code 2 (SEGV_ACCERR), fault addr b76e0006
I/DEBUG   (  148): 
I/DEBUG   (  148): memory map around fault addr b76e0006:
I/DEBUG   (  148):     (no map below)
I/DEBUG   (  148):     (no map for address)
I/DEBUG   (  148):     (no map above)
F/CRASH_LOGGER(22686): SIGSEGV : sample1-0-137960.dex 
E/dalvikvm(22688): ERROR: Bad magic number (0xe0 ad 75 28)
F/CRASH_LOGGER(22693): SIGSEGV : sample1-137960-275921.dex 
W/dalvikvm(22695): WARNING: Odd length: expected 0, got 551843
F/libc    (22695): Fatal signal 11 (SIGSEGV) at 0xb76b6006 (code=2), thread 22695 (dexdump)
I/DEBUG   (  148): *** *** *** *** *** *** *** *** *** *** *** *** *** *** *** ***
I/DEBUG   (  148): Build fingerprint: 'generic/vbox86p/vbox86p:4.4.4/KTU84P/eng.buildbot.20151118.000452:userdebug/test-keys'
I/DEBUG   (  148): Revision: '0'
I/DEBUG   (  148): pid: 22695, tid: 22695, name: UNKNOWN  >>> UNKNOWN <<<
I/DEBUG   (  148): signal 11 (SIGSEGV), code 2 (SEGV_ACCERR), fault addr b76b6006
I/DEBUG   (  148): 
I/DEBUG   (  148): memory map around fault addr b76b6006:
I/DEBUG   (  148):     (no map below)
I/DEBUG   (  148):     (no map for address)
I/DEBUG   (  148):     (no map above)
F/CRASH_LOGGER(22700): SIGSEGV : sample1-137960-275921.dex_repaired.dex 
W/dalvikvm(22702): WARNING: Odd length: expected 0, got 551843
F/libc    (22702): Fatal signal 11 (SIGSEGV) at 0xb76a2006 (code=2), thread 22702 (dexdump)
I/DEBUG   (  148): *** *** *** *** *** *** *** *** *** *** *** *** *** *** *** ***
I/DEBUG   (  148): Build fingerprint: 'generic/vbox86p/vbox86p:4.4.4/KTU84P/eng.buildbot.20151118.000452:userdebug/test-keys'
I/DEBUG   (  148): Revision: '0'
I/DEBUG   (  148): pid: 22702, tid: 22702, name: UNKNOWN  >>> UNKNOWN <<<
I/DEBUG   (  148): signal 11 (SIGSEGV), code 2 (SEGV_ACCERR), fault addr b76a2006
I/DEBUG   (  148): 
I/DEBUG   (  148): memory map around fault addr b76a2006:
I/DEBUG   (  148):     (no map below)
I/DEBUG   (  148):     (no map for address)
I/DEBUG   (  148):     (no map above)
F/CRASH_LOGGER(22707): SIGSEGV : sample1-137960-275921.dex_repaired.dex_repaired.dex 
W/dalvikvm(22709): WARNING: Odd length: expected 0, got 551843
F/libc    (22709): Fatal signal 11 (SIGSEGV) at 0xb76f9006 (code=2), thread 22709 (dexdump)
I/DEBUG   (  148): *** *** *** *** *** *** *** *** *** *** *** *** *** *** *** ***
I/DEBUG   (  148): Build fingerprint: 'generic/vbox86p/vbox86p:4.4.4/KTU84P/eng.buildbot.20151118.000452:userdebug/test-keys'
I/DEBUG   (  148): Revision: '0'
I/DEBUG   (  148): pid: 22709, tid: 22709, name: UNKNOWN  >>> UNKNOWN <<<
I/DEBUG   (  148): signal 11 (SIGSEGV), code 2 (SEGV_ACCERR), fault addr b76f9006
I/DEBUG   (  148): 
I/DEBUG   (  148): memory map around fault addr b76f9006:
I/DEBUG   (  148):     (no map below)
I/DEBUG   (  148):     (no map for address)
I/DEBUG   (  148):     (no map above)
F/CRASH_LOGGER(22714): SIGSEGV : sample1-137960-275921.dex_repaired.dex_repaired.dex_repaired.dex 
W/dalvikvm(22716): WARNING: Odd length: expected 0, got 551843
F/libc    (22716): Fatal signal 11 (SIGSEGV) at 0xb7759006 (code=2), thread 22716 (dexdump)
I/DEBUG   (  148): *** *** *** *** *** *** *** *** *** *** *** *** *** *** *** ***
I/DEBUG   (  148): Build fingerprint: 'generic/vbox86p/vbox86p:4.4.4/KTU84P/eng.buildbot.20151118.000452:userdebug/test-keys'
I/DEBUG   (  148): Revision: '0'
I/DEBUG   (  148): pid: 22716, tid: 22716, name: UNKNOWN  >>> UNKNOWN <<<
I/DEBUG   (  148): signal 11 (SIGSEGV), code 2 (SEGV_ACCERR), fault addr b7759006
I/DEBUG   (  148): 
I/DEBUG   (  148): memory map around fault addr b7759006:
I/DEBUG   (  148):     (no map below)
I/DEBUG   (  148):     (no map for address)
I/DEBUG   (  148):     (no map above)
F/CRASH_LOGGER(22721): SIGSEGV : sample1-137960-275921.dex_repaired.dex_repaired.dex_repaired.dex_repaired.dex 
W/dalvikvm(22723): WARNING: Odd length: expected 0, got 551843
F/libc    (22723): Fatal signal 11 (SIGSEGV) at 0xb7709006 (code=2), thread 22723 (dexdump)
I/DEBUG   (  148): *** *** *** *** *** *** *** *** *** *** *** *** *** *** *** ***
I/DEBUG   (  148): Build fingerprint: 'generic/vbox86p/vbox86p:4.4.4/KTU84P/eng.buildbot.20151118.000452:userdebug/test-keys'
I/DEBUG   (  148): Revision: '0'
I/DEBUG   (  148): pid: 22723, tid: 22723, name: UNKNOWN  >>> UNKNOWN <<<
I/DEBUG   (  148): signal 11 (SIGSEGV), code 2 (SEGV_ACCERR), fault addr b7709006
I/DEBUG   (  148): 
I/DEBUG   (  148): memory map around fault addr b7709006:
I/DEBUG   (  148):     (no map below)
I/DEBUG   (  148):     (no map for address)
I/DEBUG   (  148):     (no map above)
F/CRASH_LOGGER(22728): SIGSEGV : sample1-275921-413881.dex 
W/dalvikvm(22730): WARNING: Odd length: expected 0, got 551843
F/libc    (22730): Fatal signal 11 (SIGSEGV) at 0xb770c006 (code=2), thread 22730 (dexdump)
I/DEBUG   (  148): *** *** *** *** *** *** *** *** *** *** *** *** *** *** *** ***
I/DEBUG   (  148): Build fingerprint: 'generic/vbox86p/vbox86p:4.4.4/KTU84P/eng.buildbot.20151118.000452:userdebug/test-keys'
I/DEBUG   (  148): Revision: '0'
I/DEBUG   (  148): pid: 22730, tid: 22730, name: UNKNOWN  >>> UNKNOWN <<<
I/DEBUG   (  148): signal 11 (SIGSEGV), code 2 (SEGV_ACCERR), fault addr b770c006
I/DEBUG   (  148): 
I/DEBUG   (  148): memory map around fault addr b770c006:
I/DEBUG   (  148):     (no map below)
I/DEBUG   (  148):     (no map for address)
I/DEBUG   (  148):     (no map above)
F/CRASH_LOGGER(22735): SIGSEGV : sample1-275921-413881.dex_repaired.dex 
W/dalvikvm(22737): WARNING: Odd length: expected 0, got 551843
F/libc    (22737): Fatal signal 11 (SIGSEGV) at 0xb777b006 (code=2), thread 22737 (dexdump)
I/DEBUG   (  148): *** *** *** *** *** *** *** *** *** *** *** *** *** *** *** ***
I/DEBUG   (  148): Build fingerprint: 'generic/vbox86p/vbox86p:4.4.4/KTU84P/eng.buildbot.20151118.000452:userdebug/test-keys'
I/DEBUG   (  148): Revision: '0'
I/DEBUG   (  148): pid: 22737, tid: 22737, name: UNKNOWN  >>> UNKNOWN <<<
I/DEBUG   (  148): signal 11 (SIGSEGV), code 2 (SEGV_ACCERR), fault addr b777b006
I/DEBUG   (  148): 
I/DEBUG   (  148): memory map around fault addr b777b006:
I/DEBUG   (  148):     (no map below)
I/DEBUG   (  148):     (no map for address)
I/DEBUG   (  148):     (no map above)
F/CRASH_LOGGER(22742): SIGSEGV : sample1-275921-413881.dex_repaired.dex_repaired.dex 
W/dalvikvm(22744): WARNING: Odd length: expected 0, got 551843
F/libc    (22744): Fatal signal 11 (SIGSEGV) at 0xb772a006 (code=2), thread 22744 (dexdump)
I/DEBUG   (  148): *** *** *** *** *** *** *** *** *** *** *** *** *** *** *** ***
I/DEBUG   (  148): Build fingerprint: 'generic/vbox86p/vbox86p:4.4.4/KTU84P/eng.buildbot.20151118.000452:userdebug/test-keys'
I/DEBUG   (  148): Revision: '0'
I/DEBUG   (  148): pid: 22744, tid: 22744, name: UNKNOWN  >>> UNKNOWN <<<
I/DEBUG   (  148): signal 11 (SIGSEGV), code 2 (SEGV_ACCERR), fault addr b772a006
I/DEBUG   (  148): 
I/DEBUG   (  148): memory map around fault addr b772a006:
I/DEBUG   (  148):     (no map below)
I/DEBUG   (  148):     (no map for address)
I/DEBUG   (  148):     (no map above)
F/CRASH_LOGGER(22749): SIGSEGV : sample1-275921-413881.dex_repaired.dex_repaired.dex_repaired.dex 
W/dalvikvm(22751): WARNING: Odd length: expected 0, got 551843
F/libc    (22751): Fatal signal 11 (SIGSEGV) at 0xb76b0006 (code=2), thread 22751 (dexdump)
I/DEBUG   (  148): *** *** *** *** *** *** *** *** *** *** *** *** *** *** *** ***
I/DEBUG   (  148): Build fingerprint: 'generic/vbox86p/vbox86p:4.4.4/KTU84P/eng.buildbot.20151118.000452:userdebug/test-keys'
I/DEBUG   (  148): Revision: '0'
I/DEBUG   (  148): pid: 22751, tid: 22751, name: UNKNOWN  >>> UNKNOWN <<<
I/DEBUG   (  148): signal 11 (SIGSEGV), code 2 (SEGV_ACCERR), fault addr b76b0006
I/DEBUG   (  148): 
I/DEBUG   (  148): memory map around fault addr b76b0006:
I/DEBUG   (  148):     (no map below)
I/DEBUG   (  148):     (no map for address)
I/DEBUG   (  148):     (no map above)
F/CRASH_LOGGER(22756): SIGSEGV : sample1-275921-413881.dex_repaired.dex_repaired.dex_repaired.dex_repaired.dex 
W/dalvikvm(22758): WARNING: Odd length: expected 0, got 551843
F/libc    (22758): Fatal signal 11 (SIGSEGV) at 0xb7788006 (code=2), thread 22758 (dexdump)
I/DEBUG   (  148): *** *** *** *** *** *** *** *** *** *** *** *** *** *** *** ***
I/DEBUG   (  148): Build fingerprint: 'generic/vbox86p/vbox86p:4.4.4/KTU84P/eng.buildbot.20151118.000452:userdebug/test-keys'
I/DEBUG   (  148): Revision: '0'
I/DEBUG   (  148): pid: 22758, tid: 22758, name: UNKNOWN  >>> UNKNOWN <<<
I/DEBUG   (  148): signal 11 (SIGSEGV), code 2 (SEGV_ACCERR), fault addr b7788006
I/DEBUG   (  148): 
I/DEBUG   (  148): memory map around fault addr b7788006:
I/DEBUG   (  148):     (no map below)
I/DEBUG   (  148):     (no map for address)
I/DEBUG   (  148):     (no map above)
F/CRASH_LOGGER(22763): SIGSEGV : sample1-413881-551843.dex 
W/dalvikvm(22765): WARNING: Odd length: expected 0, got 551843
F/libc    (22765): Fatal signal 11 (SIGSEGV) at 0xb7776006 (code=2), thread 22765 (dexdump)
I/DEBUG   (  148): *** *** *** *** *** *** *** *** *** *** *** *** *** *** *** ***
I/DEBUG   (  148): Build fingerprint: 'generic/vbox86p/vbox86p:4.4.4/KTU84P/eng.buildbot.20151118.000452:userdebug/test-keys'
I/DEBUG   (  148): Revision: '0'
I/DEBUG   (  148): pid: 22765, tid: 22765, name: UNKNOWN  >>> UNKNOWN <<<
I/DEBUG   (  148): signal 11 (SIGSEGV), code 2 (SEGV_ACCERR), fault addr b7776006
I/DEBUG   (  148): 
I/DEBUG   (  148): memory map around fault addr b7776006:
I/DEBUG   (  148):     (no map below)
I/DEBUG   (  148):     (no map for address)
I/DEBUG   (  148):     (no map above)
F/CRASH_LOGGER(22770): SIGSEGV : sample1-413881-551843.dex_repaired.dex 
W/dalvikvm(22772): WARNING: Odd length: expected 0, got 551843
F/libc    (22772): Fatal signal 11 (SIGSEGV) at 0xb7779006 (code=2), thread 22772 (dexdump)
I/DEBUG   (  148): *** *** *** *** *** *** *** *** *** *** *** *** *** *** *** ***
I/DEBUG   (  148): Build fingerprint: 'generic/vbox86p/vbox86p:4.4.4/KTU84P/eng.buildbot.20151118.000452:userdebug/test-keys'
I/DEBUG   (  148): Revision: '0'
I/DEBUG   (  148): pid: 22772, tid: 22772, name: UNKNOWN  >>> UNKNOWN <<<
I/DEBUG   (  148): signal 11 (SIGSEGV), code 2 (SEGV_ACCERR), fault addr b7779006
I/DEBUG   (  148): 
I/DEBUG   (  148): memory map around fault addr b7779006:
I/DEBUG   (  148):     (no map below)
I/DEBUG   (  148):     (no map for address)
I/DEBUG   (  148):     (no map above)
E/HttpOperation( 1937): [getmobileexperiments] Unexpected exception
E/HttpOperation( 1937): org.chromium.net.UrlRequestException: Exception in CronetUrlRequest: net::ERR_CONNECTION_TIMED_OUT
E/HttpOperation( 1937): 	at org.chromium.net.CronetUrlRequest.onError(PG:668)
E/HttpOperation( 1937): 	at dalvik.system.NativeStart.run(Native Method)
E/ExperimentLoader( 1937): [getmobileexperiments] failed due to exception: org.chromium.net.UrlRequestException: Exception in CronetUrlRequest: net::ERR_CONNECTION_TIMED_OUT
E/ExperimentLoader( 1937): org.chromium.net.UrlRequestException: Exception in CronetUrlRequest: net::ERR_CONNECTION_TIMED_OUT
E/ExperimentLoader( 1937): 	at org.chromium.net.CronetUrlRequest.onError(PG:668)
E/ExperimentLoader( 1937): 	at dalvik.system.NativeStart.run(Native Method)
D/dalvikvm(  748): GC_CONCURRENT freed 836K, 17% free 5422K/6460K, paused 1ms+2ms, total 7ms
D/dalvikvm(  748): WAIT_FOR_CONCURRENT_GC blocked 4ms
F/CRASH_LOGGER(22780): SIGSEGV : sample1-413881-551843.dex_repaired.dex_repaired.dex 
W/dalvikvm(22782): WARNING: Odd length: expected 0, got 551843
F/libc    (22782): Fatal signal 11 (SIGSEGV) at 0xb76c3006 (code=2), thread 22782 (dexdump)
I/DEBUG   (  148): *** *** *** *** *** *** *** *** *** *** *** *** *** *** *** ***
I/DEBUG   (  148): Build fingerprint: 'generic/vbox86p/vbox86p:4.4.4/KTU84P/eng.buildbot.20151118.000452:userdebug/test-keys'
I/DEBUG   (  148): Revision: '0'
I/DEBUG   (  148): pid: 22782, tid: 22782, name: UNKNOWN  >>> UNKNOWN <<<
I/DEBUG   (  148): signal 11 (SIGSEGV), code 2 (SEGV_ACCERR), fault addr b76c3006
I/DEBUG   (  148): 
I/DEBUG   (  148): memory map around fault addr b76c3006:
I/DEBUG   (  148):     (no map below)
I/DEBUG   (  148):     (no map for address)
I/DEBUG   (  148):     (no map above)
F/CRASH_LOGGER(22787): SIGSEGV : sample1-413881-551843.dex_repaired.dex_repaired.dex_repaired.dex 
W/dalvikvm(22789): WARNING: Odd length: expected 0, got 551843
F/libc    (22789): Fatal signal 11 (SIGSEGV) at 0xb776c006 (code=2), thread 22789 (dexdump)
I/DEBUG   (  148): *** *** *** *** *** *** *** *** *** *** *** *** *** *** *** ***
I/DEBUG   (  148): Build fingerprint: 'generic/vbox86p/vbox86p:4.4.4/KTU84P/eng.buildbot.20151118.000452:userdebug/test-keys'
I/DEBUG   (  148): Revision: '0'
I/DEBUG   (  148): pid: 22789, tid: 22789, name: UNKNOWN  >>> UNKNOWN <<<
I/DEBUG   (  148): signal 11 (SIGSEGV), code 2 (SEGV_ACCERR), fault addr b776c006
I/DEBUG   (  148): 
I/DEBUG   (  148): memory map around fault addr b776c006:
I/DEBUG   (  148):     (no map below)
I/DEBUG   (  148):     (no map for address)
I/DEBUG   (  148):     (no map above)
F/CRASH_LOGGER(22794): SIGSEGV : sample1-413881-551843.dex_repaired.dex_repaired.dex_repaired.dex_repaired.dex 
W/dalvikvm(22796): WARNING: Odd length: expected 0, got 551843
F/libc    (22796): Fatal signal 11 (SIGSEGV) at 0xb7699006 (code=2), thread 22796 (dexdump)
I/DEBUG   (  148): *** *** *** *** *** *** *** *** *** *** *** *** *** *** *** ***
I/DEBUG   (  148): Build fingerprint: 'generic/vbox86p/vbox86p:4.4.4/KTU84P/eng.buildbot.20151118.000452:userdebug/test-keys'
I/DEBUG   (  148): Revision: '0'
I/DEBUG   (  148): pid: 22796, tid: 22796, name: UNKNOWN  >>> UNKNOWN <<<
I/DEBUG   (  148): signal 11 (SIGSEGV), code 2 (SEGV_ACCERR), fault addr b7699006
I/DEBUG   (  148): 
I/DEBUG   (  148): memory map around fault addr b7699006:
I/DEBUG   (  148):     (no map below)
I/DEBUG   (  148):     (no map for address)
I/DEBUG   (  148):     (no map above)
F/CRASH_LOGGER(22801): SIGSEGV : sample2-0-137960.dex 
E/dalvikvm(22803): ERROR: Bad magic number (0xe0 ad 75 28)
F/CRASH_LOGGER(22808): SIGSEGV : sample2-137960-275921.dex 
W/dalvikvm(22810): WARNING: Odd length: expected 0, got 551843
F/libc    (22810): Fatal signal 11 (SIGSEGV) at 0xb7732006 (code=2), thread 22810 (dexdump)
I/DEBUG   (  148): *** *** *** *** *** *** *** *** *** *** *** *** *** *** *** ***
I/DEBUG   (  148): Build fingerprint: 'generic/vbox86p/vbox86p:4.4.4/KTU84P/eng.buildbot.20151118.000452:userdebug/test-keys'
I/DEBUG   (  148): Revision: '0'
I/DEBUG   (  148): pid: 22810, tid: 22810, name: UNKNOWN  >>> UNKNOWN <<<
I/DEBUG   (  148): signal 11 (SIGSEGV), code 2 (SEGV_ACCERR), fault addr b7732006
I/DEBUG   (  148): 
I/DEBUG   (  148): memory map around fault addr b7732006:
I/DEBUG   (  148):     (no map below)
I/DEBUG   (  148):     (no map for address)
I/DEBUG   (  148):     (no map above)
F/CRASH_LOGGER(22815): SIGSEGV : sample2-137960-275921.dex_repaired.dex 
W/dalvikvm(22817): WARNING: Odd length: expected 0, got 551843
F/libc    (22817): Fatal signal 11 (SIGSEGV) at 0xb76e1006 (code=2), thread 22817 (dexdump)
I/DEBUG   (  148): *** *** *** *** *** *** *** *** *** *** *** *** *** *** *** ***
I/DEBUG   (  148): Build fingerprint: 'generic/vbox86p/vbox86p:4.4.4/KTU84P/eng.buildbot.20151118.000452:userdebug/test-keys'
I/DEBUG   (  148): Revision: '0'
I/DEBUG   (  148): pid: 22817, tid: 22817, name: UNKNOWN  >>> UNKNOWN <<<
I/DEBUG   (  148): signal 11 (SIGSEGV), code 2 (SEGV_ACCERR), fault addr b76e1006
I/DEBUG   (  148): 
I/DEBUG   (  148): memory map around fault addr b76e1006:
I/DEBUG   (  148):     (no map below)
I/DEBUG   (  148):     (no map for address)
I/DEBUG   (  148):     (no map above)
F/CRASH_LOGGER(22822): SIGSEGV : sample2-137960-275921.dex_repaired.dex_repaired.dex 
W/dalvikvm(22824): WARNING: Odd length: expected 0, got 551843
F/libc    (22824): Fatal signal 11 (SIGSEGV) at 0xb774a006 (code=2), thread 22824 (dexdump)
I/DEBUG   (  148): *** *** *** *** *** *** *** *** *** *** *** *** *** *** *** ***
I/DEBUG   (  148): Build fingerprint: 'generic/vbox86p/vbox86p:4.4.4/KTU84P/eng.buildbot.20151118.000452:userdebug/test-keys'
I/DEBUG   (  148): Revision: '0'
I/DEBUG   (  148): pid: 22824, tid: 22824, name: UNKNOWN  >>> UNKNOWN <<<
I/DEBUG   (  148): signal 11 (SIGSEGV), code 2 (SEGV_ACCERR), fault addr b774a006
I/DEBUG   (  148): 
I/DEBUG   (  148): memory map around fault addr b774a006:
I/DEBUG   (  148):     (no map below)
I/DEBUG   (  148):     (no map for address)
I/DEBUG   (  148):     (no map above)
F/CRASH_LOGGER(22829): SIGSEGV : sample2-137960-275921.dex_repaired.dex_repaired.dex_repaired.dex 
W/dalvikvm(22831): WARNING: Odd length: expected 0, got 551843
F/libc    (22831): Fatal signal 11 (SIGSEGV) at 0xb76ae006 (code=2), thread 22831 (dexdump)
I/DEBUG   (  148): *** *** *** *** *** *** *** *** *** *** *** *** *** *** *** ***
I/DEBUG   (  148): Build fingerprint: 'generic/vbox86p/vbox86p:4.4.4/KTU84P/eng.buildbot.20151118.000452:userdebug/test-keys'
I/DEBUG   (  148): Revision: '0'
I/DEBUG   (  148): pid: 22831, tid: 22831, name: UNKNOWN  >>> UNKNOWN <<<
I/DEBUG   (  148): signal 11 (SIGSEGV), code 2 (SEGV_ACCERR), fault addr b76ae006
I/DEBUG   (  148): 
I/DEBUG   (  148): memory map around fault addr b76ae006:
I/DEBUG   (  148):     (no map below)
I/DEBUG   (  148):     (no map for address)
I/DEBUG   (  148):     (no map above)
F/CRASH_LOGGER(22836): SIGSEGV : sample2-137960-275921.dex_repaired.dex_repaired.dex_repaired.dex_repaired.dex 
W/dalvikvm(22838): WARNING: Odd length: expected 0, got 551843
F/libc    (22838): Fatal signal 11 (SIGSEGV) at 0xb775f006 (code=2), thread 22838 (dexdump)
I/DEBUG   (  148): *** *** *** *** *** *** *** *** *** *** *** *** *** *** *** ***
I/DEBUG   (  148): Build fingerprint: 'generic/vbox86p/vbox86p:4.4.4/KTU84P/eng.buildbot.20151118.000452:userdebug/test-keys'
I/DEBUG   (  148): Revision: '0'
I/DEBUG   (  148): pid: 22838, tid: 22838, name: UNKNOWN  >>> UNKNOWN <<<
I/DEBUG   (  148): signal 11 (SIGSEGV), code 2 (SEGV_ACCERR), fault addr b775f006
I/DEBUG   (  148): 
I/DEBUG   (  148): memory map around fault addr b775f006:
I/DEBUG   (  148):     (no map below)
I/DEBUG   (  148):     (no map for address)
I/DEBUG   (  148):     (no map above)
F/CRASH_LOGGER(22843): SIGSEGV : sample2-275921-413881.dex 
W/dalvikvm(22845): WARNING: Odd length: expected 0, got 551843
F/libc    (22845): Fatal signal 11 (SIGSEGV) at 0xb76e6006 (code=2), thread 22845 (dexdump)
I/DEBUG   (  148): *** *** *** *** *** *** *** *** *** *** *** *** *** *** *** ***
I/DEBUG   (  148): Build fingerprint: 'generic/vbox86p/vbox86p:4.4.4/KTU84P/eng.buildbot.20151118.000452:userdebug/test-keys'
I/DEBUG   (  148): Revision: '0'
I/DEBUG   (  148): pid: 22845, tid: 22845, name: UNKNOWN  >>> UNKNOWN <<<
I/DEBUG   (  148): signal 11 (SIGSEGV), code 2 (SEGV_ACCERR), fault addr b76e6006
I/DEBUG   (  148): 
I/DEBUG   (  148): memory map around fault addr b76e6006:
I/DEBUG   (  148):     (no map below)
I/DEBUG   (  148):     (no map for address)
I/DEBUG   (  148):     (no map above)
F/CRASH_LOGGER(22850): SIGSEGV : sample2-275921-413881.dex_repaired.dex 
W/dalvikvm(22852): WARNING: Odd length: expected 0, got 551843
F/libc    (22852): Fatal signal 11 (SIGSEGV) at 0xb773d006 (code=2), thread 22852 (dexdump)
I/DEBUG   (  148): *** *** *** *** *** *** *** *** *** *** *** *** *** *** *** ***
I/DEBUG   (  148): Build fingerprint: 'generic/vbox86p/vbox86p:4.4.4/KTU84P/eng.buildbot.20151118.000452:userdebug/test-keys'
I/DEBUG   (  148): Revision: '0'
I/DEBUG   (  148): pid: 22852, tid: 22852, name: UNKNOWN  >>> UNKNOWN <<<
I/DEBUG   (  148): signal 11 (SIGSEGV), code 2 (SEGV_ACCERR), fault addr b773d006
I/DEBUG   (  148): 
I/DEBUG   (  148): memory map around fault addr b773d006:
I/DEBUG   (  148):     (no map below)
I/DEBUG   (  148):     (no map for address)
I/DEBUG   (  148):     (no map above)
F/CRASH_LOGGER(22857): SIGSEGV : sample2-275921-413881.dex_repaired.dex_repaired.dex 
W/dalvikvm(22859): WARNING: Odd length: expected 0, got 551843
F/libc    (22859): Fatal signal 11 (SIGSEGV) at 0xb774d006 (code=2), thread 22859 (dexdump)
I/DEBUG   (  148): *** *** *** *** *** *** *** *** *** *** *** *** *** *** *** ***
I/DEBUG   (  148): Build fingerprint: 'generic/vbox86p/vbox86p:4.4.4/KTU84P/eng.buildbot.20151118.000452:userdebug/test-keys'
I/DEBUG   (  148): Revision: '0'
I/DEBUG   (  148): pid: 22859, tid: 22859, name: UNKNOWN  >>> UNKNOWN <<<
I/DEBUG   (  148): signal 11 (SIGSEGV), code 2 (SEGV_ACCERR), fault addr b774d006
I/DEBUG   (  148): 
I/DEBUG   (  148): memory map around fault addr b774d006:
I/DEBUG   (  148):     (no map below)
I/DEBUG   (  148):     (no map for address)
I/DEBUG   (  148):     (no map above)
F/CRASH_LOGGER(22864): SIGSEGV : sample2-275921-413881.dex_repaired.dex_repaired.dex_repaired.dex 
W/dalvikvm(22866): WARNING: Odd length: expected 0, got 551843
F/libc    (22866): Fatal signal 11 (SIGSEGV) at 0xb7720006 (code=2), thread 22866 (dexdump)
I/DEBUG   (  148): *** *** *** *** *** *** *** *** *** *** *** *** *** *** *** ***
I/DEBUG   (  148): Build fingerprint: 'generic/vbox86p/vbox86p:4.4.4/KTU84P/eng.buildbot.20151118.000452:userdebug/test-keys'
I/DEBUG   (  148): Revision: '0'
I/DEBUG   (  148): pid: 22866, tid: 22866, name: UNKNOWN  >>> UNKNOWN <<<
I/DEBUG   (  148): signal 11 (SIGSEGV), code 2 (SEGV_ACCERR), fault addr b7720006
I/DEBUG   (  148): 
I/DEBUG   (  148): memory map around fault addr b7720006:
I/DEBUG   (  148):     (no map below)
I/DEBUG   (  148):     (no map for address)
I/DEBUG   (  148):     (no map above)
F/CRASH_LOGGER(22871): SIGSEGV : sample2-275921-413881.dex_repaired.dex_repaired.dex_repaired.dex_repaired.dex 
W/dalvikvm(22873): WARNING: Odd length: expected 0, got 551843
F/libc    (22873): Fatal signal 11 (SIGSEGV) at 0xb7700006 (code=2), thread 22873 (dexdump)
I/DEBUG   (  148): *** *** *** *** *** *** *** *** *** *** *** *** *** *** *** ***
I/DEBUG   (  148): Build fingerprint: 'generic/vbox86p/vbox86p:4.4.4/KTU84P/eng.buildbot.20151118.000452:userdebug/test-keys'
I/DEBUG   (  148): Revision: '0'
I/DEBUG   (  148): pid: 22873, tid: 22873, name: UNKNOWN  >>> UNKNOWN <<<
I/DEBUG   (  148): signal 11 (SIGSEGV), code 2 (SEGV_ACCERR), fault addr b7700006
I/DEBUG   (  148): 
I/DEBUG   (  148): memory map around fault addr b7700006:
I/DEBUG   (  148):     (no map below)
I/DEBUG   (  148):     (no map for address)
I/DEBUG   (  148):     (no map above)
F/CRASH_LOGGER(22878): SIGSEGV : sample2-413881-551843.dex 
W/dalvikvm(22880): WARNING: Odd length: expected 0, got 551843
F/libc    (22880): Fatal signal 11 (SIGSEGV) at 0xb76c4006 (code=2), thread 22880 (dexdump)
I/DEBUG   (  148): *** *** *** *** *** *** *** *** *** *** *** *** *** *** *** ***
I/DEBUG   (  148): Build fingerprint: 'generic/vbox86p/vbox86p:4.4.4/KTU84P/eng.buildbot.20151118.000452:userdebug/test-keys'
I/DEBUG   (  148): Revision: '0'
I/DEBUG   (  148): pid: 22880, tid: 22880, name: UNKNOWN  >>> UNKNOWN <<<
I/DEBUG   (  148): signal 11 (SIGSEGV), code 2 (SEGV_ACCERR), fault addr b76c4006
I/DEBUG   (  148): 
I/DEBUG   (  148): memory map around fault addr b76c4006:
I/DEBUG   (  148):     (no map below)
I/DEBUG   (  148):     (no map for address)
I/DEBUG   (  148):     (no map above)
F/CRASH_LOGGER(22885): SIGSEGV : sample2-413881-551843.dex_repaired.dex 
W/dalvikvm(22887): WARNING: Odd length: expected 0, got 551843
F/libc    (22887): Fatal signal 11 (SIGSEGV) at 0xb76a0006 (code=2), thread 22887 (dexdump)
I/DEBUG   (  148): *** *** *** *** *** *** *** *** *** *** *** *** *** *** *** ***
I/DEBUG   (  148): Build fingerprint: 'generic/vbox86p/vbox86p:4.4.4/KTU84P/eng.buildbot.20151118.000452:userdebug/test-keys'
I/DEBUG   (  148): Revision: '0'
I/DEBUG   (  148): pid: 22887, tid: 22887, name: UNKNOWN  >>> UNKNOWN <<<
I/DEBUG   (  148): signal 11 (SIGSEGV), code 2 (SEGV_ACCERR), fault addr b76a0006
I/DEBUG   (  148): 
I/DEBUG   (  148): memory map around fault addr b76a0006:
I/DEBUG   (  148):     (no map below)
I/DEBUG   (  148):     (no map for address)
I/DEBUG   (  148):     (no map above)
E/Gmail   ( 1313): Exception during sync
E/Gmail   ( 1313): org.apache.http.conn.ConnectTimeoutException: Connect to /10.223.134.12:8080 timed out
E/Gmail   ( 1313): 	at org.apache.http.conn.scheme.PlainSocketFactory.connectSocket(PlainSocketFactory.java:121)
E/Gmail   ( 1313): 	at com.google.android.c.b.e.connectSocket(SourceFile:157)
E/Gmail   ( 1313): 	at org.apache.http.impl.conn.DefaultClientConnectionOperator.openConnection(DefaultClientConnectionOperator.java:144)
E/Gmail   ( 1313): 	at org.apache.http.impl.conn.AbstractPoolEntry.open(AbstractPoolEntry.java:164)
E/Gmail   ( 1313): 	at org.apache.http.impl.conn.AbstractPooledConnAdapter.open(AbstractPooledConnAdapter.java:119)
E/Gmail   ( 1313): 	at org.apache.http.impl.client.DefaultRequestDirector.execute(DefaultRequestDirector.java:360)
E/Gmail   ( 1313): 	at org.apache.http.impl.client.AbstractHttpClient.execute(AbstractHttpClient.java:555)
E/Gmail   ( 1313): 	at org.apache.http.impl.client.AbstractHttpClient.execute(AbstractHttpClient.java:487)
E/Gmail   ( 1313): 	at android.net.http.AndroidHttpClient.execute(AndroidHttpClient.java:257)
E/Gmail   ( 1313): 	at com.google.android.c.b.b.a(SourceFile:214)
E/Gmail   ( 1313): 	at com.google.android.c.b.b.execute(SourceFile:250)
E/Gmail   ( 1313): 	at com.google.android.gm.provider.dj.a(SourceFile:8721)
E/Gmail   ( 1313): 	at com.google.android.gm.provider.by.a(SourceFile:2942)
E/Gmail   ( 1313): 	at com.google.android.gm.provider.by.a(SourceFile:2867)
E/Gmail   ( 1313): 	at com.google.android.gm.provider.by.a(SourceFile:2731)
E/Gmail   ( 1313): 	at com.google.android.gm.provider.by.a(SourceFile:2555)
E/Gmail   ( 1313): 	at com.google.android.gm.provider.by.a(SourceFile:21275)
E/Gmail   ( 1313): 	at com.google.android.gm.provider.ej.a(SourceFile:95)
E/Gmail   ( 1313): 	at com.android.emailcommon.b.a.onPerformSync(SourceFile:49)
E/Gmail   ( 1313): 	at com.google.android.gm.provider.ej.onPerformSync(SourceFile:64)
E/Gmail   ( 1313): 	at android.content.AbstractThreadedSyncAdapter$SyncThread.run(AbstractThreadedSyncAdapter.java:259)
I/Gmail   ( 1313): notifyAccountChanged
W/Gmail   ( 1313): Sync complete for account: account:2112085791
I/Gmail   ( 1313): getAccountsCursor
D/dalvikvm( 1313): GC_CONCURRENT freed 390K, 12% free 4074K/4584K, paused 2ms+0ms, total 6ms
I/ConfigService(  748): onCreate
V/GLSActivity(  863): AuthDelegateWrapperCreated with selected intent: Intent { cmp=com.google.android.gms/.auth.DefaultAuthDelegateService }
D/SyncManager(  602): failed sync operation xaelnullcon2016@gmail.com u0 (com.google), gmail-ls, PERIODIC, latestRunTime 8171432, reason: Periodic, SyncResult: stats [ numIoExceptions: 1]
V/GLSActivity(  863): AuthDelegateWrapperCreated with selected intent: Intent { cmp=com.google.android.gms/.auth.DefaultAuthDelegateService }
F/CRASH_LOGGER(22895): SIGSEGV : sample2-413881-551843.dex_repaired.dex_repaired.dex 
W/Gmail   ( 1313): AccountHistory cannot find the addedEvent of 2112085791 (went back to 2112085791)
W/dalvikvm(22897): WARNING: Odd length: expected 0, got 551843
W/GCoreFlp(  748): No location to return for getLastLocation()
F/libc    (22897): Fatal signal 11 (SIGSEGV) at 0xb772c006 (code=2), thread 22897 (dexdump)
I/DEBUG   (  148): *** *** *** *** *** *** *** *** *** *** *** *** *** *** *** ***
I/DEBUG   (  148): Build fingerprint: 'generic/vbox86p/vbox86p:4.4.4/KTU84P/eng.buildbot.20151118.000452:userdebug/test-keys'
I/DEBUG   (  148): Revision: '0'
I/DEBUG   (  148): pid: 22897, tid: 22897, name: UNKNOWN  >>> UNKNOWN <<<
I/DEBUG   (  148): signal 11 (SIGSEGV), code 2 (SEGV_ACCERR), fault addr b772c006
I/DEBUG   (  148): 
I/DEBUG   (  148): memory map around fault addr b772c006:
I/DEBUG   (  148):     (no map below)
I/DEBUG   (  148):     (no map for address)
I/DEBUG   (  148):     (no map above)
F/CRASH_LOGGER(22902): SIGSEGV : sample2-413881-551843.dex_repaired.dex_repaired.dex_repaired.dex 
W/dalvikvm(22904): WARNING: Odd length: expected 0, got 551843
F/libc    (22904): Fatal signal 11 (SIGSEGV) at 0xb76b8006 (code=2), thread 22904 (dexdump)
I/DEBUG   (  148): *** *** *** *** *** *** *** *** *** *** *** *** *** *** *** ***
I/DEBUG   (  148): Build fingerprint: 'generic/vbox86p/vbox86p:4.4.4/KTU84P/eng.buildbot.20151118.000452:userdebug/test-keys'
I/DEBUG   (  148): Revision: '0'
I/DEBUG   (  148): pid: 22904, tid: 22904, name: UNKNOWN  >>> UNKNOWN <<<
I/DEBUG   (  148): signal 11 (SIGSEGV), code 2 (SEGV_ACCERR), fault addr b76b8006
I/DEBUG   (  148): 
I/DEBUG   (  148): memory map around fault addr b76b8006:
I/DEBUG   (  148):     (no map below)
I/DEBUG   (  148):     (no map for address)
I/DEBUG   (  148):     (no map above)
F/CRASH_LOGGER(22909): SIGSEGV : sample2-413881-551843.dex_repaired.dex_repaired.dex_repaired.dex_repaired.dex 
W/dalvikvm(22911): WARNING: Odd length: expected 0, got 551843
F/libc    (22911): Fatal signal 11 (SIGSEGV) at 0xb777b006 (code=2), thread 22911 (dexdump)
I/DEBUG   (  148): *** *** *** *** *** *** *** *** *** *** *** *** *** *** *** ***
I/DEBUG   (  148): Build fingerprint: 'generic/vbox86p/vbox86p:4.4.4/KTU84P/eng.buildbot.20151118.000452:userdebug/test-keys'
I/DEBUG   (  148): Revision: '0'
I/DEBUG   (  148): pid: 22911, tid: 22911, name: UNKNOWN  >>> UNKNOWN <<<
I/DEBUG   (  148): signal 11 (SIGSEGV), code 2 (SEGV_ACCERR), fault addr b777b006
I/DEBUG   (  148): 
I/DEBUG   (  148): memory map around fault addr b777b006:
I/DEBUG   (  148):     (no map below)
I/DEBUG   (  148):     (no map for address)
I/DEBUG   (  148):     (no map above)
F/CRASH_LOGGER(22916): SIGSEGV : sample3-0-137960.dex 
E/dalvikvm(22918): ERROR: Bad magic number (0xe0 ad 75 28)
F/CRASH_LOGGER(22923): SIGSEGV : sample3-137960-275921.dex 
W/dalvikvm(22925): WARNING: Odd length: expected 0, got 551843
F/libc    (22925): Fatal signal 11 (SIGSEGV) at 0xb7738006 (code=2), thread 22925 (dexdump)
I/DEBUG   (  148): *** *** *** *** *** *** *** *** *** *** *** *** *** *** *** ***
I/DEBUG   (  148): Build fingerprint: 'generic/vbox86p/vbox86p:4.4.4/KTU84P/eng.buildbot.20151118.000452:userdebug/test-keys'
I/DEBUG   (  148): Revision: '0'
I/DEBUG   (  148): pid: 22925, tid: 22925, name: UNKNOWN  >>> UNKNOWN <<<
I/DEBUG   (  148): signal 11 (SIGSEGV), code 2 (SEGV_ACCERR), fault addr b7738006
I/DEBUG   (  148): 
I/DEBUG   (  148): memory map around fault addr b7738006:
I/DEBUG   (  148):     (no map below)
I/DEBUG   (  148):     (no map for address)
I/DEBUG   (  148):     (no map above)
F/CRASH_LOGGER(22930): SIGSEGV : sample3-137960-275921.dex_repaired.dex 
W/dalvikvm(22932): WARNING: Odd length: expected 0, got 551843
F/libc    (22932): Fatal signal 11 (SIGSEGV) at 0xb7760006 (code=2), thread 22932 (dexdump)
I/DEBUG   (  148): *** *** *** *** *** *** *** *** *** *** *** *** *** *** *** ***
I/DEBUG   (  148): Build fingerprint: 'generic/vbox86p/vbox86p:4.4.4/KTU84P/eng.buildbot.20151118.000452:userdebug/test-keys'
I/DEBUG   (  148): Revision: '0'
I/DEBUG   (  148): pid: 22932, tid: 22932, name: UNKNOWN  >>> UNKNOWN <<<
I/DEBUG   (  148): signal 11 (SIGSEGV), code 2 (SEGV_ACCERR), fault addr b7760006
I/DEBUG   (  148): 
I/DEBUG   (  148): memory map around fault addr b7760006:
I/DEBUG   (  148):     (no map below)
I/DEBUG   (  148):     (no map for address)
I/DEBUG   (  148):     (no map above)
F/CRASH_LOGGER(22937): SIGSEGV : sample3-137960-275921.dex_repaired.dex_repaired.dex 
W/dalvikvm(22939): WARNING: Odd length: expected 0, got 551843
F/libc    (22939): Fatal signal 11 (SIGSEGV) at 0xb76f3006 (code=2), thread 22939 (dexdump)
I/DEBUG   (  148): *** *** *** *** *** *** *** *** *** *** *** *** *** *** *** ***
I/DEBUG   (  148): Build fingerprint: 'generic/vbox86p/vbox86p:4.4.4/KTU84P/eng.buildbot.20151118.000452:userdebug/test-keys'
I/DEBUG   (  148): Revision: '0'
I/DEBUG   (  148): pid: 22939, tid: 22939, name: UNKNOWN  >>> UNKNOWN <<<
I/DEBUG   (  148): signal 11 (SIGSEGV), code 2 (SEGV_ACCERR), fault addr b76f3006
I/DEBUG   (  148): 
I/DEBUG   (  148): memory map around fault addr b76f3006:
I/DEBUG   (  148):     (no map below)
I/DEBUG   (  148):     (no map for address)
I/DEBUG   (  148):     (no map above)
F/CRASH_LOGGER(22944): SIGSEGV : sample3-137960-275921.dex_repaired.dex_repaired.dex_repaired.dex 
W/dalvikvm(22946): WARNING: Odd length: expected 0, got 551843
F/libc    (22946): Fatal signal 11 (SIGSEGV) at 0xb7716006 (code=2), thread 22946 (dexdump)
I/DEBUG   (  148): *** *** *** *** *** *** *** *** *** *** *** *** *** *** *** ***
I/DEBUG   (  148): Build fingerprint: 'generic/vbox86p/vbox86p:4.4.4/KTU84P/eng.buildbot.20151118.000452:userdebug/test-keys'
I/DEBUG   (  148): Revision: '0'
I/DEBUG   (  148): pid: 22946, tid: 22946, name: UNKNOWN  >>> UNKNOWN <<<
I/DEBUG   (  148): signal 11 (SIGSEGV), code 2 (SEGV_ACCERR), fault addr b7716006
I/DEBUG   (  148): 
I/DEBUG   (  148): memory map around fault addr b7716006:
I/DEBUG   (  148):     (no map below)
I/DEBUG   (  148):     (no map for address)
I/DEBUG   (  148):     (no map above)
F/CRASH_LOGGER(22951): SIGSEGV : sample3-137960-275921.dex_repaired.dex_repaired.dex_repaired.dex_repaired.dex 
W/dalvikvm(22953): WARNING: Odd length: expected 0, got 551843
F/libc    (22953): Fatal signal 11 (SIGSEGV) at 0xb7723006 (code=2), thread 22953 (dexdump)
I/DEBUG   (  148): *** *** *** *** *** *** *** *** *** *** *** *** *** *** *** ***
I/DEBUG   (  148): Build fingerprint: 'generic/vbox86p/vbox86p:4.4.4/KTU84P/eng.buildbot.20151118.000452:userdebug/test-keys'
I/DEBUG   (  148): Revision: '0'
I/DEBUG   (  148): pid: 22953, tid: 22953, name: UNKNOWN  >>> UNKNOWN <<<
I/DEBUG   (  148): signal 11 (SIGSEGV), code 2 (SEGV_ACCERR), fault addr b7723006
I/DEBUG   (  148): 
I/DEBUG   (  148): memory map around fault addr b7723006:
I/DEBUG   (  148):     (no map below)
I/DEBUG   (  148):     (no map for address)
I/DEBUG   (  148):     (no map above)
F/CRASH_LOGGER(22959): SIGSEGV : sample3-275921-413881.dex 
I/ConfigService(  748): onDestroy
W/dalvikvm(22961): WARNING: Odd length: expected 0, got 551843
F/libc    (22961): Fatal signal 11 (SIGSEGV) at 0xb76b1006 (code=2), thread 22961 (dexdump)
I/DEBUG   (  148): *** *** *** *** *** *** *** *** *** *** *** *** *** *** *** ***
I/DEBUG   (  148): Build fingerprint: 'generic/vbox86p/vbox86p:4.4.4/KTU84P/eng.buildbot.20151118.000452:userdebug/test-keys'
I/DEBUG   (  148): Revision: '0'
I/DEBUG   (  148): pid: 22961, tid: 22961, name: UNKNOWN  >>> UNKNOWN <<<
I/DEBUG   (  148): signal 11 (SIGSEGV), code 2 (SEGV_ACCERR), fault addr b76b1006
I/DEBUG   (  148): 
I/DEBUG   (  148): memory map around fault addr b76b1006:
I/DEBUG   (  148):     (no map below)
I/DEBUG   (  148):     (no map for address)
I/DEBUG   (  148):     (no map above)
F/CRASH_LOGGER(22966): SIGSEGV : sample3-275921-413881.dex_repaired.dex 
W/dalvikvm(22968): WARNING: Odd length: expected 0, got 551843
F/libc    (22968): Fatal signal 11 (SIGSEGV) at 0xb7780006 (code=2), thread 22968 (dexdump)
I/DEBUG   (  148): *** *** *** *** *** *** *** *** *** *** *** *** *** *** *** ***
I/DEBUG   (  148): Build fingerprint: 'generic/vbox86p/vbox86p:4.4.4/KTU84P/eng.buildbot.20151118.000452:userdebug/test-keys'
I/DEBUG   (  148): Revision: '0'
I/DEBUG   (  148): pid: 22968, tid: 22968, name: UNKNOWN  >>> UNKNOWN <<<
I/DEBUG   (  148): signal 11 (SIGSEGV), code 2 (SEGV_ACCERR), fault addr b7780006
I/DEBUG   (  148): 
I/DEBUG   (  148): memory map around fault addr b7780006:
I/DEBUG   (  148):     (no map below)
I/DEBUG   (  148):     (no map for address)
I/DEBUG   (  148):     (no map above)
F/CRASH_LOGGER(22973): SIGSEGV : sample3-275921-413881.dex_repaired.dex_repaired.dex 
W/dalvikvm(22975): WARNING: Odd length: expected 0, got 551843
F/libc    (22975): Fatal signal 11 (SIGSEGV) at 0xb7718006 (code=2), thread 22975 (dexdump)
I/DEBUG   (  148): *** *** *** *** *** *** *** *** *** *** *** *** *** *** *** ***
I/DEBUG   (  148): Build fingerprint: 'generic/vbox86p/vbox86p:4.4.4/KTU84P/eng.buildbot.20151118.000452:userdebug/test-keys'
I/DEBUG   (  148): Revision: '0'
I/DEBUG   (  148): pid: 22975, tid: 22975, name: UNKNOWN  >>> UNKNOWN <<<
I/DEBUG   (  148): signal 11 (SIGSEGV), code 2 (SEGV_ACCERR), fault addr b7718006
I/DEBUG   (  148): 
I/DEBUG   (  148): memory map around fault addr b7718006:
I/DEBUG   (  148):     (no map below)
I/DEBUG   (  148):     (no map for address)
I/DEBUG   (  148):     (no map above)
F/CRASH_LOGGER(22980): SIGSEGV : sample3-275921-413881.dex_repaired.dex_repaired.dex_repaired.dex 
W/dalvikvm(22982): WARNING: Odd length: expected 0, got 551843
F/libc    (22982): Fatal signal 11 (SIGSEGV) at 0xb777c006 (code=2), thread 22982 (dexdump)
I/DEBUG   (  148): *** *** *** *** *** *** *** *** *** *** *** *** *** *** *** ***
I/DEBUG   (  148): Build fingerprint: 'generic/vbox86p/vbox86p:4.4.4/KTU84P/eng.buildbot.20151118.000452:userdebug/test-keys'
I/DEBUG   (  148): Revision: '0'
I/DEBUG   (  148): pid: 22982, tid: 22982, name: UNKNOWN  >>> UNKNOWN <<<
I/DEBUG   (  148): signal 11 (SIGSEGV), code 2 (SEGV_ACCERR), fault addr b777c006
I/DEBUG   (  148): 
I/DEBUG   (  148): memory map around fault addr b777c006:
I/DEBUG   (  148):     (no map below)
I/DEBUG   (  148):     (no map for address)
I/DEBUG   (  148):     (no map above)
F/CRASH_LOGGER(22987): SIGSEGV : sample3-275921-413881.dex_repaired.dex_repaired.dex_repaired.dex_repaired.dex 
W/dalvikvm(22989): WARNING: Odd length: expected 0, got 551843
F/libc    (22989): Fatal signal 11 (SIGSEGV) at 0xb778d006 (code=2), thread 22989 (dexdump)
I/DEBUG   (  148): *** *** *** *** *** *** *** *** *** *** *** *** *** *** *** ***
I/DEBUG   (  148): Build fingerprint: 'generic/vbox86p/vbox86p:4.4.4/KTU84P/eng.buildbot.20151118.000452:userdebug/test-keys'
I/DEBUG   (  148): Revision: '0'
I/DEBUG   (  148): pid: 22989, tid: 22989, name: UNKNOWN  >>> UNKNOWN <<<
I/DEBUG   (  148): signal 11 (SIGSEGV), code 2 (SEGV_ACCERR), fault addr b778d006
I/DEBUG   (  148): 
I/DEBUG   (  148): memory map around fault addr b778d006:
I/DEBUG   (  148):     (no map below)
I/DEBUG   (  148):     (no map for address)
I/DEBUG   (  148):     (no map above)
F/CRASH_LOGGER(22994): SIGSEGV : sample3-413881-551843.dex 
W/dalvikvm(22996): WARNING: Odd length: expected 0, got 551843
F/libc    (22996): Fatal signal 11 (SIGSEGV) at 0xb7734006 (code=2), thread 22996 (dexdump)
I/DEBUG   (  148): *** *** *** *** *** *** *** *** *** *** *** *** *** *** *** ***
I/DEBUG   (  148): Build fingerprint: 'generic/vbox86p/vbox86p:4.4.4/KTU84P/eng.buildbot.20151118.000452:userdebug/test-keys'
I/DEBUG   (  148): Revision: '0'
I/DEBUG   (  148): pid: 22996, tid: 22996, name: UNKNOWN  >>> UNKNOWN <<<
I/DEBUG   (  148): signal 11 (SIGSEGV), code 2 (SEGV_ACCERR), fault addr b7734006
I/DEBUG   (  148): 
I/DEBUG   (  148): memory map around fault addr b7734006:
I/DEBUG   (  148):     (no map below)
I/DEBUG   (  148):     (no map for address)
I/DEBUG   (  148):     (no map above)
F/CRASH_LOGGER(23001): SIGSEGV : sample3-413881-551843.dex_repaired.dex 
W/dalvikvm(23003): WARNING: Odd length: expected 0, got 551843
F/libc    (23003): Fatal signal 11 (SIGSEGV) at 0xb7742006 (code=2), thread 23003 (dexdump)
I/DEBUG   (  148): *** *** *** *** *** *** *** *** *** *** *** *** *** *** *** ***
I/DEBUG   (  148): Build fingerprint: 'generic/vbox86p/vbox86p:4.4.4/KTU84P/eng.buildbot.20151118.000452:userdebug/test-keys'
I/DEBUG   (  148): Revision: '0'
I/DEBUG   (  148): pid: 23003, tid: 23003, name: UNKNOWN  >>> UNKNOWN <<<
I/DEBUG   (  148): signal 11 (SIGSEGV), code 2 (SEGV_ACCERR), fault addr b7742006
I/DEBUG   (  148): 
I/DEBUG   (  148): memory map around fault addr b7742006:
I/DEBUG   (  148):     (no map below)
I/DEBUG   (  148):     (no map for address)
I/DEBUG   (  148):     (no map above)
F/CRASH_LOGGER(23008): SIGSEGV : sample3-413881-551843.dex_repaired.dex_repaired.dex 
W/dalvikvm(23010): WARNING: Odd length: expected 0, got 551843
F/libc    (23010): Fatal signal 11 (SIGSEGV) at 0xb7782006 (code=2), thread 23010 (dexdump)
I/DEBUG   (  148): *** *** *** *** *** *** *** *** *** *** *** *** *** *** *** ***
I/DEBUG   (  148): Build fingerprint: 'generic/vbox86p/vbox86p:4.4.4/KTU84P/eng.buildbot.20151118.000452:userdebug/test-keys'
I/DEBUG   (  148): Revision: '0'
I/DEBUG   (  148): pid: 23010, tid: 23010, name: UNKNOWN  >>> UNKNOWN <<<
I/DEBUG   (  148): signal 11 (SIGSEGV), code 2 (SEGV_ACCERR), fault addr b7782006
I/DEBUG   (  148): 
I/DEBUG   (  148): memory map around fault addr b7782006:
I/DEBUG   (  148):     (no map below)
I/DEBUG   (  148):     (no map for address)
I/DEBUG   (  148):     (no map above)
F/CRASH_LOGGER(23015): SIGSEGV : sample3-413881-551843.dex_repaired.dex_repaired.dex_repaired.dex 
W/dalvikvm(23017): WARNING: Odd length: expected 0, got 551843
F/libc    (23017): Fatal signal 11 (SIGSEGV) at 0xb7737006 (code=2), thread 23017 (dexdump)
I/DEBUG   (  148): *** *** *** *** *** *** *** *** *** *** *** *** *** *** *** ***
I/DEBUG   (  148): Build fingerprint: 'generic/vbox86p/vbox86p:4.4.4/KTU84P/eng.buildbot.20151118.000452:userdebug/test-keys'
I/DEBUG   (  148): Revision: '0'
I/DEBUG   (  148): pid: 23017, tid: 23017, name: UNKNOWN  >>> UNKNOWN <<<
I/DEBUG   (  148): signal 11 (SIGSEGV), code 2 (SEGV_ACCERR), fault addr b7737006
I/DEBUG   (  148): 
I/DEBUG   (  148): memory map around fault addr b7737006:
I/DEBUG   (  148):     (no map below)
I/DEBUG   (  148):     (no map for address)
I/DEBUG   (  148):     (no map above)
F/CRASH_LOGGER(23022): SIGSEGV : sample3-413881-551843.dex_repaired.dex_repaired.dex_repaired.dex_repaired.dex 
W/dalvikvm(23024): WARNING: Odd length: expected 0, got 551843
F/libc    (23024): Fatal signal 11 (SIGSEGV) at 0xb76f9006 (code=2), thread 23024 (dexdump)
I/DEBUG   (  148): *** *** *** *** *** *** *** *** *** *** *** *** *** *** *** ***
I/DEBUG   (  148): Build fingerprint: 'generic/vbox86p/vbox86p:4.4.4/KTU84P/eng.buildbot.20151118.000452:userdebug/test-keys'
I/DEBUG   (  148): Revision: '0'
I/DEBUG   (  148): pid: 23024, tid: 23024, name: UNKNOWN  >>> UNKNOWN <<<
I/DEBUG   (  148): signal 11 (SIGSEGV), code 2 (SEGV_ACCERR), fault addr b76f9006
I/DEBUG   (  148): 
I/DEBUG   (  148): memory map around fault addr b76f9006:
I/DEBUG   (  148):     (no map below)
I/DEBUG   (  148):     (no map for address)
I/DEBUG   (  148):     (no map above)
F/CRASH_LOGGER(23029): SIGSEGV : sample4-0-137960.dex 
E/dalvikvm(23031): ERROR: Bad magic number (0xe0 ad 75 28)
F/CRASH_LOGGER(23036): SIGSEGV : sample4-137960-275921.dex 
W/dalvikvm(23038): WARNING: Odd length: expected 0, got 551843
F/libc    (23038): Fatal signal 11 (SIGSEGV) at 0xb76d4006 (code=2), thread 23038 (dexdump)
