V/MmsConfig(  934): tag: int value: defaultSMSMessagesPerThread - 10000
V/MmsConfig(  934): tag: int value: defaultMMSMessagesPerThread - 1000
V/MmsConfig(  934): tag: int value: minMessageCountPerThread - 10
V/MmsConfig(  934): tag: int value: maxMessageCountPerThread - 5000
V/MmsConfig(  934): tag: string value: uaProfUrl - http://www.google.com/oha/rdf/ua-profile-kila.xml
V/MmsConfig(  934): tag: int value: recipientLimit - -1
V/MmsConfig(  934): tag: bool value: enableMultipartSMS - true
V/MmsConfig(  934): tag: int value: smsToMmsTextThreshold - -1
V/MmsConfig(  934): tag: bool value: enableSlideDuration - true
V/MmsConfig(  934): tag: int value: maxMessageTextSize - -1
I/ActivityManager(  414): Delay finish: com.android.mms/.transaction.MmsSystemEventReceiver
D/Mms:app (  934): cancelNotification
D/dalvikvm(  534): GC_CONCURRENT freed 374K, 12% free 3224K/3664K, paused 16ms+43ms, total 131ms
D/dalvikvm(  934): GC_CONCURRENT freed 202K, 8% free 3103K/3372K, paused 4ms+3ms, total 119ms
I/ActivityManager(  414): Resuming delayed broadcast
I/ActivityManager(  414): Delay finish: com.android.mms/.transaction.SmsReceiver
D/MmsSmsDatabaseHelper(  606): [MmsSmsDb] tableName: threads hasAutoIncrement: CREATE TABLE threads (_id INTEGER PRIMARY KEY AUTOINCREMENT,date INTEGER DEFAULT 0,message_count INTEGER DEFAULT 0,recipient_ids TEXT,snippet TEXT,snippet_cs INTEGER DEFAULT 0,read INTEGER DEFAULT 1,type INTEGER DEFAULT 0,error INTEGER DEFAULT 0,has_attachment INTEGER DEFAULT 0) result: true
D/MmsSmsDatabaseHelper(  606): [MmsSmsDb] tableName: canonical_addresses hasAutoIncrement: CREATE TABLE canonical_addresses (_id INTEGER PRIMARY KEY AUTOINCREMENT,address TEXT) result: true
E/ConnectivityService(  414): Exception trying to add a route: java.lang.IllegalStateException: command '46 interface fwmark exempt add 10.0.2.2/32' failed with '400 46 Failed to add exemption rule (File exists)'
V/MediaScanner(  534): pruneDeadThumbnailFiles... android.database.sqlite.SQLiteCursor@b1d2bf20
D/MmsSmsDatabaseHelper(  606): [MmsSmsDb] tableName: part hasAutoIncrement: CREATE TABLE part (_id INTEGER PRIMARY KEY AUTOINCREMENT,mid INTEGER,seq INTEGER DEFAULT 0,ct TEXT,name TEXT,chset INTEGER,cd TEXT,fn TEXT,cid TEXT,cl TEXT,ctt_s INTEGER,ctt_t TEXT,_data TEXT,text TEXT) result: true
V/MediaScanner(  534): /pruneDeadThumbnailFiles... android.database.sqlite.SQLiteCursor@b1d2bf20
D/MmsSmsDatabaseHelper(  606): [MmsSmsDb] tableName: pdu hasAutoIncrement: CREATE TABLE pdu (_id INTEGER PRIMARY KEY AUTOINCREMENT,thread_id INTEGER,date INTEGER,date_sent INTEGER DEFAULT 0,msg_box INTEGER,read INTEGER DEFAULT 0,m_id TEXT,sub TEXT,sub_cs INTEGER,ct_t TEXT,ct_l TEXT,exp INTEGER,m_cls TEXT,m_type INTEGER,v INTEGER,m_size INTEGER,pri INTEGER,rr INTEGER,rpt_a INTEGER,resp_st INTEGER,st INTEGER,tr_id TEXT,retr_st INTEGER,retr_txt TEXT,retr_txt_cs INTEGER,read_status INTEGER,ct_cls INTEGER,resp_txt TEXT,d_tm INTEGER,d_rpt INTEGER,locked INTEGER DEFAULT 0,seen INTEGER DEFAULT 0,text_only INTEGER DEFAULT 0) result: true
D/MmsSmsDatabaseHelper(  606): [getWritableDatabase] hasAutoIncrementThreads: true hasAutoIncrementAddresses: true hasAutoIncrementPart: true hasAutoIncrementPdu: true
I/ActivityManager(  414): Resuming delayed broadcast
I/ActivityManager(  414): Start proc com.android.onetimeinitializer for broadcast com.android.onetimeinitializer/.OneTimeInitializerReceiver: pid=962 uid=10053 gids={50053}
E/ConnectivityService(  414): Exception trying to add a route: java.lang.IllegalStateException: command '48 interface fwmark exempt add 74.125.130.138/32' failed with '400 48 Failed to add exemption rule (File exists)'
D/ConnectivityService(  414): requestRouteToHostAddress ok=false
D/ConnectivityService(  414): [CheckMp] isMobileOk: could not establish route to hostAddr=clients3.google.com/74.125.130.138
V/OneTimeInitializerRece(  962): OneTimeInitializerReceiver.onReceive
I/ActivityManager(  414): Delay finish: com.android.onetimeinitializer/.OneTimeInitializerReceiver
I/ActivityManager(  414): Resuming delayed broadcast
I/ActivityManager(  414): Start proc com.android.voicedialer for broadcast com.android.voicedialer/.VoiceDialerReceiver: pid=977 uid=10054 gids={50054, 3002}
D/Mms:app (  934): cancelNotification
I/ActivityManager(  414): Start proc com.android.calendar for broadcast com.android.calendar/.alerts.AlertReceiver: pid=990 uid=10016 gids={50016, 3003}
D/ExtensionsFactory(  990): No custom extensions.
D/AlertReceiver(  990): onReceive: a=android.intent.action.BOOT_COMPLETED Intent { act=android.intent.action.BOOT_COMPLETED flg=0x8000010 cmp=com.android.calendar/.alerts.AlertReceiver (has extras) }
I/ActivityManager(  414): Start proc com.android.deskclock for broadcast com.android.deskclock/.AlarmInitReceiver: pid=1009 uid=10020 gids={50020, 1028}
D/AlertUtils(  990): Flushing old alerts from shared prefs table
D/AlertService(  990): 0 Action = android.intent.action.BOOT_COMPLETED
D/AlertService(  990): Scheduling next alarm with AlarmScheduler. sEventReminderReceived: null
V/AlarmClock( 1009): AlarmInitReceiver android.intent.action.BOOT_COMPLETED
D/AlarmScheduler(  990): No events found starting within 1 week.
V/AlarmClock( 1009): AlarmInitReceiver - Reset timers and clear stopwatch data
I/AlarmClock( 1009): Displaying next alarm time: ''
V/AlarmClock( 1009): AlarmInitReceiver finished
I/ActivityManager(  414): Start proc com.android.email for broadcast com.android.email/.service.EmailBroadcastReceiver: pid=1028 uid=10024 gids={50024, 3003, 1028, 1015}
D/ActivityThread( 1028): Loading provider com.android.email.provider;com.android.email.notifier: com.android.email.provider.EmailProvider
I/ActivityManager(  414): Delay finish: com.android.email/.service.EmailBroadcastReceiver
D/dalvikvm( 1028): GC_CONCURRENT freed 272K, 10% free 3079K/3420K, paused 3ms+34ms, total 83ms
W/ActivityManager(  414): Unable to start service Intent { cmp=com.android.email/.service.AttachmentDownloadService } U=0: not found
I/Email   ( 1028): Observing account changes for notifications
W/ActivityManager(  414): Unable to start service Intent { cmp=com.android.email/.service.AttachmentDownloadService } U=0: not found
I/ActivityManager(  414): Delaying start of: ServiceRecord{b20c8ab8 u0 com.android.exchange/.service.EmailSyncAdapterService}
I/ActivityManager(  414): Start proc com.android.exchange for service com.android.exchange/.service.EmailSyncAdapterService: pid=1048 uid=10025 gids={50025, 3003, 1028, 1015}
D/dalvikvm(   57): GC_EXPLICIT freed 40K, 4% free 2904K/3012K, paused 3ms+2ms, total 66ms
D/dalvikvm(   57): GC_EXPLICIT freed <1K, 4% free 2904K/3012K, paused 2ms+2ms, total 60ms
D/dalvikvm(   57): GC_EXPLICIT freed <1K, 4% free 2904K/3012K, paused 2ms+3ms, total 65ms
I/ActivityManager(  414): Resuming delayed broadcast
I/LauncherIconVisibilityManager(  593): Boot has been completed
I/LauncherIconVisibilityManager(  593): Activity has already been disabled: ComponentInfo{com.android.inputmethod.latin/com.android.inputmethod.latin.setup.SetupActivity}
E/ConnectivityService(  414): Exception trying to add a route: java.lang.IllegalStateException: command '50 interface fwmark exempt add 10.0.2.2/32' failed with '400 50 Failed to add exemption rule (File exists)'
D/AlertReceiver(  990): onReceive: a=android.intent.action.PROVIDER_CHANGED Intent { act=android.intent.action.PROVIDER_CHANGED dat=content://com.android.calendar flg=0x10 cmp=com.android.calendar/.alerts.AlertReceiver }
I/ActivityManager(  414): Delay finish: com.android.calendar/.alerts.AlertReceiver
D/AlertService(  990): 0 Action = android.intent.action.PROVIDER_CHANGED
E/ConnectivityService(  414): Exception trying to add a route: java.lang.IllegalStateException: command '52 interface fwmark exempt add 74.125.130.100/32' failed with '400 52 Failed to add exemption rule (File exists)'
D/ConnectivityService(  414): requestRouteToHostAddress ok=false
D/ConnectivityService(  414): [CheckMp] isMobileOk: could not establish route to hostAddr=clients3.google.com/74.125.130.100
D/ConnectivityService(  414): [CheckMp] isMobileOk: too many loops tried - giving up
D/ConnectivityService(  414): [CheckMp] isMobileOk: X loops|timed out result=0
D/ConnectivityService(  414): [CheckMp] isMobileOk: F stop hipri
D/MobileDataStateTracker(  414): default: setEnableFailFastMobileData(enabled=0)
D/ConnectivityService(  414): stopUsingNetworkFeature: teardown net 0: enableHIPRI
D/MobileDataStateTracker(  414): hipri: Broadcast received: android.intent.action.ANY_DATA_STATE apnType=hipri
D/MobileDataStateTracker(  414): hipri: Received state=DISCONNECTED, old=CONNECTED, reason=dataDisabled
D/MobileDataStateTracker(  414): hipri: setDetailed state, old =CONNECTED and new state=DISCONNECTED
D/ConnectivityService(  414): ConnectivityChange for mobile_hipri: DISCONNECTED/DISCONNECTED
E/SecondaryTablController(   53): Interface not found
W/FrameworkListener(   53): Handler 'interface' error (No such device)
D/Nat464Xlat(  414): requiresClat: netType=5, hasIPv4Address=true
D/MobileDataStateTracker(  414): default: setPolicyDataEnable(enabled=true)
D/dalvikvm(  414): GC_CONCURRENT freed 579K, 14% free 5910K/6864K, paused 3ms+16ms, total 231ms
E/NetdConnector(  414): NDC Command {61 bandwidth gettetherstats} took too long (539ms)
I/GlobalDismissManager(  990): no sender configured
D/AlertService(  990): Beginning updateAlertNotification
D/dalvikvm(  414): GC_CONCURRENT freed 669K, 14% free 5910K/6864K, paused 15ms+51ms, total 224ms
D/AlertService(  990): No fired or scheduled alerts
D/AlertService(  990): Scheduling next alarm with AlarmScheduler. sEventReminderReceived: null
D/AlarmScheduler(  990): No events found starting within 1 week.
E/NetdConnector(  414): NDC Command {62 bandwidth setiquota eth0 9223372036854775807} took too long (1649ms)
I/ActivityManager(  414): Resuming delayed broadcast
D/MobileDataStateTracker(  414): default: setPolicyDataEnable(enabled=true)
E/NetdConnector(  414): NDC Command {63 bandwidth gettetherstats} took too long (1664ms)
I/ActivityManager(  414): Delay finish: com.android.mms/.transaction.SmsReceiver
V/SmsReceiverService(  934): onStart: #1 mResultCode: -1 = Activity.RESULT_OK
I/ActivityManager(  414): Waited long enough for: ServiceRecord{b1f9cf30 u0 com.android.music/.MediaPlaybackService}
I/ActivityManager(  414): Resuming delayed broadcast
I/ActivityManager(  414): Delay finish: com.android.providers.calendar/.CalendarProviderBroadcastReceiver
E/NetdConnector(  414): NDC Command {64 bandwidth removeiquota eth0} took too long (607ms)
I/ActivityManager(  414): Resuming delayed broadcast
D/Tethering(  414): MasterInitialState.processMessage what=3
D/Tethering(  414): MasterInitialState.processMessage what=3
D/CaptivePortalTracker(  414): NoActiveNetworkState{ when=-20ms what=1 obj=NetworkInfo: type: mobile_hipri[UMTS], state: DISCONNECTED/DISCONNECTED, reason: dataDisabled, extra: epc.tmobile.com, roaming: false, failover: false, isAvailable: true, isConnectedToProvisioningNetwork: false target=com.android.internal.util.StateMachine$SmHandler }
D/CaptivePortalTracker(  414): NoActiveNetworkState not a wifi connectivity change, ignore
D/CaptivePortalTracker(  414): NoActiveNetworkState{ when=-42ms what=1 obj=NetworkInfo: type: mobile[UMTS], state: CONNECTED/CONNECTED, reason: connected, extra: epc.tmobile.com, roaming: false, failover: false, isAvailable: true, isConnectedToProvisioningNetwork: false target=com.android.internal.util.StateMachine$SmHandler }
D/CaptivePortalTracker(  414): NoActiveNetworkState not a wifi connectivity change, ignore
D/dalvikvm(  990): GC_CONCURRENT freed 310K, 12% free 2996K/3376K, paused 3ms+2ms, total 466ms
I/ActivityManager(  414): Delay finish: com.android.calendar/.widget.CalendarAppWidgetProvider
I/ActivityManager(  414): Resuming delayed broadcast
E/NetdConnector(  414): NDC Command {65 bandwidth setiquota eth0 9223372036854775807} took too long (1759ms)
D/MobileDataStateTracker(  414): default: setPolicyDataEnable(enabled=true)
D/MobileDataStateTracker(  414): default: setPolicyDataEnable(enabled=true)
D/dalvikvm(  414): GC_CONCURRENT freed 681K, 14% free 5931K/6864K, paused 15ms+12ms, total 201ms
D/ConnectivityService(  414): [CheckMp] isMobileOk: X result=0
D/ConnectivityService(  414): [CheckMp] onPostExecute: result=0
D/ConnectivityService(  414): CheckMp.onComplete: result=0
D/ConnectivityService(  414): CheckMp.onComplete: ignore, connected or no connection
D/MobileDataStateTracker(  414): default: setPolicyDataEnable(enabled=true)
D/ConnectivityService(  414): Sampling interval elapsed, updating statistics ..
D/ConnectivityService(  414): Done.
D/ConnectivityService(  414): Setting timer for 720seconds
I/ActivityManager(  414): Waited long enough for: ServiceRecord{b2008fb8 u0 com.android.calendar/.alerts.InitAlarmsService}
V/AlarmClock( 1009): AlarmInitReceiver android.intent.action.TIME_SET
I/AlarmClock( 1009): Displaying next alarm time: ''
D/dalvikvm( 1009): GC_CONCURRENT freed 358K, 13% free 3018K/3444K, paused 5ms+2ms, total 100ms
V/AlarmClock( 1009): AlarmInitReceiver finished
D/InitAlarmsService(  990): Clearing and rescheduling alarms.
D/dalvikvm(  890): GC_CONCURRENT freed 217K, 9% free 3074K/3360K, paused 5ms+3ms, total 66ms
D/        (  414): Setting time of day to sec=1463568699
I/MediaFocusControl(  414):  AudioFocus  abandonAudioFocus() from android.media.AudioManager@b1d15eb0com.android.music.MediaPlaybackService$3@b1d14d30
I/ActivityManager(  414): Start proc com.android.musicfx for broadcast com.android.musicfx/.ControlPanelReceiver: pid=1145 uid=10052 gids={50052, 3003, 3002}
V/MusicFXControlPanelReceiver( 1145): onReceive
V/MusicFXControlPanelReceiver( 1145): Action: android.media.action.CLOSE_AUDIO_EFFECT_CONTROL_SESSION
V/MusicFXControlPanelReceiver( 1145): Package name: com.android.music
V/MusicFXControlPanelReceiver( 1145): Audio session: 4
V/MusicFXControlPanelEffect( 1145): closeSession(android.app.ReceiverRestrictedContext@b1d113f0, com.android.music, 4)
D/dalvikvm(  414): GC_CONCURRENT freed 628K, 13% free 5987K/6864K, paused 12ms+5ms, total 99ms
D/dalvikvm(  414): WAIT_FOR_CONCURRENT_GC blocked 64ms
D/PhoneStatusBar(  501): disable: < expand icons alerts ticker system_info back* home* recent* clock* search* >
D/dalvikvm(  414): GC_FOR_ALLOC freed 100K, 13% free 5974K/6864K, paused 62ms, total 65ms
W/dalvikvm( 1172): WARNING: Odd length: expected 0, got 551843
F/libc    ( 1172): Fatal signal 11 (SIGSEGV) at 0xb6f43000 (code=2), thread 1172 (dexdump)
I/DEBUG   (   54): *** *** *** *** *** *** *** *** *** *** *** *** *** *** *** ***
I/DEBUG   (   54): Build fingerprint: 'Android/aosp_arm/generic:4.4.4/KTU84P/eng.anto.20160511.162155:eng/test-keys'
I/DEBUG   (   54): Revision: '0'
I/DEBUG   (   54): pid: 1172, tid: 1172, name: dexdump  >>> ./dexdump <<<
I/DEBUG   (   54): signal 11 (SIGSEGV), code 2 (SEGV_ACCERR), fault addr b6f43000
W/NativeCrashListener(  414): Couldn't find ProcessRecord for pid 1172
I/DEBUG   (   54):     r0 00021d3e  r1 00000000  r2 ffec5874  r3 b6f42ffc
I/DEBUG   (   54): AM write failure (32 / Broken pipe)
I/DEBUG   (   54):     r4 00021d3e  r5 00021d3e  r6 14305621  r7 b6f4378c
I/DEBUG   (   54):     r8 80078071  r9 00000000  sl 000015af  fp 00000003
I/DEBUG   (   54):     ip 00000000  sp beed093c  lr b6f633db  pc b6f2ecbc  cpsr 80000010
I/DEBUG   (   54):     d0  0c8f57fd2af6012c  d1  0000000000000000
I/DEBUG   (   54):     d2  0000000000000000  d3  0000000000000000
I/DEBUG   (   54):     d4  0000000000000000  d5  41c57b0096000000
I/DEBUG   (   54):     d6  3f50624dd2f1a9fc  d7  41a91eaffa74bc6a
I/DEBUG   (   54):     d8  0000000000000000  d9  0000000000000000
I/DEBUG   (   54):     d10 0000000000000000  d11 0000000000000000
I/DEBUG   (   54):     d12 0000000000000000  d13 0000000000000000
I/DEBUG   (   54):     d14 0000000000000000  d15 0000000000000000
I/DEBUG   (   54):     scr 00000010
I/DEBUG   (   54): 
I/DEBUG   (   54): backtrace:
I/DEBUG   (   54):     #00  pc 00001cbc  /system/lib/libz.so (adler32+192)
I/DEBUG   (   54):     #01  pc 000073d7  /data/local/tmp/dexdump
I/DEBUG   (   54):     #02  pc 00003bf3  /data/local/tmp/dexdump
I/DEBUG   (   54):     #03  pc 0000367b  /data/local/tmp/dexdump
I/DEBUG   (   54):     #04  pc 0000393b  /data/local/tmp/dexdump
I/DEBUG   (   54):     #05  pc 0000e23b  /system/lib/libc.so (__libc_init+50)
I/DEBUG   (   54):     #06  pc 00001774  /data/local/tmp/dexdump
I/DEBUG   (   54): 
I/DEBUG   (   54): stack:
I/DEBUG   (   54):          beed08fc  b6eb6ee2  /system/lib/libm.so
I/DEBUG   (   54):          beed0900  b6f5a678  /system/bin/linker
I/DEBUG   (   54):          beed0904  b6f55e81  /system/bin/linker
I/DEBUG   (   54):          beed0908  b6f47004  
I/DEBUG   (   54):          beed090c  b6f56975  /system/bin/linker
I/DEBUG   (   54):          beed0910  00000002  
I/DEBUG   (   54):          beed0914  00000004  
I/DEBUG   (   54):          beed0918  b6f47004  
I/DEBUG   (   54):          beed091c  b6f4c807  /system/bin/linker
I/DEBUG   (   54):          beed0920  b6eb3f28  /system/lib/liblog.so
I/DEBUG   (   54):          beed0924  b6eb09d1  /system/lib/liblog.so
I/DEBUG   (   54):          beed0928  b6f5a678  /system/bin/linker
I/DEBUG   (   54):          beed092c  b6f55e81  /system/bin/linker
I/DEBUG   (   54):          beed0930  b6f569e8  /system/bin/linker
I/DEBUG   (   54):          beed0934  00000004  
I/DEBUG   (   54):          beed0938  b6f55e81  /system/bin/linker
I/DEBUG   (   54):     #00  beed093c  b6e09000  /data/local/tmp/crash1.dex
I/DEBUG   (   54):          beed0940  00086ba3  
I/DEBUG   (   54):          beed0944  14f42474  
I/DEBUG   (   54):          beed0948  beed0968  [stack]
I/DEBUG   (   54):          beed094c  00000000  
I/DEBUG   (   54):          beed0950  00000000  
I/DEBUG   (   54):          beed0954  b6f2035c  
I/DEBUG   (   54):     #01  beed0958  00086ba3  
I/DEBUG   (   54):          beed095c  b6f5a1d0  /system/bin/linker
I/DEBUG   (   54):          beed0960  b6f5a670  /system/bin/linker
I/DEBUG   (   54):          beed0964  b6f4c959  /system/bin/linker
I/DEBUG   (   54):          beed0968  00000000  
I/DEBUG   (   54):          beed096c  b6f5accc  /system/bin/linker
I/DEBUG   (   54):          beed0970  b6f5c000  /data/local/tmp/dexdump
I/DEBUG   (   54):          beed0974  b6f5accc  /system/bin/linker
I/DEBUG   (   54):          beed0978  b6f47004  
I/DEBUG   (   54):          beed097c  b6f5a680  /system/bin/linker
I/DEBUG   (   54):          beed0980  b6f5a678  /system/bin/linker
I/DEBUG   (   54):          beed0984  b6f5d714  /data/local/tmp/dexdump
I/DEBUG   (   54):          beed0988  b6f47004  
I/DEBUG   (   54):          beed098c  b6f4d073  /system/bin/linker
I/DEBUG   (   54):          beed0990  00000000  
I/DEBUG   (   54):          beed0994  00000000  
I/DEBUG   (   54):          ........  ........
I/DEBUG   (   54):     #02  beed0a10  00000000  
I/DEBUG   (   54):          beed0a14  b6f1c1a4  /system/lib/libc.so
I/DEBUG   (   54):          beed0a18  b6f2a2fc  
I/DEBUG   (   54):          beed0a1c  b6f2035c  
I/DEBUG   (   54):          beed0a20  b6f65fee  /data/local/tmp/dexdump
I/DEBUG   (   54):          beed0a24  b6f6af2c  /data/local/tmp/dexdump
I/DEBUG   (   54):          beed0a28  b6f6af2c  /data/local/tmp/dexdump
I/DEBUG   (   54):          beed0a2c  b6f6b424  /data/local/tmp/dexdump
I/DEBUG   (   54):          beed0a30  b6f6b424  /data/local/tmp/dexdump
I/DEBUG   (   54):          beed0a34  b6efa255  /system/lib/libc.so (vfprintf+36)
I/DEBUG   (   54):          beed0a38  b6f1bfd8  /system/lib/libc.so
I/DEBUG   (   54):          beed0a3c  00000002  
I/DEBUG   (   54):          beed0a40  beed0b04  [stack]
I/DEBUG   (   54):          beed0a44  f679b2cd  
I/DEBUG   (   54):          beed0a48  b6f1c058  /system/lib/libc.so
I/DEBUG   (   54):          beed0a4c  00000002  
I/DEBUG   (   54):          ........  ........
I/DEBUG   (   54): 
I/DEBUG   (   54): memory near r0:
I/DEBUG   (   54):     00021d1c ffffffff ffffffff ffffffff ffffffff  
I/DEBUG   (   54):     00021d2c ffffffff ffffffff ffffffff ffffffff  
I/DEBUG   (   54):     00021d3c ffffffff ffffffff ffffffff ffffffff  
I/DEBUG   (   54):     00021d4c ffffffff ffffffff ffffffff ffffffff  
I/DEBUG   (   54):     00021d5c ffffffff ffffffff ffffffff ffffffff  
I/DEBUG   (   54):     00021d6c ffffffff ffffffff ffffffff ffffffff  
I/DEBUG   (   54):     00021d7c ffffffff ffffffff ffffffff ffffffff  
I/DEBUG   (   54):     00021d8c ffffffff ffffffff ffffffff ffffffff  
I/DEBUG   (   54):     00021d9c ffffffff ffffffff ffffffff ffffffff  
I/DEBUG   (   54):     00021dac ffffffff ffffffff ffffffff ffffffff  
I/DEBUG   (   54):     00021dbc ffffffff ffffffff ffffffff ffffffff  
I/DEBUG   (   54):     00021dcc ffffffff ffffffff ffffffff ffffffff  
I/DEBUG   (   54):     00021ddc ffffffff ffffffff ffffffff ffffffff  
I/DEBUG   (   54):     00021dec ffffffff ffffffff ffffffff ffffffff  
I/DEBUG   (   54):     00021dfc ffffffff ffffffff ffffffff ffffffff  
I/DEBUG   (   54):     00021e0c ffffffff ffffffff ffffffff ffffffff  
I/DEBUG   (   54): 
I/DEBUG   (   54): memory near r3:
I/DEBUG   (   54):     b6f42fdc 00000000 00000000 00000000 00000000  
I/DEBUG   (   54):     b6f42fec 00000000 00000000 00000000 00000000  
I/DEBUG   (   54):     b6f42ffc 00000000 00000000 00000000 00000000  
I/DEBUG   (   54):     b6f4300c 00000000 00000000 00000000 00000000  
I/DEBUG   (   54):     b6f4301c 00000000 00000000 00000000 00000000  
I/DEBUG   (   54):     b6f4302c 00000000 00000000 00000000 00000000  
I/DEBUG   (   54):     b6f4303c 00000000 00000000 00000000 00000000  
I/DEBUG   (   54):     b6f4304c 00000000 00000000 00000000 00000000  
I/DEBUG   (   54):     b6f4305c 00000000 00000000 00000000 00000000  
I/DEBUG   (   54):     b6f4306c 00000000 00000000 00000000 00000000  
I/DEBUG   (   54):     b6f4307c 00000000 00000000 00000000 00000000  
I/DEBUG   (   54):     b6f4308c 00000000 00000000 00000000 00000000  
I/DEBUG   (   54):     b6f4309c 00000000 00000000 00000000 00000000  
I/DEBUG   (   54):     b6f430ac 00000000 00000000 00000000 00000000  
I/DEBUG   (   54):     b6f430bc 00000000 00000000 00000000 00000000  
I/DEBUG   (   54):     b6f430cc 00000000 00000000 00000000 00000000  
I/DEBUG   (   54): 
I/DEBUG   (   54): memory near r4:
I/DEBUG   (   54):     00021d1c ffffffff ffffffff ffffffff ffffffff  
I/DEBUG   (   54):     00021d2c ffffffff ffffffff ffffffff ffffffff  
I/DEBUG   (   54):     00021d3c ffffffff ffffffff ffffffff ffffffff  
I/DEBUG   (   54):     00021d4c ffffffff ffffffff ffffffff ffffffff  
I/DEBUG   (   54):     00021d5c ffffffff ffffffff ffffffff ffffffff  
I/DEBUG   (   54):     00021d6c ffffffff ffffffff ffffffff ffffffff  
I/DEBUG   (   54):     00021d7c ffffffff ffffffff ffffffff ffffffff  
I/DEBUG   (   54):     00021d8c ffffffff ffffffff ffffffff ffffffff  
I/DEBUG   (   54):     00021d9c ffffffff ffffffff ffffffff ffffffff  
I/DEBUG   (   54):     00021dac ffffffff ffffffff ffffffff ffffffff  
I/DEBUG   (   54):     00021dbc ffffffff ffffffff ffffffff ffffffff  
I/DEBUG   (   54):     00021dcc ffffffff ffffffff ffffffff ffffffff  
I/DEBUG   (   54):     00021ddc ffffffff ffffffff ffffffff ffffffff  
I/DEBUG   (   54):     00021dec ffffffff ffffffff ffffffff ffffffff  
I/DEBUG   (   54):     00021dfc ffffffff ffffffff ffffffff ffffffff  
I/DEBUG   (   54):     00021e0c ffffffff ffffffff ffffffff ffffffff  
I/DEBUG   (   54): 
I/DEBUG   (   54): memory near r5:
I/DEBUG   (   54):     00021d1c ffffffff ffffffff ffffffff ffffffff  
I/DEBUG   (   54):     00021d2c ffffffff ffffffff ffffffff ffffffff  
I/DEBUG   (   54):     00021d3c ffffffff ffffffff ffffffff ffffffff  
I/DEBUG   (   54):     00021d4c ffffffff ffffffff ffffffff ffffffff  
I/DEBUG   (   54):     00021d5c ffffffff ffffffff ffffffff ffffffff  
I/DEBUG   (   54):     00021d6c ffffffff ffffffff ffffffff ffffffff  
I/DEBUG   (   54):     00021d7c ffffffff ffffffff ffffffff ffffffff  
I/DEBUG   (   54):     00021d8c ffffffff ffffffff ffffffff ffffffff  
I/DEBUG   (   54):     00021d9c ffffffff ffffffff ffffffff ffffffff  
I/DEBUG   (   54):     00021dac ffffffff ffffffff ffffffff ffffffff  
I/DEBUG   (   54):     00021dbc ffffffff ffffffff ffffffff ffffffff  
I/DEBUG   (   54):     00021dcc ffffffff ffffffff ffffffff ffffffff  
I/DEBUG   (   54):     00021ddc ffffffff ffffffff ffffffff ffffffff  
I/DEBUG   (   54):     00021dec ffffffff ffffffff ffffffff ffffffff  
I/DEBUG   (   54):     00021dfc ffffffff ffffffff ffffffff ffffffff  
I/DEBUG   (   54):     00021e0c ffffffff ffffffff ffffffff ffffffff  
I/DEBUG   (   54): 
I/DEBUG   (   54): memory near r6:
I/DEBUG   (   54):     14305600 ffffffff ffffffff ffffffff ffffffff  
I/DEBUG   (   54):     14305610 ffffffff ffffffff ffffffff ffffffff  
I/DEBUG   (   54):     14305620 ffffffff ffffffff ffffffff ffffffff  
I/DEBUG   (   54):     14305630 ffffffff ffffffff ffffffff ffffffff  
I/DEBUG   (   54):     14305640 ffffffff ffffffff ffffffff ffffffff  
I/DEBUG   (   54):     14305650 ffffffff ffffffff ffffffff ffffffff  
I/DEBUG   (   54):     14305660 ffffffff ffffffff ffffffff ffffffff  
I/DEBUG   (   54):     14305670 ffffffff ffffffff ffffffff ffffffff  
I/DEBUG   (   54):     14305680 ffffffff ffffffff ffffffff ffffffff  
I/DEBUG   (   54):     14305690 ffffffff ffffffff ffffffff ffffffff  
I/DEBUG   (   54):     143056a0 ffffffff ffffffff ffffffff ffffffff  
I/DEBUG   (   54):     143056b0 ffffffff ffffffff ffffffff ffffffff  
I/DEBUG   (   54):     143056c0 ffffffff ffffffff ffffffff ffffffff  
I/DEBUG   (   54):     143056d0 ffffffff ffffffff ffffffff ffffffff  
I/DEBUG   (   54):     143056e0 ffffffff ffffffff ffffffff ffffffff  
I/DEBUG   (   54):     143056f0 ffffffff ffffffff ffffffff ffffffff  
I/DEBUG   (   54): 
I/DEBUG   (   54): memory near r7:
I/DEBUG   (   54):     b6f4376c 00000000 00000000 00000000 00000000  
I/DEBUG   (   54):     b6f4377c 00000000 00000000 00000000 00000000  
I/DEBUG   (   54):     b6f4378c 00000000 00000000 00000000 00000000  
I/DEBUG   (   54):     b6f4379c 00000000 00000000 00000000 00000000  
I/DEBUG   (   54):     b6f437ac 00000000 00000000 00000000 00000000  
I/DEBUG   (   54):     b6f437bc 00000000 00000000 00000000 00000000  
I/DEBUG   (   54):     b6f437cc 00000000 00000000 00000000 00000000  
I/DEBUG   (   54):     b6f437dc 00000000 00000000 00000000 00000000  
I/DEBUG   (   54):     b6f437ec 00000000 00000000 00000000 00000000  
I/DEBUG   (   54):     b6f437fc 00000000 00000000 00000000 00000000  
I/DEBUG   (   54):     b6f4380c 00000000 00000000 00000000 00000000  
I/DEBUG   (   54):     b6f4381c 00000000 00000000 00000000 00000000  
I/DEBUG   (   54):     b6f4382c 00000000 00000000 00000000 00000000  
I/DEBUG   (   54):     b6f4383c 00000000 00000000 00000000 00000000  
I/DEBUG   (   54):     b6f4384c 00000000 00000000 00000000 00000000  
I/DEBUG   (   54):     b6f4385c 00000000 00000000 00000000 00000000  
I/DEBUG   (   54): 
I/DEBUG   (   54): memory near r8:
I/DEBUG   (   54):     80078050 ffffffff ffffffff ffffffff ffffffff  
I/DEBUG   (   54):     80078060 ffffffff ffffffff ffffffff ffffffff  
I/DEBUG   (   54):     80078070 ffffffff ffffffff ffffffff ffffffff  
I/DEBUG   (   54):     80078080 ffffffff ffffffff ffffffff ffffffff  
I/DEBUG   (   54):     80078090 ffffffff ffffffff ffffffff ffffffff  
I/DEBUG   (   54):     800780a0 ffffffff ffffffff ffffffff ffffffff  
I/DEBUG   (   54):     800780b0 ffffffff ffffffff ffffffff ffffffff  
I/DEBUG   (   54):     800780c0 ffffffff ffffffff ffffffff ffffffff  
I/DEBUG   (   54):     800780d0 ffffffff ffffffff ffffffff ffffffff  
I/DEBUG   (   54):     800780e0 ffffffff ffffffff ffffffff ffffffff  
I/DEBUG   (   54):     800780f0 ffffffff ffffffff ffffffff ffffffff  
I/DEBUG   (   54):     80078100 ffffffff ffffffff ffffffff ffffffff  
I/DEBUG   (   54):     80078110 ffffffff ffffffff ffffffff ffffffff  
I/DEBUG   (   54):     80078120 ffffffff ffffffff ffffffff ffffffff  
I/DEBUG   (   54):     80078130 ffffffff ffffffff ffffffff ffffffff  
I/DEBUG   (   54):     80078140 ffffffff ffffffff ffffffff ffffffff  
I/DEBUG   (   54): 
I/DEBUG   (   54): memory near sl:
I/DEBUG   (   54):     0000158c ffffffff ffffffff ffffffff ffffffff  
I/DEBUG   (   54):     0000159c ffffffff ffffffff ffffffff ffffffff  
I/DEBUG   (   54):     000015ac ffffffff ffffffff ffffffff ffffffff  
I/DEBUG   (   54):     000015bc ffffffff ffffffff ffffffff ffffffff  
I/DEBUG   (   54):     000015cc ffffffff ffffffff ffffffff ffffffff  
I/DEBUG   (   54):     000015dc ffffffff ffffffff ffffffff ffffffff  
I/DEBUG   (   54):     000015ec ffffffff ffffffff ffffffff ffffffff  
I/DEBUG   (   54):     000015fc ffffffff ffffffff ffffffff ffffffff  
I/DEBUG   (   54):     0000160c ffffffff ffffffff ffffffff ffffffff  
I/DEBUG   (   54):     0000161c ffffffff ffffffff ffffffff ffffffff  
I/DEBUG   (   54):     0000162c ffffffff ffffffff ffffffff ffffffff  
I/DEBUG   (   54):     0000163c ffffffff ffffffff ffffffff ffffffff  
I/DEBUG   (   54):     0000164c ffffffff ffffffff ffffffff ffffffff  
I/DEBUG   (   54):     0000165c ffffffff ffffffff ffffffff ffffffff  
I/DEBUG   (   54):     0000166c ffffffff ffffffff ffffffff ffffffff  
I/DEBUG   (   54):     0000167c ffffffff ffffffff ffffffff ffffffff  
I/DEBUG   (   54): 
I/DEBUG   (   54): memory near sp:
I/DEBUG   (   54):     beed091c b6f4c807 b6eb3f28 b6eb09d1 b6f5a678  
I/DEBUG   (   54):     beed092c b6f55e81 b6f569e8 00000004 b6f55e81  
I/DEBUG   (   54):     beed093c b6e09000 00086ba3 14f42474 beed0968  
I/DEBUG   (   54):     beed094c 00000000 00000000 b6f2035c 00086ba3  
I/DEBUG   (   54):     beed095c b6f5a1d0 b6f5a670 b6f4c959 00000000  
I/DEBUG   (   54):     beed096c b6f5accc b6f5c000 b6f5accc b6f47004  
I/DEBUG   (   54):     beed097c b6f5a680 b6f5a678 b6f5d714 b6f47004  
I/DEBUG   (   54):     beed098c b6f4d073 00000000 00000000 00000000  
I/DEBUG   (   54):     beed099c 00000000 00000000 00000000 00000000  
I/DEBUG   (   54):     beed09ac 00000000 00000000 00000000 00000000  
I/DEBUG   (   54):     beed09bc 00000003 b6e09000 b6ee5b67 00000003  
I/DEBUG   (   54):     beed09cc 00000000 00000003 00000000 00086ba3  
I/DEBUG   (   54):     beed09dc beed0a70 00000003 b6f63cbd 00000003  
I/DEBUG   (   54):     beed09ec 00000000 b6f6af2c beed0a70 beed0c1f  
I/DEBUG   (   54):     beed09fc 00000000 00000000 b6f2035c 00000003  
I/DEBUG   (   54):     beed0a0c b6f5fbf7 00000000 b6f1c1a4 b6f2a2fc  
I/DEBUG   (   54): 
I/DEBUG   (   54): code around pc:
I/DEBUG   (   54):     b6f2ec9c e2877030 e5d34000 e5d39001 e0800004  
I/DEBUG   (   54):     b6f2ecac e5d31002 e0805009 e5d3c003 e0854001  
I/DEBUG   (   54):     b6f2ecbc e5d39004 e0850000 e084c00c e5d35005  
I/DEBUG   (   54):     b6f2eccc e0804004 e08c1009 e084000c e5d39006  
I/DEBUG   (   54):     b6f2ecdc e0815005 e5d34007 e0801001 e0810005  
I/DEBUG   (   54):     b6f2ecec e0859009 e5d3c008 e0894004 e5d31009  
I/DEBUG   (   54):     b6f2ecfc e0809009 e084c00c e5d3500a e0894004  
I/DEBUG   (   54):     b6f2ed0c e08c1001 e084900c e5d3000b e0815005  
I/DEBUG   (   54):     b6f2ed1c e5d3400c e0891001 e0850000 e5d3c00d  
I/DEBUG   (   54):     b6f2ed2c e0815005 e0804004 e5d3100e e0850000  
I/DEBUG   (   54):     b6f2ed3c e084c00c e5d3900f e0804004 e08c1001  
I/DEBUG   (   54):     b6f2ed4c e2833010 e084c00c e0810009 e08c4001  
I/DEBUG   (   54):     b6f2ed5c e1530007 e0841000 e0866001 1affffcc  
I/DEBUG   (   54):     b6f2ed6c e08c4098 e152000a e0814698 e1a0c7ac  
I/DEBUG   (   54):     b6f2ed7c e06c460c e1a017a1 e08cc204 e0614601  
I/DEBUG   (   54):     b6f2ed8c e06c0000 e0811204 e0616006 8affffbc  
I/DEBUG   (   54): 
I/DEBUG   (   54): code around lr:
I/DEBUG   (   54):     b6f633b8 f6bf429d f7ffabde 2000bbd5 46024601  
I/DEBUG   (   54):     b6f633c8 e94af7fa f1046a22 68a6010c f7fa3a0c  
I/DEBUG   (   54):     b6f633d8 42b0e944 f47f4603 1963abd8 4ba0637b  
I/DEBUG   (   54):     b6f633e8 46212000 63f86438 0270f104 447b6478  
I/DEBUG   (   54):     b6f633f8 f10764b8 633c002c f7fd63bd 2800f9cf  
I/DEBUG   (   54):     b6f63408 abcaf47f f8d4e7c2 f1baa034 f47f0f00  
I/DEBUG   (   54):     b6f63418 e7b4ac0b 200c69fd 5308fb00 002cf107  
I/DEBUG   (   54):     b6f63428 4b901d1a f7fd447b 2800f9b9 3510d075  
I/DEBUG   (   54):     b6f63438 627d2300 462e2101 461d4699 6a39e441  
I/DEBUG   (   54):     b6f63448 0302eb09 f67f428a e41aac22 20064986  
I/DEBUG   (   54):     b6f63458 44794a86 e044447a f7fd2002 4228fa2f  
I/DEBUG   (   54):     b6f63468 ac5cf43f 4982e005 4a822006 447a4479  
I/DEBUG   (   54):     b6f63478 2003e037 fa22f7fd f43f4228 e005ac59  
I/DEBUG   (   54):     b6f63488 2006497d 44794a7d e02a447a f7fd2004  
I/DEBUG   (   54):     b6f63498 4228fa15 ac56f43f 4979e005 4a792006  
I/DEBUG   (   54):     b6f634a8 447a4479 2005e01d fa08f7fd f43f4228  
I/DEBUG   (   54): 
I/DEBUG   (   54): memory map around fault addr b6f43000:
I/DEBUG   (   54):     b6f2d000-b6f43000 r-x /system/lib/libz.so
I/DEBUG   (   54):     b6f43000-b6f44000 --- 
I/DEBUG   (   54):     b6f44000-b6f45000 r-- /system/lib/libz.so
I/BootReceiver(  414): Copying /data/tombstones/tombstone_00 to DropBox (SYSTEM_TOMBSTONE)
D/dalvikvm(  606): GC_CONCURRENT freed 339K, 13% free 3509K/4032K, paused 6ms+3ms, total 48ms
