--------- beginning of /dev/log/system
I/Vold    (   51): Vold 2.1 (the revenge) firing up
D/Vold    (   51): Volume sdcard state changing -1 (Initializing) -> 0 (No-Media)
D/Vold    (   51): Volume sdcard state changing 0 (No-Media) -> 1 (Idle-Unmounted)
--------- beginning of /dev/log/main
I/SurfaceFlinger(   56): GL_MAX_TEXTURE_SIZE = 16384
I/SurfaceFlinger(   56): GL_MAX_VIEWPORT_DIMS = 16384
D/SurfaceFlinger(   56): Screen acquired, type=0 flinger=0xb893a450
E/SurfaceFlinger(   56): ro.sf.lcd_density must be defined as a build property
D/libEGL  (   91): loaded /system/lib/egl/libEGL_emulation.so
D/        (   91): HostConnection::get() New Host Connection established 0xb7ab40a8, tid 107
D/libEGL  (   91): loaded /system/lib/egl/libGLESv1_CM_emulation.so
D/libEGL  (   91): loaded /system/lib/egl/libGLESv2_emulation.so
D/        (   56): HostConnection::get() New Host Connection established 0xb8944638, tid 80
I/mediaserver(   59): ServiceManager: 0xb7d50460
I/AudioFlinger(   59): Using default 3000 mSec as standby time.
I/CameraService(   59): CameraService started (pid=59)
D/EmulatedCamera_QemuClient(   59): Emulated camera list: 
I/CameraService(   59): Loaded "Emulated Camera Module" camera module
I/AudioPolicyManagerBase(   59): loadAudioPolicyConfig() loaded /system/etc/audio_policy.conf
I/AudioFlinger(   59): loadHwModule() Loaded primary audio interface from Generic audio HW HAL (audio) handle 1
I/AudioFlinger(   59): HAL output buffer size 1024 frames, normal mix buffer size 1024 frames
D/        (   56): HostConnection::get() New Host Connection established 0xb8944ab0, tid 82
I/AudioMixer(   59): found effect "Multichannel Downmix To Stereo" from The Android Open Source Project
I/AudioFlinger(   59): Using module 1 has the primary audio interface
I/AudioFlinger(   59): AudioFlinger's thread 0xb602d008 ready to run
W/AudioFlinger(   59): Thread AudioOut_2 cannot connect to the power manager service
D/        (   56): HostConnection::get() New Host Connection established 0xb8944768, tid 118
D/AndroidRuntime(   57): 
D/AndroidRuntime(   57): >>>>>> AndroidRuntime START com.android.internal.os.ZygoteInit <<<<<<
D/AndroidRuntime(   57): CheckJNI is ON
E/AudioFlinger(   59): int android::load_audio_interface(const char*, audio_hw_device_t**) couldn't load audio hw module audio.r_submix (No such file or directory)
I/AudioFlinger(   59): loadHwModule() error -2 loading module r_submix 
W/AudioPolicyManagerBase(   59): could not open HW module r_submix
I/AudioPolicyService(   59): Loaded audio policy from LEGACY Audio Policy HAL (audio_policy)
D/dalvikvm(   57): Trying to load lib libjavacore.so 0x0
D/dalvikvm(   57): Added shared lib libjavacore.so 0x0
D/dalvikvm(   57): Trying to load lib libnativehelper.so 0x0
D/dalvikvm(   57): Added shared lib libnativehelper.so 0x0
D/dalvikvm(   57): No JNI_OnLoad found in libnativehelper.so 0x0, skipping init
D/dalvikvm(   57): Note: class Landroid/app/ActivityManagerNative; has 179 unimplemented (abstract) methods
E/memtrack(   57): Couldn't load memtrack module (No such file or directory)
E/android.os.Debug(   57): failed to load memtrack module: -2
I/SamplingProfilerIntegration(   57): Profiling disabled.
I/Zygote  (   57): Preloading classes...
D/dalvikvm(   57): GC_EXPLICIT freed 39K, 8% free 520K/564K, paused 12ms+1ms, total 20ms
D/dalvikvm(   57): GC_EXPLICIT freed 2K, 4% free 594K/616K, paused 2ms+0ms, total 7ms
D/dalvikvm(   57): GC_EXPLICIT freed 16K, 3% free 637K/656K, paused 1ms+11ms, total 17ms
D/dalvikvm(   57): GC_EXPLICIT freed 20K, 4% free 671K/696K, paused 11ms+0ms, total 17ms
D/dalvikvm(   57): GC_EXPLICIT freed 10K, 3% free 715K/732K, paused 1ms+1ms, total 19ms
D/dalvikvm(   57): GC_EXPLICIT freed 27K, 5% free 744K/776K, paused 1ms+1ms, total 28ms
D/dalvikvm(   57): GC_EXPLICIT freed 35K, 5% free 814K/852K, paused 1ms+1ms, total 18ms
D/dalvikvm(   57): GC_EXPLICIT freed 29K, 4% free 841K/872K, paused 1ms+12ms, total 19ms
D/TextLayoutCache(   57): Using debug level = 0 - Debug Enabled = 0
D/dalvikvm(   57): GC_EXPLICIT freed 19K, 3% free 881K/904K, paused 1ms+0ms, total 27ms
I/dalvikvm(   57): threadid=1: recursive native library load attempt (/system/lib/libmedia_jni.so)
D/MtpDeviceJNI(   57): register_android_mtp_MtpDevice
I/dalvikvm(   57): threadid=1: recursive native library load attempt (/system/lib/libmedia_jni.so)
I/dalvikvm(   57): threadid=1: recursive native library load attempt (/system/lib/libmedia_jni.so)
I/dalvikvm(   57): threadid=1: recursive native library load attempt (/system/lib/libmedia_jni.so)
D/dalvikvm(   57): GC_EXPLICIT freed 19K, 3% free 917K/940K, paused 1ms+1ms, total 21ms
D/dalvikvm(   57): GC_EXPLICIT freed 21K, 3% free 953K/976K, paused 1ms+1ms, total 20ms
D/dalvikvm(   57): GC_EXPLICIT freed 14K, 2% free 992K/1008K, paused 1ms+11ms, total 19ms
D/dalvikvm(   57): GC_EXPLICIT freed 28K, 3% free 1018K/1048K, paused 1ms+1ms, total 11ms
D/dalvikvm(   57): GC_EXPLICIT freed 16K, 2% free 1072K/1092K, paused 2ms+1ms, total 37ms
E/EmojiFactory_jni(   57): Failed to load libemoji.so: dlopen failed: library "libemoji.so" not found
D/dalvikvm(   57): GC_EXPLICIT freed 30K, 3% free 1388K/1420K, paused 1ms+1ms, total 24ms
D/dalvikvm(   57): GC_EXPLICIT freed 35K, 3% free 1412K/1452K, paused 2ms+1ms, total 39ms
D/dalvikvm(   57): GC_EXPLICIT freed 30K, 3% free 1437K/1472K, paused 1ms+1ms, total 47ms
D/dalvikvm(   57): GC_EXPLICIT freed 38K, 3% free 1454K/1496K, paused 1ms+2ms, total 25ms
I/LibraryLoader(   57): Loading: webviewchromium
I/LibraryLoader(   57): Time to load native libraries: 520 ms (timestamps 7628-8148)
I/LibraryLoader(   57): Expected native library version number "",actual native library version number ""
D/dalvikvm(   57): GC_EXPLICIT freed 15K, 2% free 1496K/1512K, paused 1ms+1ms, total 46ms
D/dalvikvm(   57): GC_EXPLICIT freed 21K, 2% free 1527K/1552K, paused 12ms+1ms, total 38ms
D/dalvikvm(   57): WAIT_FOR_CONCURRENT_GC blocked 1ms
D/dalvikvm(   57): GC_EXPLICIT freed 86K, 6% free 1578K/1668K, paused 1ms+1ms, total 19ms
D/dalvikvm(   57): GC_EXPLICIT freed 36K, 5% free 1596K/1668K, paused 2ms+1ms, total 39ms
D/dalvikvm(   57): GC_EXPLICIT freed 31K, 3% free 1622K/1668K, paused 2ms+2ms, total 53ms
D/dalvikvm(   57): GC_EXPLICIT freed 19K, 2% free 1684K/1708K, paused 4ms+2ms, total 47ms
D/dalvikvm(   57): GC_EXPLICIT freed 23K, 2% free 1716K/1744K, paused 2ms+5ms, total 97ms
D/dalvikvm(   57): GC_EXPLICIT freed 28K, 2% free 1742K/1776K, paused 2ms+2ms, total 59ms
D/dalvikvm(   57): GC_FOR_ALLOC freed 251K, 12% free 2003K/2256K, paused 92ms, total 93ms
D/dalvikvm(   57): GC_EXPLICIT freed 209K, 10% free 2123K/2340K, paused 32ms+3ms, total 96ms
D/dalvikvm(   57): GC_EXPLICIT freed 35K, 9% free 2142K/2340K, paused 2ms+1ms, total 88ms
D/dalvikvm(   57): GC_EXPLICIT freed 25K, 8% free 2175K/2348K, paused 2ms+2ms, total 87ms
W/Zygote  (   57): Class not found for preloading: java.lang.UnsafeByteSequence
D/dalvikvm(   57): GC_EXPLICIT freed 36K, 7% free 2196K/2348K, paused 3ms+2ms, total 93ms
D/AndroidRuntime(  264): 
D/AndroidRuntime(  264): >>>>>> AndroidRuntime START com.android.internal.os.RuntimeInit <<<<<<
D/AndroidRuntime(  264): CheckJNI is ON
D/dalvikvm(   57): GC_EXPLICIT freed 40K, 6% free 2212K/2348K, paused 3ms+3ms, total 101ms
V/NatController(   53): runCmd(/system/bin/iptables -F natctrl_FORWARD) res=0
D/dalvikvm(  264): Trying to load lib libjavacore.so 0x0
D/dalvikvm(  264): Added shared lib libjavacore.so 0x0
D/dalvikvm(   57): GC_EXPLICIT freed 41K, 6% free 2225K/2348K, paused 3ms+2ms, total 67ms
D/dalvikvm(  264): Trying to load lib libnativehelper.so 0x0
D/dalvikvm(  264): Added shared lib libnativehelper.so 0x0
D/dalvikvm(  264): No JNI_OnLoad found in libnativehelper.so 0x0, skipping init
V/NatController(   53): runCmd(/system/bin/iptables -A natctrl_FORWARD -j DROP) res=0
V/NatController(   53): runCmd(/system/bin/iptables -t nat -F natctrl_nat_POSTROUTING) res=0
V/NatController(   53): runCmd(/system/bin/ip rule flush) res=255
V/NatController(   53): runCmd(/system/bin/ip -6 rule flush) res=255
V/NatController(   53): runCmd(/system/bin/ip rule add from all lookup default prio 32767) res=254
V/NatController(   53): runCmd(/system/bin/ip rule add from all lookup main prio 32766) res=254
D/dalvikvm(  264): Note: class Landroid/app/ActivityManagerNative; has 179 unimplemented (abstract) methods
I/System  (   57): Loaded time zone names for "" in 830ms (799ms in ICU)
V/NatController(   53): runCmd(/system/bin/ip -6 rule add from all lookup default prio 32767) res=254
V/NatController(   53): runCmd(/system/bin/ip -6 rule add from all lookup main prio 32766) res=254
V/NatController(   53): runCmd(/system/bin/ip route flush cache) res=0
V/NatController(   53): runCmd(/system/bin/iptables -F natctrl_tether_counters) res=1
V/NatController(   53): runCmd(/system/bin/iptables -X natctrl_tether_counters) res=1
V/NatController(   53): runCmd(/system/bin/iptables -N natctrl_tether_counters) res=0
I/System  (   57): Loaded time zone names for "en_US" in 692ms (600ms in ICU)
D/dalvikvm(   57): GC_EXPLICIT freed 204K, 9% free 2392K/2616K, paused 3ms+2ms, total 78ms
D/dalvikvm(   57): GC_EXPLICIT freed 14K, 7% free 2456K/2616K, paused 2ms+2ms, total 91ms
D/dalvikvm(   57): GC_EXPLICIT freed 30K, 6% free 2482K/2616K, paused 2ms+2ms, total 99ms
D/dalvikvm(   57): GC_EXPLICIT freed 34K, 5% free 2502K/2616K, paused 2ms+52ms, total 141ms
D/dalvikvm(   57): GC_EXPLICIT freed 32K, 4% free 2523K/2616K, paused 2ms+35ms, total 133ms
E/memtrack(  264): Couldn't load memtrack module (No such file or directory)
E/android.os.Debug(  264): failed to load memtrack module: -2
D/dalvikvm(   57): GC_EXPLICIT freed 29K, 3% free 2549K/2616K, paused 2ms+6ms, total 146ms
I/Zygote  (   57): ...preloaded 2777 classes in 14046ms.
D/AndroidRuntime(  264): Calling main entry com.android.commands.pm.Pm
D/AndroidRuntime(  264): Shutting down VM
D/dalvikvm(  264): GC_CONCURRENT freed 94K, 15% free 556K/652K, paused 2ms+1ms, total 8ms
D/dalvikvm(   57): GC_EXPLICIT freed 18K, 3% free 2551K/2616K, paused 2ms+5ms, total 126ms
I/Zygote  (   57): Preloading resources...
W/Resources(   57): Preloaded drawable resource #0x1080096 (android:drawable/toast_frame) that varies with configuration!!
W/Resources(   57): Preloaded drawable resource #0x1080105 (android:drawable/btn_check_on_pressed_holo_light) that varies with configuration!!
D/dalvikvm(   57): GC_EXPLICIT freed 19K, 3% free 2596K/2672K, paused 4ms+2ms, total 147ms
W/Resources(   57): Preloaded drawable resource #0x1080104 (android:drawable/btn_check_on_pressed_holo_dark) that varies with configuration!!
W/Resources(   57): Preloaded drawable resource #0x1080102 (android:drawable/btn_check_on_holo_light) that varies with configuration!!
W/Resources(   57): Preloaded drawable resource #0x1080101 (android:drawable/btn_check_on_holo_dark) that varies with configuration!!
D/dalvikvm(   57): GC_EXPLICIT freed 88K, 6% free 2560K/2712K, paused 2ms+3ms, total 132ms
W/Resources(   57): Preloaded drawable resource #0x10800ff (android:drawable/btn_check_on_focused_holo_light) that varies with configuration!!
W/Resources(   57): Preloaded drawable resource #0x10800fe (android:drawable/btn_check_on_focused_holo_dark) that varies with configuration!!
W/Resources(   57): Preloaded drawable resource #0x10800fd (android:drawable/btn_check_on_disabled_holo_light) that varies with configuration!!
D/dalvikvm(   57): GC_EXPLICIT freed 53K, 6% free 2561K/2712K, paused 2ms+23ms, total 102ms
W/Resources(   57): Preloaded drawable resource #0x10800fc (android:drawable/btn_check_on_disabled_holo_dark) that varies with configuration!!
W/Resources(   57): Preloaded drawable resource #0x10800fb (android:drawable/btn_check_on_disabled_focused_holo_light) that varies with configuration!!
W/Resources(   57): Preloaded drawable resource #0x10800fa (android:drawable/btn_check_on_disabled_focused_holo_dark) that varies with configuration!!
D/dalvikvm(   57): GC_EXPLICIT freed 53K, 6% free 2561K/2712K, paused 22ms+4ms, total 95ms
W/Resources(   57): Preloaded drawable resource #0x10800f2 (android:drawable/btn_check_off_pressed_holo_light) that varies with configuration!!
W/Resources(   57): Preloaded drawable resource #0x10800f1 (android:drawable/btn_check_off_pressed_holo_dark) that varies with configuration!!
W/Resources(   57): Preloaded drawable resource #0x10800ed (android:drawable/btn_check_off_holo_light) that varies with configuration!!
D/AndroidRuntime(  319): 
D/AndroidRuntime(  319): >>>>>> AndroidRuntime START com.android.internal.os.RuntimeInit <<<<<<
D/dalvikvm(   57): GC_EXPLICIT freed 53K, 6% free 2562K/2712K, paused 3ms+2ms, total 112ms
W/Resources(   57): Preloaded drawable resource #0x10800ec (android:drawable/btn_check_off_holo_dark) that varies with configuration!!
W/Resources(   57): Preloaded drawable resource #0x10800ea (android:drawable/btn_check_off_focused_holo_light) that varies with configuration!!
W/Resources(   57): Preloaded drawable resource #0x10800e9 (android:drawable/btn_check_off_focused_holo_dark) that varies with configuration!!
D/AndroidRuntime(  319): CheckJNI is ON
D/dalvikvm(   57): GC_EXPLICIT freed 53K, 6% free 2563K/2712K, paused 2ms+2ms, total 124ms
W/Resources(   57): Preloaded drawable resource #0x10800e8 (android:drawable/btn_check_off_disabled_holo_light) that varies with configuration!!
W/Resources(   57): Preloaded drawable resource #0x10800e7 (android:drawable/btn_check_off_disabled_holo_dark) that varies with configuration!!
W/Resources(   57): Preloaded drawable resource #0x10800e6 (android:drawable/btn_check_off_disabled_focused_holo_light) that varies with configuration!!
D/dalvikvm(   57): GC_EXPLICIT freed 53K, 6% free 2563K/2712K, paused 2ms+2ms, total 94ms
W/Resources(   57): Preloaded drawable resource #0x10800e5 (android:drawable/btn_check_off_disabled_focused_holo_dark) that varies with configuration!!
W/Resources(   57): Preloaded drawable resource #0x1080102 (android:drawable/btn_check_on_holo_light) that varies with configuration!!
W/Resources(   57): Preloaded drawable resource #0x10800ed (android:drawable/btn_check_off_holo_light) that varies with configuration!!
W/Resources(   57): Preloaded drawable resource #0x1080105 (android:drawable/btn_check_on_pressed_holo_light) that varies with configuration!!
W/Resources(   57): Preloaded drawable resource #0x10800f2 (android:drawable/btn_check_off_pressed_holo_light) that varies with configuration!!
W/Resources(   57): Preloaded drawable resource #0x10800ff (android:drawable/btn_check_on_focused_holo_light) that varies with configuration!!
W/Resources(   57): Preloaded drawable resource #0x10800ea (android:drawable/btn_check_off_focused_holo_light) that varies with configuration!!
D/dalvikvm(  319): Trying to load lib libjavacore.so 0x0
W/Resources(   57): Preloaded drawable resource #0x10800ed (android:drawable/btn_check_off_holo_light) that varies with configuration!!
W/Resources(   57): Preloaded drawable resource #0x1080102 (android:drawable/btn_check_on_holo_light) that varies with configuration!!
W/Resources(   57): Preloaded drawable resource #0x10800fd (android:drawable/btn_check_on_disabled_holo_light) that varies with configuration!!
D/dalvikvm(  319): Added shared lib libjavacore.so 0x0
W/Resources(   57): Preloaded drawable resource #0x10800e8 (android:drawable/btn_check_off_disabled_holo_light) that varies with configuration!!
W/Resources(   57): Preloaded drawable resource #0x10800fb (android:drawable/btn_check_on_disabled_focused_holo_light) that varies with configuration!!
W/Resources(   57): Preloaded drawable resource #0x10800e6 (android:drawable/btn_check_off_disabled_focused_holo_light) that varies with configuration!!
W/Resources(   57): Preloaded drawable resource #0x10800e8 (android:drawable/btn_check_off_disabled_holo_light) that varies with configuration!!
W/Resources(   57): Preloaded drawable resource #0x10800fd (android:drawable/btn_check_on_disabled_holo_light) that varies with configuration!!
D/dalvikvm(  319): Trying to load lib libnativehelper.so 0x0
D/dalvikvm(  319): Added shared lib libnativehelper.so 0x0
D/dalvikvm(  319): No JNI_OnLoad found in libnativehelper.so 0x0, skipping init
W/Resources(   57): Preloaded drawable resource #0x10800dc (android:drawable/btn_check_holo_light) that varies with configuration!!
D/dalvikvm(   57): GC_EXPLICIT freed 264K, 11% free 2568K/2872K, paused 5ms+2ms, total 101ms
W/Resources(   57): Preloaded drawable resource #0x1080101 (android:drawable/btn_check_on_holo_dark) that varies with configuration!!
W/Resources(   57): Preloaded drawable resource #0x10800ec (android:drawable/btn_check_off_holo_dark) that varies with configuration!!
W/Resources(   57): Preloaded drawable resource #0x1080104 (android:drawable/btn_check_on_pressed_holo_dark) that varies with configuration!!
W/Resources(   57): Preloaded drawable resource #0x10800f1 (android:drawable/btn_check_off_pressed_holo_dark) that varies with configuration!!
W/Resources(   57): Preloaded drawable resource #0x10800fe (android:drawable/btn_check_on_focused_holo_dark) that varies with configuration!!
W/Resources(   57): Preloaded drawable resource #0x10800e9 (android:drawable/btn_check_off_focused_holo_dark) that varies with configuration!!
W/Resources(   57): Preloaded drawable resource #0x10800ec (android:drawable/btn_check_off_holo_dark) that varies with configuration!!
W/Resources(   57): Preloaded drawable resource #0x1080101 (android:drawable/btn_check_on_holo_dark) that varies with configuration!!
W/Resources(   57): Preloaded drawable resource #0x10800fc (android:drawable/btn_check_on_disabled_holo_dark) that varies with configuration!!
W/Resources(   57): Preloaded drawable resource #0x10800e7 (android:drawable/btn_check_off_disabled_holo_dark) that varies with configuration!!
W/Resources(   57): Preloaded drawable resource #0x10800fa (android:drawable/btn_check_on_disabled_focused_holo_dark) that varies with configuration!!
W/Resources(   57): Preloaded drawable resource #0x10800e5 (android:drawable/btn_check_off_disabled_focused_holo_dark) that varies with configuration!!
W/Resources(   57): Preloaded drawable resource #0x10800e7 (android:drawable/btn_check_off_disabled_holo_dark) that varies with configuration!!
W/Resources(   57): Preloaded drawable resource #0x10800fc (android:drawable/btn_check_on_disabled_holo_dark) that varies with configuration!!
W/Resources(   57): Preloaded drawable resource #0x10800db (android:drawable/btn_check_holo_dark) that varies with configuration!!
D/dalvikvm(   57): GC_EXPLICIT freed 251K, 11% free 2568K/2872K, paused 3ms+5ms, total 157ms
W/Resources(   57): Preloaded drawable resource #0x1080195 (android:drawable/btn_radio_on_pressed_holo_light) that varies with configuration!!
W/Resources(   57): Preloaded drawable resource #0x1080194 (android:drawable/btn_radio_on_pressed_holo_dark) that varies with configuration!!
W/Resources(   57): Preloaded drawable resource #0x1080192 (android:drawable/btn_radio_on_holo_light) that varies with configuration!!
D/dalvikvm(   57): GC_EXPLICIT freed 56K, 11% free 2565K/2872K, paused 2ms+2ms, total 116ms
W/Resources(   57): Preloaded drawable resource #0x1080191 (android:drawable/btn_radio_on_holo_dark) that varies with configuration!!
W/Resources(   57): Preloaded drawable resource #0x108018f (android:drawable/btn_radio_on_focused_holo_light) that varies with configuration!!
W/Resources(   57): Preloaded drawable resource #0x108018e (android:drawable/btn_radio_on_focused_holo_dark) that varies with configuration!!
D/dalvikvm(  319): Note: class Landroid/app/ActivityManagerNative; has 179 unimplemented (abstract) methods
D/dalvikvm(   57): GC_EXPLICIT freed 53K, 11% free 2566K/2872K, paused 24ms+2ms, total 126ms
W/Resources(   57): Preloaded drawable resource #0x108018d (android:drawable/btn_radio_on_disabled_holo_light) that varies with configuration!!
W/Resources(   57): Preloaded drawable resource #0x108018c (android:drawable/btn_radio_on_disabled_holo_dark) that varies with configuration!!
W/Resources(   57): Preloaded drawable resource #0x108018b (android:drawable/btn_radio_on_disabled_focused_holo_light) that varies with configuration!!
D/dalvikvm(   57): GC_EXPLICIT freed 53K, 11% free 2566K/2872K, paused 2ms+2ms, total 102ms
W/Resources(   57): Preloaded drawable resource #0x108018a (android:drawable/btn_radio_on_disabled_focused_holo_dark) that varies with configuration!!
W/Resources(   57): Preloaded drawable resource #0x1080187 (android:drawable/btn_radio_off_pressed_holo_light) that varies with configuration!!
W/Resources(   57): Preloaded drawable resource #0x1080186 (android:drawable/btn_radio_off_pressed_holo_dark) that varies with configuration!!
D/dalvikvm(   57): GC_EXPLICIT freed 53K, 11% free 2567K/2872K, paused 23ms+22ms, total 114ms
W/Resources(   57): Preloaded drawable resource #0x1080184 (android:drawable/btn_radio_off_holo_light) that varies with configuration!!
W/Resources(   57): Preloaded drawable resource #0x1080183 (android:drawable/btn_radio_off_holo_dark) that varies with configuration!!
W/Resources(   57): Preloaded drawable resource #0x1080181 (android:drawable/btn_radio_off_focused_holo_light) that varies with configuration!!
D/dalvikvm(   57): GC_EXPLICIT freed 53K, 11% free 2567K/2872K, paused 2ms+3ms, total 126ms
W/Resources(   57): Preloaded drawable resource #0x1080180 (android:drawable/btn_radio_off_focused_holo_dark) that varies with configuration!!
W/Resources(   57): Preloaded drawable resource #0x108017f (android:drawable/btn_radio_off_disabled_holo_light) that varies with configuration!!
W/Resources(   57): Preloaded drawable resource #0x108017e (android:drawable/btn_radio_off_disabled_holo_dark) that varies with configuration!!
D/dalvikvm(   57): GC_EXPLICIT freed 53K, 11% free 2568K/2872K, paused 2ms+2ms, total 93ms
W/Resources(   57): Preloaded drawable resource #0x108017d (android:drawable/btn_radio_off_disabled_focused_holo_light) that varies with configuration!!
W/Resources(   57): Preloaded drawable resource #0x108017c (android:drawable/btn_radio_off_disabled_focused_holo_dark) that varies with configuration!!
W/Resources(   57): Preloaded drawable resource #0x1080128 (android:drawable/btn_default_pressed_holo_light) that varies with configuration!!
D/dalvikvm(   57): GC_EXPLICIT freed 37K, 11% free 2582K/2872K, paused 2ms+3ms, total 103ms
W/Resources(   57): Preloaded drawable resource #0x1080127 (android:drawable/btn_default_pressed_holo_dark) that varies with configuration!!
W/Resources(   57): Preloaded drawable resource #0x1080124 (android:drawable/btn_default_normal_holo_light) that varies with configuration!!
W/Resources(   57): Preloaded drawable resource #0x1080123 (android:drawable/btn_default_normal_holo_dark) that varies with configuration!!
W/Resources(   57): Preloaded drawable resource #0x108011c (android:drawable/btn_default_focused_holo_light) that varies with configuration!!
D/dalvikvm(   57): GC_EXPLICIT freed 19K, 9% free 2622K/2872K, paused 3ms+23ms, total 116ms
W/Resources(   57): Preloaded drawable resource #0x108011b (android:drawable/btn_default_focused_holo_dark) that varies with configuration!!
W/Resources(   57): Preloaded drawable resource #0x1080119 (android:drawable/btn_default_disabled_holo_light) that varies with configuration!!
W/Resources(   57): Preloaded drawable resource #0x1080118 (android:drawable/btn_default_disabled_holo_dark) that varies with configuration!!
W/Resources(   57): Preloaded drawable resource #0x1080116 (android:drawable/btn_default_disabled_focused_holo_light) that varies with configuration!!
D/dalvikvm(   57): GC_EXPLICIT freed 59K, 9% free 2623K/2872K, paused 2ms+2ms, total 117ms
W/Resources(   57): Preloaded drawable resource #0x1080115 (android:drawable/btn_default_disabled_focused_holo_dark) that varies with configuration!!
W/Resources(   57): Preloaded drawable resource #0x1080123 (android:drawable/btn_default_normal_holo_dark) that varies with configuration!!
W/Resources(   57): Preloaded drawable resource #0x1080118 (android:drawable/btn_default_disabled_holo_dark) that varies with configuration!!
W/Resources(   57): Preloaded drawable resource #0x1080127 (android:drawable/btn_default_pressed_holo_dark) that varies with configuration!!
W/Resources(   57): Preloaded drawable resource #0x108011b (android:drawable/btn_default_focused_holo_dark) that varies with configuration!!
W/Resources(   57): Preloaded drawable resource #0x1080123 (android:drawable/btn_default_normal_holo_dark) that varies with configuration!!
W/Resources(   57): Preloaded drawable resource #0x1080115 (android:drawable/btn_default_disabled_focused_holo_dark) that varies with configuration!!
W/Resources(   57): Preloaded drawable resource #0x1080118 (android:drawable/btn_default_disabled_holo_dark) that varies with configuration!!
W/Resources(   57): Preloaded drawable resource #0x108011d (android:drawable/btn_default_holo_dark) that varies with configuration!!
D/dalvikvm(   57): GC_EXPLICIT freed 66K, 7% free 2677K/2872K, paused 2ms+2ms, total 116ms
W/Resources(   57): Preloaded drawable resource #0x1080124 (android:drawable/btn_default_normal_holo_light) that varies with configuration!!
W/Resources(   57): Preloaded drawable resource #0x1080119 (android:drawable/btn_default_disabled_holo_light) that varies with configuration!!
W/Resources(   57): Preloaded drawable resource #0x1080128 (android:drawable/btn_default_pressed_holo_light) that varies with configuration!!
W/Resources(   57): Preloaded drawable resource #0x108011c (android:drawable/btn_default_focused_holo_light) that varies with configuration!!
W/Resources(   57): Preloaded drawable resource #0x1080124 (android:drawable/btn_default_normal_holo_light) that varies with configuration!!
W/Resources(   57): Preloaded drawable resource #0x1080116 (android:drawable/btn_default_disabled_focused_holo_light) that varies with configuration!!
W/Resources(   57): Preloaded drawable resource #0x1080119 (android:drawable/btn_default_disabled_holo_light) that varies with configuration!!
W/Resources(   57): Preloaded drawable resource #0x108011e (android:drawable/btn_default_holo_light) that varies with configuration!!
D/dalvikvm(   57): GC_EXPLICIT freed 119K, 8% free 2664K/2872K, paused 3ms+2ms, total 116ms
W/Resources(   57): Preloaded drawable resource #0x10801d1 (android:drawable/btn_star_off_normal_holo_light) that varies with configuration!!
W/Resources(   57): Preloaded drawable resource #0x10801db (android:drawable/btn_star_on_normal_holo_light) that varies with configuration!!
W/Resources(   57): Preloaded drawable resource #0x10801d7 (android:drawable/btn_star_on_disabled_holo_light) that varies with configuration!!
E/memtrack(  319): Couldn't load memtrack module (No such file or directory)
E/android.os.Debug(  319): failed to load memtrack module: -2
D/dalvikvm(   57): GC_EXPLICIT freed 146K, 11% free 2571K/2872K, paused 2ms+22ms, total 132ms
W/Resources(   57): Preloaded drawable resource #0x10801cd (android:drawable/btn_star_off_disabled_holo_light) that varies with configuration!!
W/Resources(   57): Preloaded drawable resource #0x10801dd (android:drawable/btn_star_on_pressed_holo_light) that varies with configuration!!
W/Resources(   57): Preloaded drawable resource #0x10801d3 (android:drawable/btn_star_off_pressed_holo_light) that varies with configuration!!
D/dalvikvm(   57): GC_EXPLICIT freed 53K, 11% free 2572K/2872K, paused 3ms+6ms, total 94ms
W/Resources(   57): Preloaded drawable resource #0x10801d9 (android:drawable/btn_star_on_focused_holo_light) that varies with configuration!!
W/Resources(   57): Preloaded drawable resource #0x10801cf (android:drawable/btn_star_off_focused_holo_light) that varies with configuration!!
W/Resources(   57): Preloaded drawable resource #0x10801d5 (android:drawable/btn_star_on_disabled_focused_holo_light) that varies with configuration!!
D/dalvikvm(   57): GC_EXPLICIT freed 53K, 11% free 2573K/2872K, paused 2ms+2ms, total 100ms
W/Resources(   57): Preloaded drawable resource #0x10801cb (android:drawable/btn_star_off_disabled_focused_holo_light) that varies with configuration!!
W/Resources(   57): Preloaded drawable resource #0x10801d1 (android:drawable/btn_star_off_normal_holo_light) that varies with configuration!!
W/Resources(   57): Preloaded drawable resource #0x10801db (android:drawable/btn_star_on_normal_holo_light) that varies with configuration!!
W/Resources(   57): Preloaded drawable resource #0x10801d7 (android:drawable/btn_star_on_disabled_holo_light) that varies with configuration!!
W/Resources(   57): Preloaded drawable resource #0x10801cd (android:drawable/btn_star_off_disabled_holo_light) that varies with configuration!!
W/Resources(   57): Preloaded drawable resource #0x10801dd (android:drawable/btn_star_on_pressed_holo_light) that varies with configuration!!
W/Resources(   57): Preloaded drawable resource #0x10801d3 (android:drawable/btn_star_off_pressed_holo_light) that varies with configuration!!
W/Resources(   57): Preloaded drawable resource #0x10801d9 (android:drawable/btn_star_on_focused_holo_light) that varies with configuration!!
W/Resources(   57): Preloaded drawable resource #0x10801cf (android:drawable/btn_star_off_focused_holo_light) that varies with configuration!!
W/Resources(   57): Preloaded drawable resource #0x10801d5 (android:drawable/btn_star_on_disabled_focused_holo_light) that varies with configuration!!
W/Resources(   57): Preloaded drawable resource #0x10801d7 (android:drawable/btn_star_on_disabled_holo_light) that varies with configuration!!
W/Resources(   57): Preloaded drawable resource #0x10801cb (android:drawable/btn_star_off_disabled_focused_holo_light) that varies with configuration!!
W/Resources(   57): Preloaded drawable resource #0x10801cd (android:drawable/btn_star_off_disabled_holo_light) that varies with configuration!!
W/Resources(   57): Preloaded drawable resource #0x10801d1 (android:drawable/btn_star_off_normal_holo_light) that varies with configuration!!
W/Resources(   57): Preloaded drawable resource #0x10801db (android:drawable/btn_star_on_normal_holo_light) that varies with configuration!!
W/Resources(   57): Preloaded drawable resource #0x10801c8 (android:drawable/btn_star_holo_light) that varies with configuration!!
D/dalvikvm(   57): GC_EXPLICIT freed 265K, 11% free 2577K/2872K, paused 2ms+2ms, total 120ms
W/Resources(   57): Preloaded drawable resource #0x10801d0 (android:drawable/btn_star_off_normal_holo_dark) that varies with configuration!!
W/Resources(   57): Preloaded drawable resource #0x10801da (android:drawable/btn_star_on_normal_holo_dark) that varies with configuration!!
W/Resources(   57): Preloaded drawable resource #0x10801d6 (android:drawable/btn_star_on_disabled_holo_dark) that varies with configuration!!
D/AndroidRuntime(  319): Calling main entry com.android.commands.pm.Pm
D/dalvikvm(   57): GC_EXPLICIT freed 56K, 11% free 2574K/2872K, paused 22ms+23ms, total 125ms
W/Resources(   57): Preloaded drawable resource #0x10801cc (android:drawable/btn_star_off_disabled_holo_dark) that varies with configuration!!
W/Resources(   57): Preloaded drawable resource #0x10801dc (android:drawable/btn_star_on_pressed_holo_dark) that varies with configuration!!
W/Resources(   57): Preloaded drawable resource #0x10801d2 (android:drawable/btn_star_off_pressed_holo_dark) that varies with configuration!!
D/AndroidRuntime(  319): Shutting down VM
D/dalvikvm(  319): GC_CONCURRENT freed 94K, 15% free 555K/652K, paused 1ms+2ms, total 22ms
D/dalvikvm(   57): GC_EXPLICIT freed 53K, 11% free 2574K/2872K, paused 27ms+2ms, total 124ms
W/Resources(   57): Preloaded drawable resource #0x10801d8 (android:drawable/btn_star_on_focused_holo_dark) that varies with configuration!!
W/Resources(   57): Preloaded drawable resource #0x10801ce (android:drawable/btn_star_off_focused_holo_dark) that varies with configuration!!
W/Resources(   57): Preloaded drawable resource #0x10801d4 (android:drawable/btn_star_on_disabled_focused_holo_dark) that varies with configuration!!
D/dalvikvm(   57): GC_EXPLICIT freed 53K, 11% free 2574K/2872K, paused 14ms+13ms, total 73ms
W/Resources(   57): Preloaded drawable resource #0x10801ca (android:drawable/btn_star_off_disabled_focused_holo_dark) that varies with configuration!!
W/Resources(   57): Preloaded drawable resource #0x10801d0 (android:drawable/btn_star_off_normal_holo_dark) that varies with configuration!!
W/Resources(   57): Preloaded drawable resource #0x10801da (android:drawable/btn_star_on_normal_holo_dark) that varies with configuration!!
W/Resources(   57): Preloaded drawable resource #0x10801d6 (android:drawable/btn_star_on_disabled_holo_dark) that varies with configuration!!
W/Resources(   57): Preloaded drawable resource #0x10801cc (android:drawable/btn_star_off_disabled_holo_dark) that varies with configuration!!
W/Resources(   57): Preloaded drawable resource #0x10801dc (android:drawable/btn_star_on_pressed_holo_dark) that varies with configuration!!
W/Resources(   57): Preloaded drawable resource #0x10801d2 (android:drawable/btn_star_off_pressed_holo_dark) that varies with configuration!!
W/Resources(   57): Preloaded drawable resource #0x10801d8 (android:drawable/btn_star_on_focused_holo_dark) that varies with configuration!!
W/Resources(   57): Preloaded drawable resource #0x10801ce (android:drawable/btn_star_off_focused_holo_dark) that varies with configuration!!
W/Resources(   57): Preloaded drawable resource #0x10801d4 (android:drawable/btn_star_on_disabled_focused_holo_dark) that varies with configuration!!
W/Resources(   57): Preloaded drawable resource #0x10801d6 (android:drawable/btn_star_on_disabled_holo_dark) that varies with configuration!!
W/Resources(   57): Preloaded drawable resource #0x10801ca (android:drawable/btn_star_off_disabled_focused_holo_dark) that varies with configuration!!
W/Resources(   57): Preloaded drawable resource #0x10801cc (android:drawable/btn_star_off_disabled_holo_dark) that varies with configuration!!
W/Resources(   57): Preloaded drawable resource #0x10801d0 (android:drawable/btn_star_off_normal_holo_dark) that varies with configuration!!
W/Resources(   57): Preloaded drawable resource #0x10801da (android:drawable/btn_star_on_normal_holo_dark) that varies with configuration!!
W/Resources(   57): Preloaded drawable resource #0x10801c7 (android:drawable/btn_star_holo_dark) that varies with configuration!!
D/dalvikvm(   57): GC_EXPLICIT freed 264K, 11% free 2579K/2872K, paused 23ms+2ms, total 111ms
W/Resources(   57): Preloaded drawable resource #0x10801f7 (android:drawable/btn_toggle_on_pressed_holo_light) that varies with configuration!!
W/Resources(   57): Preloaded drawable resource #0x10801f6 (android:drawable/btn_toggle_on_pressed_holo_dark) that varies with configuration!!
W/Resources(   57): Preloaded drawable resource #0x10801f5 (android:drawable/btn_toggle_on_normal_holo_light) that varies with configuration!!
W/Resources(   57): Preloaded drawable resource #0x10801f4 (android:drawable/btn_toggle_on_normal_holo_dark) that varies with configuration!!
D/dalvikvm(   57): GC_EXPLICIT freed 10K, 9% free 2629K/2872K, paused 2ms+2ms, total 104ms
W/Resources(   57): Preloaded drawable resource #0x10801f3 (android:drawable/btn_toggle_on_focused_holo_light) that varies with configuration!!
W/Resources(   57): Preloaded drawable resource #0x10801f2 (android:drawable/btn_toggle_on_focused_holo_dark) that varies with configuration!!
W/Resources(   57): Preloaded drawable resource #0x10801f1 (android:drawable/btn_toggle_on_disabled_holo_light) that varies with configuration!!
W/Resources(   57): Preloaded drawable resource #0x10801f0 (android:drawable/btn_toggle_on_disabled_holo_dark) that varies with configuration!!
D/dalvikvm(   57): GC_EXPLICIT freed 59K, 9% free 2629K/2872K, paused 3ms+2ms, total 122ms
W/Resources(   57): Preloaded drawable resource #0x10801ef (android:drawable/btn_toggle_on_disabled_focused_holo_light) that varies with configuration!!
W/Resources(   57): Preloaded drawable resource #0x10801ee (android:drawable/btn_toggle_on_disabled_focused_holo_dark) that varies with configuration!!
W/Resources(   57): Preloaded drawable resource #0x10801ec (android:drawable/btn_toggle_off_pressed_holo_light) that varies with configuration!!
W/Resources(   57): Preloaded drawable resource #0x10801eb (android:drawable/btn_toggle_off_pressed_holo_dark) that varies with configuration!!
D/dalvikvm(   57): GC_EXPLICIT freed 59K, 9% free 2630K/2872K, paused 2ms+2ms, total 92ms
W/Resources(   57): Preloaded drawable resource #0x10801ea (android:drawable/btn_toggle_off_normal_holo_light) that varies with configuration!!
W/Resources(   57): Preloaded drawable resource #0x10801e9 (android:drawable/btn_toggle_off_normal_holo_dark) that varies with configuration!!
W/Resources(   57): Preloaded drawable resource #0x10801e8 (android:drawable/btn_toggle_off_focused_holo_light) that varies with configuration!!
W/Resources(   57): Preloaded drawable resource #0x10801e7 (android:drawable/btn_toggle_off_focused_holo_dark) that varies with configuration!!
D/dalvikvm(   57): GC_EXPLICIT freed 59K, 9% free 2631K/2872K, paused 2ms+22ms, total 126ms
W/Resources(   57): Preloaded drawable resource #0x10801e6 (android:drawable/btn_toggle_off_disabled_holo_light) that varies with configuration!!
W/Resources(   57): Preloaded drawable resource #0x10801e5 (android:drawable/btn_toggle_off_disabled_holo_dark) that varies with configuration!!
W/Resources(   57): Preloaded drawable resource #0x10801e4 (android:drawable/btn_toggle_off_disabled_focused_holo_light) that varies with configuration!!
W/Resources(   57): Preloaded drawable resource #0x10801e3 (android:drawable/btn_toggle_off_disabled_focused_holo_dark) that varies with configuration!!
D/dalvikvm(   57): GC_EXPLICIT freed 59K, 9% free 2631K/2872K, paused 2ms+2ms, total 74ms
W/Resources(   57): Preloaded drawable resource #0x10801f5 (android:drawable/btn_toggle_on_normal_holo_light) that varies with configuration!!
W/Resources(   57): Preloaded drawable resource #0x10801f1 (android:drawable/btn_toggle_on_disabled_holo_light) that varies with configuration!!
W/Resources(   57): Preloaded drawable resource #0x10801f7 (android:drawable/btn_toggle_on_pressed_holo_light) that varies with configuration!!
W/Resources(   57): Preloaded drawable resource #0x10801f3 (android:drawable/btn_toggle_on_focused_holo_light) that varies with configuration!!
W/Resources(   57): Preloaded drawable resource #0x10801f5 (android:drawable/btn_toggle_on_normal_holo_light) that varies with configuration!!
W/Resources(   57): Preloaded drawable resource #0x10801ef (android:drawable/btn_toggle_on_disabled_focused_holo_light) that varies with configuration!!
W/Resources(   57): Preloaded drawable resource #0x10801f1 (android:drawable/btn_toggle_on_disabled_holo_light) that varies with configuration!!
W/Resources(   57): Preloaded drawable resource #0x10801ea (android:drawable/btn_toggle_off_normal_holo_light) that varies with configuration!!
W/Resources(   57): Preloaded drawable resource #0x10801e6 (android:drawable/btn_toggle_off_disabled_holo_light) that varies with configuration!!
W/Resources(   57): Preloaded drawable resource #0x10801ec (android:drawable/btn_toggle_off_pressed_holo_light) that varies with configuration!!
W/Resources(   57): Preloaded drawable resource #0x10801e8 (android:drawable/btn_toggle_off_focused_holo_light) that varies with configuration!!
W/Resources(   57): Preloaded drawable resource #0x10801ea (android:drawable/btn_toggle_off_normal_holo_light) that varies with configuration!!
W/Resources(   57): Preloaded drawable resource #0x10801e4 (android:drawable/btn_toggle_off_disabled_focused_holo_light) that varies with configuration!!
W/Resources(   57): Preloaded drawable resource #0x10801e6 (android:drawable/btn_toggle_off_disabled_holo_light) that varies with configuration!!
W/Resources(   57): Preloaded drawable resource #0x10801e1 (android:drawable/btn_toggle_holo_light) that varies with configuration!!
D/MDnsDS  (   53): MDnsSdListener::Hander starting up
D/MDnsDS  (   53): MDnsSdListener starting to monitor
D/MDnsDS  (   53): Going to poll with pollCount 1
D/dalvikvm(   57): GC_EXPLICIT freed 76K, 4% free 2767K/2872K, paused 23ms+3ms, total 103ms
W/Resources(   57): Preloaded drawable resource #0x10801f4 (android:drawable/btn_toggle_on_normal_holo_dark) that varies with configuration!!
W/Resources(   57): Preloaded drawable resource #0x10801f0 (android:drawable/btn_toggle_on_disabled_holo_dark) that varies with configuration!!
W/Resources(   57): Preloaded drawable resource #0x10801f6 (android:drawable/btn_toggle_on_pressed_holo_dark) that varies with configuration!!
W/Resources(   57): Preloaded drawable resource #0x10801f2 (android:drawable/btn_toggle_on_focused_holo_dark) that varies with configuration!!
W/Resources(   57): Preloaded drawable resource #0x10801f4 (android:drawable/btn_toggle_on_normal_holo_dark) that varies with configuration!!
W/Resources(   57): Preloaded drawable resource #0x10801ee (android:drawable/btn_toggle_on_disabled_focused_holo_dark) that varies with configuration!!
W/Resources(   57): Preloaded drawable resource #0x10801f0 (android:drawable/btn_toggle_on_disabled_holo_dark) that varies with configuration!!
W/Resources(   57): Preloaded drawable resource #0x10801e9 (android:drawable/btn_toggle_off_normal_holo_dark) that varies with configuration!!
W/Resources(   57): Preloaded drawable resource #0x10801e5 (android:drawable/btn_toggle_off_disabled_holo_dark) that varies with configuration!!
W/Resources(   57): Preloaded drawable resource #0x10801eb (android:drawable/btn_toggle_off_pressed_holo_dark) that varies with configuration!!
W/Resources(   57): Preloaded drawable resource #0x10801e7 (android:drawable/btn_toggle_off_focused_holo_dark) that varies with configuration!!
W/Resources(   57): Preloaded drawable resource #0x10801e9 (android:drawable/btn_toggle_off_normal_holo_dark) that varies with configuration!!
W/Resources(   57): Preloaded drawable resource #0x10801e3 (android:drawable/btn_toggle_off_disabled_focused_holo_dark) that varies with configuration!!
W/Resources(   57): Preloaded drawable resource #0x10801e5 (android:drawable/btn_toggle_off_disabled_holo_dark) that varies with configuration!!
W/Resources(   57): Preloaded drawable resource #0x10801e0 (android:drawable/btn_toggle_holo_dark) that varies with configuration!!
D/dalvikvm(   57): GC_EXPLICIT freed 211K, 8% free 2767K/3000K, paused 2ms+13ms, total 81ms
W/Resources(   57): Preloaded drawable resource #0x108064c (android:drawable/textfield_multiline_default_holo_light) that varies with configuration!!
W/Resources(   57): Preloaded drawable resource #0x1080650 (android:drawable/textfield_multiline_disabled_holo_light) that varies with configuration!!
W/Resources(   57): Preloaded drawable resource #0x108064a (android:drawable/textfield_multiline_activated_holo_light) that varies with configuration!!
W/Resources(   57): Preloaded drawable resource #0x1080652 (android:drawable/textfield_multiline_focused_holo_light) that varies with configuration!!
W/Resources(   57): Preloaded drawable resource #0x108064c (android:drawable/textfield_multiline_default_holo_light) that varies with configuration!!
W/Resources(   57): Preloaded drawable resource #0x108064e (android:drawable/textfield_multiline_disabled_focused_holo_light) that varies with configuration!!
W/Resources(   57): Preloaded drawable resource #0x1080650 (android:drawable/textfield_multiline_disabled_holo_light) that varies with configuration!!
W/Resources(   57): Preloaded drawable resource #0x108063f (android:drawable/textfield_default_holo_light) that varies with configuration!!
D/AndroidRuntime(  374): 
D/AndroidRuntime(  374): >>>>>> AndroidRuntime START com.android.internal.os.RuntimeInit <<<<<<
W/Resources(   57): Preloaded drawable resource #0x1080644 (android:drawable/textfield_disabled_holo_light) that varies with configuration!!
W/Resources(   57): Preloaded drawable resource #0x1080637 (android:drawable/textfield_activated_holo_light) that varies with configuration!!
W/Resources(   57): Preloaded drawable resource #0x1080647 (android:drawable/textfield_focused_holo_light) that varies with configuration!!
D/AndroidRuntime(  374): CheckJNI is ON
W/Resources(   57): Preloaded drawable resource #0x108063f (android:drawable/textfield_default_holo_light) that varies with configuration!!
W/Resources(   57): Preloaded drawable resource #0x1080642 (android:drawable/textfield_disabled_focused_holo_light) that varies with configuration!!
W/Resources(   57): Preloaded drawable resource #0x1080644 (android:drawable/textfield_disabled_holo_light) that varies with configuration!!
W/Resources(   57): Preloaded drawable resource #0x1080258 (android:drawable/edit_text_holo_light) that varies with configuration!!
D/dalvikvm(   57): GC_EXPLICIT freed 211K, 8% free 2768K/3000K, paused 2ms+2ms, total 62ms
W/Resources(   57): Preloaded drawable resource #0x108064b (android:drawable/textfield_multiline_default_holo_dark) that varies with configuration!!
W/Resources(   57): Preloaded drawable resource #0x108064f (android:drawable/textfield_multiline_disabled_holo_dark) that varies with configuration!!
W/Resources(   57): Preloaded drawable resource #0x1080649 (android:drawable/textfield_multiline_activated_holo_dark) that varies with configuration!!
W/Resources(   57): Preloaded drawable resource #0x1080651 (android:drawable/textfield_multiline_focused_holo_dark) that varies with configuration!!
W/Resources(   57): Preloaded drawable resource #0x108064b (android:drawable/textfield_multiline_default_holo_dark) that varies with configuration!!
W/Resources(   57): Preloaded drawable resource #0x108064d (android:drawable/textfield_multiline_disabled_focused_holo_dark) that varies with configuration!!
W/Resources(   57): Preloaded drawable resource #0x108064f (android:drawable/textfield_multiline_disabled_holo_dark) that varies with configuration!!
W/Resources(   57): Preloaded drawable resource #0x108063e (android:drawable/textfield_default_holo_dark) that varies with configuration!!
D/dalvikvm(  374): Trying to load lib libjavacore.so 0x0
W/Resources(   57): Preloaded drawable resource #0x1080643 (android:drawable/textfield_disabled_holo_dark) that varies with configuration!!
W/Resources(   57): Preloaded drawable resource #0x1080636 (android:drawable/textfield_activated_holo_dark) that varies with configuration!!
W/Resources(   57): Preloaded drawable resource #0x1080646 (android:drawable/textfield_focused_holo_dark) that varies with configuration!!
W/Resources(   57): Preloaded drawable resource #0x108063e (android:drawable/textfield_default_holo_dark) that varies with configuration!!
W/Resources(   57): Preloaded drawable resource #0x1080641 (android:drawable/textfield_disabled_focused_holo_dark) that varies with configuration!!
W/Resources(   57): Preloaded drawable resource #0x1080643 (android:drawable/textfield_disabled_holo_dark) that varies with configuration!!
W/Resources(   57): Preloaded drawable resource #0x1080257 (android:drawable/edit_text_holo_dark) that varies with configuration!!
D/dalvikvm(  374): Added shared lib libjavacore.so 0x0
D/dalvikvm(  374): Trying to load lib libnativehelper.so 0x0
D/dalvikvm(  374): Added shared lib libnativehelper.so 0x0
D/dalvikvm(  374): No JNI_OnLoad found in libnativehelper.so 0x0, skipping init
D/dalvikvm(   57): GC_EXPLICIT freed 210K, 8% free 2770K/3000K, paused 2ms+17ms, total 64ms
W/Resources(   57): Preloaded drawable resource #0x1080633 (android:drawable/text_select_handle_left) that varies with configuration!!
W/Resources(   57): Preloaded drawable resource #0x1080635 (android:drawable/text_select_handle_right) that varies with configuration!!
D/dalvikvm(   57): GC_EXPLICIT freed 276K, 14% free 2584K/3000K, paused 2ms+2ms, total 61ms
W/Resources(   57): Preloaded drawable resource #0x1080630 (android:drawable/text_edit_paste_window) that varies with configuration!!
W/Resources(   57): Preloaded drawable resource #0x108026d (android:drawable/expander_close_holo_dark) that varies with configuration!!
W/Resources(   57): Preloaded drawable resource #0x108026e (android:drawable/expander_close_holo_light) that varies with configuration!!
D/dalvikvm(   57): GC_EXPLICIT freed 5K, 13% free 2630K/3000K, paused 12ms+2ms, total 78ms
W/Resources(   57): Preloaded drawable resource #0x108026d (android:drawable/expander_close_holo_dark) that varies with configuration!!
W/Resources(   57): Preloaded drawable resource #0x1080274 (android:drawable/expander_open_holo_dark) that varies with configuration!!
W/Resources(   57): Preloaded drawable resource #0x1080270 (android:drawable/expander_group_holo_dark) that varies with configuration!!
W/Resources(   57): Preloaded drawable resource #0x108026e (android:drawable/expander_close_holo_light) that varies with configuration!!
W/Resources(   57): Preloaded drawable resource #0x1080275 (android:drawable/expander_open_holo_light) that varies with configuration!!
W/Resources(   57): Preloaded drawable resource #0x1080271 (android:drawable/expander_group_holo_light) that varies with configuration!!
D/dalvikvm(   57): GC_EXPLICIT freed 54K, 12% free 2650K/3000K, paused 13ms+2ms, total 97ms
W/Resources(   57): Preloaded drawable resource #0x108041d (android:drawable/list_selector_disabled_holo_dark) that varies with configuration!!
W/Resources(   57): Preloaded drawable resource #0x108041d (android:drawable/list_selector_disabled_holo_dark) that varies with configuration!!
W/Resources(   57): Preloaded drawable resource #0x10803fe (android:drawable/list_pressed_holo_dark) that varies with configuration!!
W/Resources(   57): Preloaded drawable resource #0x10803fc (android:drawable/list_longpressed_holo_dark) that varies with configuration!!
